<?xml version="1.0" encoding="UTF-8" ?>
<testsuites name="vitest tests" tests="1314" failures="1122" errors="0" time="4.925">
    <testsuite name="test/a-plus.spec.ts" timestamp="2024-06-13T04:19:03.713Z" hostname="NUC-12700H" tests="1314" failures="1122" errors="0" skipped="0" time="0.107">
        <testcase classname="test/a-plus.spec.ts" name="2.2.1: Both `onFulfilled` and `onRejected` are optional arguments. &gt; 2.2.1.1: If `onFulfilled` is not a function, it must be ignored. &gt; applied to a directly-rejected promise &gt; `onFulfilled` is `undefined` &gt; undefined" time="0">
        </testcase>
        <testcase classname="test/a-plus.spec.ts" name="2.2.1: Both `onFulfilled` and `onRejected` are optional arguments. &gt; 2.2.1.1: If `onFulfilled` is not a function, it must be ignored. &gt; applied to a directly-rejected promise &gt; `onFulfilled` is `null` &gt; undefined" time="0">
        </testcase>
        <testcase classname="test/a-plus.spec.ts" name="2.2.1: Both `onFulfilled` and `onRejected` are optional arguments. &gt; 2.2.1.1: If `onFulfilled` is not a function, it must be ignored. &gt; applied to a directly-rejected promise &gt; `onFulfilled` is `false` &gt; undefined" time="0">
        </testcase>
        <testcase classname="test/a-plus.spec.ts" name="2.2.1: Both `onFulfilled` and `onRejected` are optional arguments. &gt; 2.2.1.1: If `onFulfilled` is not a function, it must be ignored. &gt; applied to a directly-rejected promise &gt; `onFulfilled` is `5` &gt; undefined" time="0">
        </testcase>
        <testcase classname="test/a-plus.spec.ts" name="2.2.1: Both `onFulfilled` and `onRejected` are optional arguments. &gt; 2.2.1.1: If `onFulfilled` is not a function, it must be ignored. &gt; applied to a directly-rejected promise &gt; `onFulfilled` is an object &gt; undefined" time="0">
        </testcase>
        <testcase classname="test/a-plus.spec.ts" name="2.2.1: Both `onFulfilled` and `onRejected` are optional arguments. &gt; 2.2.1.1: If `onFulfilled` is not a function, it must be ignored. &gt; applied to a promise rejected and then chained off of &gt; `onFulfilled` is `undefined` &gt; undefined" time="0">
        </testcase>
        <testcase classname="test/a-plus.spec.ts" name="2.2.1: Both `onFulfilled` and `onRejected` are optional arguments. &gt; 2.2.1.1: If `onFulfilled` is not a function, it must be ignored. &gt; applied to a promise rejected and then chained off of &gt; `onFulfilled` is `null` &gt; undefined" time="0">
        </testcase>
        <testcase classname="test/a-plus.spec.ts" name="2.2.1: Both `onFulfilled` and `onRejected` are optional arguments. &gt; 2.2.1.1: If `onFulfilled` is not a function, it must be ignored. &gt; applied to a promise rejected and then chained off of &gt; `onFulfilled` is `false` &gt; undefined" time="0">
        </testcase>
        <testcase classname="test/a-plus.spec.ts" name="2.2.1: Both `onFulfilled` and `onRejected` are optional arguments. &gt; 2.2.1.1: If `onFulfilled` is not a function, it must be ignored. &gt; applied to a promise rejected and then chained off of &gt; `onFulfilled` is `5` &gt; undefined" time="0">
        </testcase>
        <testcase classname="test/a-plus.spec.ts" name="2.2.1: Both `onFulfilled` and `onRejected` are optional arguments. &gt; 2.2.1.1: If `onFulfilled` is not a function, it must be ignored. &gt; applied to a promise rejected and then chained off of &gt; `onFulfilled` is an object &gt; undefined" time="0">
        </testcase>
        <testcase classname="test/a-plus.spec.ts" name="2.2.1: Both `onFulfilled` and `onRejected` are optional arguments. &gt; 2.2.1.2: If `onRejected` is not a function, it must be ignored. &gt; applied to a directly-fulfilled promise &gt; `onRejected` is `undefined` &gt; undefined" time="0">
        </testcase>
        <testcase classname="test/a-plus.spec.ts" name="2.2.1: Both `onFulfilled` and `onRejected` are optional arguments. &gt; 2.2.1.2: If `onRejected` is not a function, it must be ignored. &gt; applied to a directly-fulfilled promise &gt; `onRejected` is `null` &gt; undefined" time="0">
        </testcase>
        <testcase classname="test/a-plus.spec.ts" name="2.2.1: Both `onFulfilled` and `onRejected` are optional arguments. &gt; 2.2.1.2: If `onRejected` is not a function, it must be ignored. &gt; applied to a directly-fulfilled promise &gt; `onRejected` is `false` &gt; undefined" time="0">
        </testcase>
        <testcase classname="test/a-plus.spec.ts" name="2.2.1: Both `onFulfilled` and `onRejected` are optional arguments. &gt; 2.2.1.2: If `onRejected` is not a function, it must be ignored. &gt; applied to a directly-fulfilled promise &gt; `onRejected` is `5` &gt; undefined" time="0.001">
        </testcase>
        <testcase classname="test/a-plus.spec.ts" name="2.2.1: Both `onFulfilled` and `onRejected` are optional arguments. &gt; 2.2.1.2: If `onRejected` is not a function, it must be ignored. &gt; applied to a directly-fulfilled promise &gt; `onRejected` is an object &gt; undefined" time="0">
        </testcase>
        <testcase classname="test/a-plus.spec.ts" name="2.2.1: Both `onFulfilled` and `onRejected` are optional arguments. &gt; 2.2.1.2: If `onRejected` is not a function, it must be ignored. &gt; applied to a promise fulfilled and then chained off of &gt; `onFulfilled` is `undefined` &gt; undefined" time="0">
        </testcase>
        <testcase classname="test/a-plus.spec.ts" name="2.2.1: Both `onFulfilled` and `onRejected` are optional arguments. &gt; 2.2.1.2: If `onRejected` is not a function, it must be ignored. &gt; applied to a promise fulfilled and then chained off of &gt; `onFulfilled` is `null` &gt; undefined" time="0">
        </testcase>
        <testcase classname="test/a-plus.spec.ts" name="2.2.1: Both `onFulfilled` and `onRejected` are optional arguments. &gt; 2.2.1.2: If `onRejected` is not a function, it must be ignored. &gt; applied to a promise fulfilled and then chained off of &gt; `onFulfilled` is `false` &gt; undefined" time="0">
        </testcase>
        <testcase classname="test/a-plus.spec.ts" name="2.2.1: Both `onFulfilled` and `onRejected` are optional arguments. &gt; 2.2.1.2: If `onRejected` is not a function, it must be ignored. &gt; applied to a promise fulfilled and then chained off of &gt; `onFulfilled` is `5` &gt; undefined" time="0">
        </testcase>
        <testcase classname="test/a-plus.spec.ts" name="2.2.1: Both `onFulfilled` and `onRejected` are optional arguments. &gt; 2.2.1.2: If `onRejected` is not a function, it must be ignored. &gt; applied to a promise fulfilled and then chained off of &gt; `onFulfilled` is an object &gt; undefined" time="0">
        </testcase>
        <testcase classname="test/a-plus.spec.ts" name="2.2.2: If `onFulfilled` is a function, &gt; 2.2.2.1: it must be called after `promise` is fulfilled, with `promise`’s fulfillment value as its first argument. &gt; already-fulfilled &gt; undefined" time="0">
        </testcase>
        <testcase classname="test/a-plus.spec.ts" name="2.2.2: If `onFulfilled` is a function, &gt; 2.2.2.1: it must be called after `promise` is fulfilled, with `promise`’s fulfillment value as its first argument. &gt; immediately-fulfilled &gt; undefined" time="0">
        </testcase>
        <testcase classname="test/a-plus.spec.ts" name="2.2.2: If `onFulfilled` is a function, &gt; 2.2.2.3: it must not be called more than once. &gt; already-fulfilled &gt; undefined" time="0">
        </testcase>
        <testcase classname="test/a-plus.spec.ts" name="2.2.2: If `onFulfilled` is a function, &gt; 2.2.2.3: it must not be called more than once. &gt; trying to fulfill a pending promise more than once, immediately &gt; undefined" time="0">
        </testcase>
        <testcase classname="test/a-plus.spec.ts" name="2.2.2: If `onFulfilled` is a function, &gt; 2.2.2.3: it must not be called more than once. &gt; trying to fulfill a pending promise more than once, immediately then delayed &gt; undefined" time="0">
        </testcase>
        <testcase classname="test/a-plus.spec.ts" name="2.2.2: If `onFulfilled` is a function, &gt; 2.2.2.3: it must not be called more than once. &gt; when `then` is interleaved with fulfillment &gt; undefined" time="0">
        </testcase>
        <testcase classname="test/a-plus.spec.ts" name="2.2.3: If `onRejected` is a function, &gt; 2.2.3.1: it must be called after `promise` is rejected, with `promise`’s rejection reason as its first argument. &gt; already-rejected &gt; undefined" time="0">
        </testcase>
        <testcase classname="test/a-plus.spec.ts" name="2.2.3: If `onRejected` is a function, &gt; 2.2.3.1: it must be called after `promise` is rejected, with `promise`’s rejection reason as its first argument. &gt; immediately-rejected &gt; undefined" time="0">
        </testcase>
        <testcase classname="test/a-plus.spec.ts" name="2.2.3: If `onRejected` is a function, &gt; 2.2.3.3: it must not be called more than once. &gt; already-rejected &gt; undefined" time="0">
        </testcase>
        <testcase classname="test/a-plus.spec.ts" name="2.2.3: If `onRejected` is a function, &gt; 2.2.3.3: it must not be called more than once. &gt; trying to reject a pending promise more than once, immediately &gt; undefined" time="0">
        </testcase>
        <testcase classname="test/a-plus.spec.ts" name="2.2.3: If `onRejected` is a function, &gt; 2.2.3.3: it must not be called more than once. &gt; trying to reject a pending promise more than once, immediately then delayed &gt; undefined" time="0">
        </testcase>
        <testcase classname="test/a-plus.spec.ts" name="2.2.3: If `onRejected` is a function, &gt; 2.2.3.3: it must not be called more than once. &gt; when `then` is interleaved with rejection &gt; undefined" time="0">
        </testcase>
        <testcase classname="test/a-plus.spec.ts" name="2.2.4: `onFulfilled` or `onRejected` must not be called until the execution context stack contains only platform code. &gt; `then` returns before the promise becomes fulfilled or rejected &gt; already-fulfilled &gt; undefined" time="0">
        </testcase>
        <testcase classname="test/a-plus.spec.ts" name="2.2.4: `onFulfilled` or `onRejected` must not be called until the execution context stack contains only platform code. &gt; `then` returns before the promise becomes fulfilled or rejected &gt; immediately-fulfilled &gt; undefined" time="0">
        </testcase>
        <testcase classname="test/a-plus.spec.ts" name="2.2.4: `onFulfilled` or `onRejected` must not be called until the execution context stack contains only platform code. &gt; `then` returns before the promise becomes fulfilled or rejected &gt; already-rejected &gt; undefined" time="0">
        </testcase>
        <testcase classname="test/a-plus.spec.ts" name="2.2.4: `onFulfilled` or `onRejected` must not be called until the execution context stack contains only platform code. &gt; `then` returns before the promise becomes fulfilled or rejected &gt; immediately-rejected &gt; undefined" time="0">
        </testcase>
        <testcase classname="test/a-plus.spec.ts" name="2.2.4: `onFulfilled` or `onRejected` must not be called until the execution context stack contains only platform code. &gt; Clean-stack execution ordering tests (fulfillment case) &gt; when one `onFulfilled` is added inside another `onFulfilled` &gt; undefined" time="0">
        </testcase>
        <testcase classname="test/a-plus.spec.ts" name="2.2.4: `onFulfilled` or `onRejected` must not be called until the execution context stack contains only platform code. &gt; Clean-stack execution ordering tests (fulfillment case) &gt; when `onFulfilled` is added inside an `onRejected` &gt; undefined" time="0">
        </testcase>
        <testcase classname="test/a-plus.spec.ts" name="2.2.4: `onFulfilled` or `onRejected` must not be called until the execution context stack contains only platform code. &gt; Clean-stack execution ordering tests (rejection case) &gt; when `onRejected` is added inside an `onFulfilled` &gt; undefined" time="0">
        </testcase>
        <testcase classname="test/a-plus.spec.ts" name="2.2.4: `onFulfilled` or `onRejected` must not be called until the execution context stack contains only platform code. &gt; Clean-stack execution ordering tests (rejection case) &gt; when one `onRejected` is added inside another `onRejected` &gt; undefined" time="0">
        </testcase>
        <testcase classname="test/a-plus.spec.ts" name="2.2.5 `onFulfilled` and `onRejected` must be called as functions (i.e. with no `this` value). &gt; strict mode &gt; fulfilled &gt; undefined" time="0">
        </testcase>
        <testcase classname="test/a-plus.spec.ts" name="2.2.5 `onFulfilled` and `onRejected` must be called as functions (i.e. with no `this` value). &gt; strict mode &gt; rejected &gt; undefined" time="0">
        </testcase>
        <testcase classname="test/a-plus.spec.ts" name="2.2.5 `onFulfilled` and `onRejected` must be called as functions (i.e. with no `this` value). &gt; sloppy mode &gt; fulfilled &gt; undefined" time="0">
        </testcase>
        <testcase classname="test/a-plus.spec.ts" name="2.2.5 `onFulfilled` and `onRejected` must be called as functions (i.e. with no `this` value). &gt; sloppy mode &gt; rejected &gt; undefined" time="0">
        </testcase>
        <testcase classname="test/a-plus.spec.ts" name="2.2.6: `then` may be called multiple times on the same promise. &gt; 2.2.6.1: If/when `promise` is fulfilled, all respective `onFulfilled` callbacks must execute in the order of their originating calls to `then`. &gt; multiple boring fulfillment handlers &gt; already-fulfilled &gt; undefined" time="0">
        </testcase>
        <testcase classname="test/a-plus.spec.ts" name="2.2.6: `then` may be called multiple times on the same promise. &gt; 2.2.6.1: If/when `promise` is fulfilled, all respective `onFulfilled` callbacks must execute in the order of their originating calls to `then`. &gt; multiple boring fulfillment handlers &gt; immediately-fulfilled &gt; undefined" time="0">
        </testcase>
        <testcase classname="test/a-plus.spec.ts" name="2.2.6: `then` may be called multiple times on the same promise. &gt; 2.2.6.1: If/when `promise` is fulfilled, all respective `onFulfilled` callbacks must execute in the order of their originating calls to `then`. &gt; multiple fulfillment handlers, one of which throws &gt; already-fulfilled &gt; undefined" time="0">
        </testcase>
        <testcase classname="test/a-plus.spec.ts" name="2.2.6: `then` may be called multiple times on the same promise. &gt; 2.2.6.1: If/when `promise` is fulfilled, all respective `onFulfilled` callbacks must execute in the order of their originating calls to `then`. &gt; multiple fulfillment handlers, one of which throws &gt; immediately-fulfilled &gt; undefined" time="0">
        </testcase>
        <testcase classname="test/a-plus.spec.ts" name="2.2.6: `then` may be called multiple times on the same promise. &gt; 2.2.6.1: If/when `promise` is fulfilled, all respective `onFulfilled` callbacks must execute in the order of their originating calls to `then`. &gt; results in multiple branching chains with their own fulfillment values &gt; already-fulfilled &gt; undefined" time="0">
        </testcase>
        <testcase classname="test/a-plus.spec.ts" name="2.2.6: `then` may be called multiple times on the same promise. &gt; 2.2.6.1: If/when `promise` is fulfilled, all respective `onFulfilled` callbacks must execute in the order of their originating calls to `then`. &gt; results in multiple branching chains with their own fulfillment values &gt; immediately-fulfilled &gt; undefined" time="0">
        </testcase>
        <testcase classname="test/a-plus.spec.ts" name="2.2.6: `then` may be called multiple times on the same promise. &gt; 2.2.6.1: If/when `promise` is fulfilled, all respective `onFulfilled` callbacks must execute in the order of their originating calls to `then`. &gt; `onFulfilled` handlers are called in the original order &gt; already-fulfilled &gt; undefined" time="0">
        </testcase>
        <testcase classname="test/a-plus.spec.ts" name="2.2.6: `then` may be called multiple times on the same promise. &gt; 2.2.6.1: If/when `promise` is fulfilled, all respective `onFulfilled` callbacks must execute in the order of their originating calls to `then`. &gt; `onFulfilled` handlers are called in the original order &gt; immediately-fulfilled &gt; undefined" time="0">
        </testcase>
        <testcase classname="test/a-plus.spec.ts" name="2.2.6: `then` may be called multiple times on the same promise. &gt; 2.2.6.2: If/when `promise` is rejected, all respective `onRejected` callbacks must execute in the order of their originating calls to `then`. &gt; multiple boring rejection handlers &gt; already-rejected &gt; undefined" time="0">
        </testcase>
        <testcase classname="test/a-plus.spec.ts" name="2.2.6: `then` may be called multiple times on the same promise. &gt; 2.2.6.2: If/when `promise` is rejected, all respective `onRejected` callbacks must execute in the order of their originating calls to `then`. &gt; multiple boring rejection handlers &gt; immediately-rejected &gt; undefined" time="0">
        </testcase>
        <testcase classname="test/a-plus.spec.ts" name="2.2.6: `then` may be called multiple times on the same promise. &gt; 2.2.6.2: If/when `promise` is rejected, all respective `onRejected` callbacks must execute in the order of their originating calls to `then`. &gt; multiple rejection handlers, one of which throws &gt; already-rejected &gt; undefined" time="0">
        </testcase>
        <testcase classname="test/a-plus.spec.ts" name="2.2.6: `then` may be called multiple times on the same promise. &gt; 2.2.6.2: If/when `promise` is rejected, all respective `onRejected` callbacks must execute in the order of their originating calls to `then`. &gt; multiple rejection handlers, one of which throws &gt; immediately-rejected &gt; undefined" time="0">
        </testcase>
        <testcase classname="test/a-plus.spec.ts" name="2.2.6: `then` may be called multiple times on the same promise. &gt; 2.2.6.2: If/when `promise` is rejected, all respective `onRejected` callbacks must execute in the order of their originating calls to `then`. &gt; results in multiple branching chains with their own fulfillment values &gt; already-rejected &gt; undefined" time="0">
        </testcase>
        <testcase classname="test/a-plus.spec.ts" name="2.2.6: `then` may be called multiple times on the same promise. &gt; 2.2.6.2: If/when `promise` is rejected, all respective `onRejected` callbacks must execute in the order of their originating calls to `then`. &gt; results in multiple branching chains with their own fulfillment values &gt; immediately-rejected &gt; undefined" time="0">
        </testcase>
        <testcase classname="test/a-plus.spec.ts" name="2.2.6: `then` may be called multiple times on the same promise. &gt; 2.2.6.2: If/when `promise` is rejected, all respective `onRejected` callbacks must execute in the order of their originating calls to `then`. &gt; `onRejected` handlers are called in the original order &gt; already-rejected &gt; undefined" time="0">
        </testcase>
        <testcase classname="test/a-plus.spec.ts" name="2.2.6: `then` may be called multiple times on the same promise. &gt; 2.2.6.2: If/when `promise` is rejected, all respective `onRejected` callbacks must execute in the order of their originating calls to `then`. &gt; `onRejected` handlers are called in the original order &gt; immediately-rejected &gt; undefined" time="0">
        </testcase>
        <testcase classname="test/a-plus.spec.ts" name="2.2.7: `then` must return a promise: `promise2 = promise1.then(onFulfilled, onRejected)` &gt; 2.2.7.2: If either `onFulfilled` or `onRejected` throws an exception `e`, `promise2` must be rejected with `e` as the reason. &gt; The reason is `undefined` &gt; already-fulfilled &gt; undefined" time="0">
        </testcase>
        <testcase classname="test/a-plus.spec.ts" name="2.2.7: `then` must return a promise: `promise2 = promise1.then(onFulfilled, onRejected)` &gt; 2.2.7.2: If either `onFulfilled` or `onRejected` throws an exception `e`, `promise2` must be rejected with `e` as the reason. &gt; The reason is `undefined` &gt; immediately-fulfilled &gt; undefined" time="0">
        </testcase>
        <testcase classname="test/a-plus.spec.ts" name="2.2.7: `then` must return a promise: `promise2 = promise1.then(onFulfilled, onRejected)` &gt; 2.2.7.2: If either `onFulfilled` or `onRejected` throws an exception `e`, `promise2` must be rejected with `e` as the reason. &gt; The reason is `undefined` &gt; already-rejected &gt; undefined" time="0">
        </testcase>
        <testcase classname="test/a-plus.spec.ts" name="2.2.7: `then` must return a promise: `promise2 = promise1.then(onFulfilled, onRejected)` &gt; 2.2.7.2: If either `onFulfilled` or `onRejected` throws an exception `e`, `promise2` must be rejected with `e` as the reason. &gt; The reason is `undefined` &gt; immediately-rejected &gt; undefined" time="0">
        </testcase>
        <testcase classname="test/a-plus.spec.ts" name="2.2.7: `then` must return a promise: `promise2 = promise1.then(onFulfilled, onRejected)` &gt; 2.2.7.2: If either `onFulfilled` or `onRejected` throws an exception `e`, `promise2` must be rejected with `e` as the reason. &gt; The reason is `null` &gt; already-fulfilled &gt; undefined" time="0">
        </testcase>
        <testcase classname="test/a-plus.spec.ts" name="2.2.7: `then` must return a promise: `promise2 = promise1.then(onFulfilled, onRejected)` &gt; 2.2.7.2: If either `onFulfilled` or `onRejected` throws an exception `e`, `promise2` must be rejected with `e` as the reason. &gt; The reason is `null` &gt; immediately-fulfilled &gt; undefined" time="0">
        </testcase>
        <testcase classname="test/a-plus.spec.ts" name="2.2.7: `then` must return a promise: `promise2 = promise1.then(onFulfilled, onRejected)` &gt; 2.2.7.2: If either `onFulfilled` or `onRejected` throws an exception `e`, `promise2` must be rejected with `e` as the reason. &gt; The reason is `null` &gt; already-rejected &gt; undefined" time="0.001">
        </testcase>
        <testcase classname="test/a-plus.spec.ts" name="2.2.7: `then` must return a promise: `promise2 = promise1.then(onFulfilled, onRejected)` &gt; 2.2.7.2: If either `onFulfilled` or `onRejected` throws an exception `e`, `promise2` must be rejected with `e` as the reason. &gt; The reason is `null` &gt; immediately-rejected &gt; undefined" time="0">
        </testcase>
        <testcase classname="test/a-plus.spec.ts" name="2.2.7: `then` must return a promise: `promise2 = promise1.then(onFulfilled, onRejected)` &gt; 2.2.7.2: If either `onFulfilled` or `onRejected` throws an exception `e`, `promise2` must be rejected with `e` as the reason. &gt; The reason is `false` &gt; already-fulfilled &gt; undefined" time="0">
        </testcase>
        <testcase classname="test/a-plus.spec.ts" name="2.2.7: `then` must return a promise: `promise2 = promise1.then(onFulfilled, onRejected)` &gt; 2.2.7.2: If either `onFulfilled` or `onRejected` throws an exception `e`, `promise2` must be rejected with `e` as the reason. &gt; The reason is `false` &gt; immediately-fulfilled &gt; undefined" time="0">
        </testcase>
        <testcase classname="test/a-plus.spec.ts" name="2.2.7: `then` must return a promise: `promise2 = promise1.then(onFulfilled, onRejected)` &gt; 2.2.7.2: If either `onFulfilled` or `onRejected` throws an exception `e`, `promise2` must be rejected with `e` as the reason. &gt; The reason is `false` &gt; already-rejected &gt; undefined" time="0">
        </testcase>
        <testcase classname="test/a-plus.spec.ts" name="2.2.7: `then` must return a promise: `promise2 = promise1.then(onFulfilled, onRejected)` &gt; 2.2.7.2: If either `onFulfilled` or `onRejected` throws an exception `e`, `promise2` must be rejected with `e` as the reason. &gt; The reason is `false` &gt; immediately-rejected &gt; undefined" time="0">
        </testcase>
        <testcase classname="test/a-plus.spec.ts" name="2.2.7: `then` must return a promise: `promise2 = promise1.then(onFulfilled, onRejected)` &gt; 2.2.7.2: If either `onFulfilled` or `onRejected` throws an exception `e`, `promise2` must be rejected with `e` as the reason. &gt; The reason is `0` &gt; already-fulfilled &gt; undefined" time="0">
        </testcase>
        <testcase classname="test/a-plus.spec.ts" name="2.2.7: `then` must return a promise: `promise2 = promise1.then(onFulfilled, onRejected)` &gt; 2.2.7.2: If either `onFulfilled` or `onRejected` throws an exception `e`, `promise2` must be rejected with `e` as the reason. &gt; The reason is `0` &gt; immediately-fulfilled &gt; undefined" time="0">
        </testcase>
        <testcase classname="test/a-plus.spec.ts" name="2.2.7: `then` must return a promise: `promise2 = promise1.then(onFulfilled, onRejected)` &gt; 2.2.7.2: If either `onFulfilled` or `onRejected` throws an exception `e`, `promise2` must be rejected with `e` as the reason. &gt; The reason is `0` &gt; already-rejected &gt; undefined" time="0">
        </testcase>
        <testcase classname="test/a-plus.spec.ts" name="2.2.7: `then` must return a promise: `promise2 = promise1.then(onFulfilled, onRejected)` &gt; 2.2.7.2: If either `onFulfilled` or `onRejected` throws an exception `e`, `promise2` must be rejected with `e` as the reason. &gt; The reason is `0` &gt; immediately-rejected &gt; undefined" time="0">
        </testcase>
        <testcase classname="test/a-plus.spec.ts" name="2.2.7: `then` must return a promise: `promise2 = promise1.then(onFulfilled, onRejected)` &gt; 2.2.7.2: If either `onFulfilled` or `onRejected` throws an exception `e`, `promise2` must be rejected with `e` as the reason. &gt; The reason is an error &gt; already-fulfilled &gt; undefined" time="0">
        </testcase>
        <testcase classname="test/a-plus.spec.ts" name="2.2.7: `then` must return a promise: `promise2 = promise1.then(onFulfilled, onRejected)` &gt; 2.2.7.2: If either `onFulfilled` or `onRejected` throws an exception `e`, `promise2` must be rejected with `e` as the reason. &gt; The reason is an error &gt; immediately-fulfilled &gt; undefined" time="0">
        </testcase>
        <testcase classname="test/a-plus.spec.ts" name="2.2.7: `then` must return a promise: `promise2 = promise1.then(onFulfilled, onRejected)` &gt; 2.2.7.2: If either `onFulfilled` or `onRejected` throws an exception `e`, `promise2` must be rejected with `e` as the reason. &gt; The reason is an error &gt; already-rejected &gt; undefined" time="0">
        </testcase>
        <testcase classname="test/a-plus.spec.ts" name="2.2.7: `then` must return a promise: `promise2 = promise1.then(onFulfilled, onRejected)` &gt; 2.2.7.2: If either `onFulfilled` or `onRejected` throws an exception `e`, `promise2` must be rejected with `e` as the reason. &gt; The reason is an error &gt; immediately-rejected &gt; undefined" time="0">
        </testcase>
        <testcase classname="test/a-plus.spec.ts" name="2.2.7: `then` must return a promise: `promise2 = promise1.then(onFulfilled, onRejected)` &gt; 2.2.7.2: If either `onFulfilled` or `onRejected` throws an exception `e`, `promise2` must be rejected with `e` as the reason. &gt; The reason is an error without a stack &gt; already-fulfilled &gt; undefined" time="0">
        </testcase>
        <testcase classname="test/a-plus.spec.ts" name="2.2.7: `then` must return a promise: `promise2 = promise1.then(onFulfilled, onRejected)` &gt; 2.2.7.2: If either `onFulfilled` or `onRejected` throws an exception `e`, `promise2` must be rejected with `e` as the reason. &gt; The reason is an error without a stack &gt; immediately-fulfilled &gt; undefined" time="0">
        </testcase>
        <testcase classname="test/a-plus.spec.ts" name="2.2.7: `then` must return a promise: `promise2 = promise1.then(onFulfilled, onRejected)` &gt; 2.2.7.2: If either `onFulfilled` or `onRejected` throws an exception `e`, `promise2` must be rejected with `e` as the reason. &gt; The reason is an error without a stack &gt; already-rejected &gt; undefined" time="0">
        </testcase>
        <testcase classname="test/a-plus.spec.ts" name="2.2.7: `then` must return a promise: `promise2 = promise1.then(onFulfilled, onRejected)` &gt; 2.2.7.2: If either `onFulfilled` or `onRejected` throws an exception `e`, `promise2` must be rejected with `e` as the reason. &gt; The reason is an error without a stack &gt; immediately-rejected &gt; undefined" time="0">
        </testcase>
        <testcase classname="test/a-plus.spec.ts" name="2.2.7: `then` must return a promise: `promise2 = promise1.then(onFulfilled, onRejected)` &gt; 2.2.7.2: If either `onFulfilled` or `onRejected` throws an exception `e`, `promise2` must be rejected with `e` as the reason. &gt; The reason is a date &gt; already-fulfilled &gt; undefined" time="0">
        </testcase>
        <testcase classname="test/a-plus.spec.ts" name="2.2.7: `then` must return a promise: `promise2 = promise1.then(onFulfilled, onRejected)` &gt; 2.2.7.2: If either `onFulfilled` or `onRejected` throws an exception `e`, `promise2` must be rejected with `e` as the reason. &gt; The reason is a date &gt; immediately-fulfilled &gt; undefined" time="0">
        </testcase>
        <testcase classname="test/a-plus.spec.ts" name="2.2.7: `then` must return a promise: `promise2 = promise1.then(onFulfilled, onRejected)` &gt; 2.2.7.2: If either `onFulfilled` or `onRejected` throws an exception `e`, `promise2` must be rejected with `e` as the reason. &gt; The reason is a date &gt; already-rejected &gt; undefined" time="0">
        </testcase>
        <testcase classname="test/a-plus.spec.ts" name="2.2.7: `then` must return a promise: `promise2 = promise1.then(onFulfilled, onRejected)` &gt; 2.2.7.2: If either `onFulfilled` or `onRejected` throws an exception `e`, `promise2` must be rejected with `e` as the reason. &gt; The reason is a date &gt; immediately-rejected &gt; undefined" time="0">
        </testcase>
        <testcase classname="test/a-plus.spec.ts" name="2.2.7: `then` must return a promise: `promise2 = promise1.then(onFulfilled, onRejected)` &gt; 2.2.7.2: If either `onFulfilled` or `onRejected` throws an exception `e`, `promise2` must be rejected with `e` as the reason. &gt; The reason is an object &gt; already-fulfilled &gt; undefined" time="0">
        </testcase>
        <testcase classname="test/a-plus.spec.ts" name="2.2.7: `then` must return a promise: `promise2 = promise1.then(onFulfilled, onRejected)` &gt; 2.2.7.2: If either `onFulfilled` or `onRejected` throws an exception `e`, `promise2` must be rejected with `e` as the reason. &gt; The reason is an object &gt; immediately-fulfilled &gt; undefined" time="0">
        </testcase>
        <testcase classname="test/a-plus.spec.ts" name="2.2.7: `then` must return a promise: `promise2 = promise1.then(onFulfilled, onRejected)` &gt; 2.2.7.2: If either `onFulfilled` or `onRejected` throws an exception `e`, `promise2` must be rejected with `e` as the reason. &gt; The reason is an object &gt; already-rejected &gt; undefined" time="0">
        </testcase>
        <testcase classname="test/a-plus.spec.ts" name="2.2.7: `then` must return a promise: `promise2 = promise1.then(onFulfilled, onRejected)` &gt; 2.2.7.2: If either `onFulfilled` or `onRejected` throws an exception `e`, `promise2` must be rejected with `e` as the reason. &gt; The reason is an object &gt; immediately-rejected &gt; undefined" time="0">
        </testcase>
        <testcase classname="test/a-plus.spec.ts" name="2.2.7: `then` must return a promise: `promise2 = promise1.then(onFulfilled, onRejected)` &gt; 2.2.7.2: If either `onFulfilled` or `onRejected` throws an exception `e`, `promise2` must be rejected with `e` as the reason. &gt; The reason is an always-pending thenable &gt; already-fulfilled &gt; undefined" time="0">
        </testcase>
        <testcase classname="test/a-plus.spec.ts" name="2.2.7: `then` must return a promise: `promise2 = promise1.then(onFulfilled, onRejected)` &gt; 2.2.7.2: If either `onFulfilled` or `onRejected` throws an exception `e`, `promise2` must be rejected with `e` as the reason. &gt; The reason is an always-pending thenable &gt; immediately-fulfilled &gt; undefined" time="0">
        </testcase>
        <testcase classname="test/a-plus.spec.ts" name="2.2.7: `then` must return a promise: `promise2 = promise1.then(onFulfilled, onRejected)` &gt; 2.2.7.2: If either `onFulfilled` or `onRejected` throws an exception `e`, `promise2` must be rejected with `e` as the reason. &gt; The reason is an always-pending thenable &gt; already-rejected &gt; undefined" time="0">
        </testcase>
        <testcase classname="test/a-plus.spec.ts" name="2.2.7: `then` must return a promise: `promise2 = promise1.then(onFulfilled, onRejected)` &gt; 2.2.7.2: If either `onFulfilled` or `onRejected` throws an exception `e`, `promise2` must be rejected with `e` as the reason. &gt; The reason is an always-pending thenable &gt; immediately-rejected &gt; undefined" time="0">
        </testcase>
        <testcase classname="test/a-plus.spec.ts" name="2.2.7: `then` must return a promise: `promise2 = promise1.then(onFulfilled, onRejected)` &gt; 2.2.7.2: If either `onFulfilled` or `onRejected` throws an exception `e`, `promise2` must be rejected with `e` as the reason. &gt; The reason is a fulfilled promise &gt; already-fulfilled &gt; undefined" time="0">
        </testcase>
        <testcase classname="test/a-plus.spec.ts" name="2.2.7: `then` must return a promise: `promise2 = promise1.then(onFulfilled, onRejected)` &gt; 2.2.7.2: If either `onFulfilled` or `onRejected` throws an exception `e`, `promise2` must be rejected with `e` as the reason. &gt; The reason is a fulfilled promise &gt; immediately-fulfilled &gt; undefined" time="0">
        </testcase>
        <testcase classname="test/a-plus.spec.ts" name="2.2.7: `then` must return a promise: `promise2 = promise1.then(onFulfilled, onRejected)` &gt; 2.2.7.2: If either `onFulfilled` or `onRejected` throws an exception `e`, `promise2` must be rejected with `e` as the reason. &gt; The reason is a fulfilled promise &gt; already-rejected &gt; undefined" time="0">
        </testcase>
        <testcase classname="test/a-plus.spec.ts" name="2.2.7: `then` must return a promise: `promise2 = promise1.then(onFulfilled, onRejected)` &gt; 2.2.7.2: If either `onFulfilled` or `onRejected` throws an exception `e`, `promise2` must be rejected with `e` as the reason. &gt; The reason is a fulfilled promise &gt; immediately-rejected &gt; undefined" time="0">
        </testcase>
        <testcase classname="test/a-plus.spec.ts" name="2.2.7: `then` must return a promise: `promise2 = promise1.then(onFulfilled, onRejected)` &gt; 2.2.7.2: If either `onFulfilled` or `onRejected` throws an exception `e`, `promise2` must be rejected with `e` as the reason. &gt; The reason is a rejected promise &gt; already-fulfilled &gt; undefined" time="0">
        </testcase>
        <testcase classname="test/a-plus.spec.ts" name="2.2.7: `then` must return a promise: `promise2 = promise1.then(onFulfilled, onRejected)` &gt; 2.2.7.2: If either `onFulfilled` or `onRejected` throws an exception `e`, `promise2` must be rejected with `e` as the reason. &gt; The reason is a rejected promise &gt; immediately-fulfilled &gt; undefined" time="0">
        </testcase>
        <testcase classname="test/a-plus.spec.ts" name="2.2.7: `then` must return a promise: `promise2 = promise1.then(onFulfilled, onRejected)` &gt; 2.2.7.2: If either `onFulfilled` or `onRejected` throws an exception `e`, `promise2` must be rejected with `e` as the reason. &gt; The reason is a rejected promise &gt; already-rejected &gt; undefined" time="0">
        </testcase>
        <testcase classname="test/a-plus.spec.ts" name="2.2.7: `then` must return a promise: `promise2 = promise1.then(onFulfilled, onRejected)` &gt; 2.2.7.2: If either `onFulfilled` or `onRejected` throws an exception `e`, `promise2` must be rejected with `e` as the reason. &gt; The reason is a rejected promise &gt; immediately-rejected &gt; undefined" time="0">
        </testcase>
        <testcase classname="test/a-plus.spec.ts" name="2.2.7: `then` must return a promise: `promise2 = promise1.then(onFulfilled, onRejected)` &gt; 2.2.7.3: If `onFulfilled` is not a function and `promise1` is fulfilled, `promise2` must be fulfilled with the same value. &gt; `onFulfilled` is `undefined` &gt; already-fulfilled &gt; undefined" time="0">
        </testcase>
        <testcase classname="test/a-plus.spec.ts" name="2.2.7: `then` must return a promise: `promise2 = promise1.then(onFulfilled, onRejected)` &gt; 2.2.7.3: If `onFulfilled` is not a function and `promise1` is fulfilled, `promise2` must be fulfilled with the same value. &gt; `onFulfilled` is `undefined` &gt; immediately-fulfilled &gt; undefined" time="0">
        </testcase>
        <testcase classname="test/a-plus.spec.ts" name="2.2.7: `then` must return a promise: `promise2 = promise1.then(onFulfilled, onRejected)` &gt; 2.2.7.3: If `onFulfilled` is not a function and `promise1` is fulfilled, `promise2` must be fulfilled with the same value. &gt; `onFulfilled` is `null` &gt; already-fulfilled &gt; undefined" time="0">
        </testcase>
        <testcase classname="test/a-plus.spec.ts" name="2.2.7: `then` must return a promise: `promise2 = promise1.then(onFulfilled, onRejected)` &gt; 2.2.7.3: If `onFulfilled` is not a function and `promise1` is fulfilled, `promise2` must be fulfilled with the same value. &gt; `onFulfilled` is `null` &gt; immediately-fulfilled &gt; undefined" time="0">
        </testcase>
        <testcase classname="test/a-plus.spec.ts" name="2.2.7: `then` must return a promise: `promise2 = promise1.then(onFulfilled, onRejected)` &gt; 2.2.7.3: If `onFulfilled` is not a function and `promise1` is fulfilled, `promise2` must be fulfilled with the same value. &gt; `onFulfilled` is `false` &gt; already-fulfilled &gt; undefined" time="0">
        </testcase>
        <testcase classname="test/a-plus.spec.ts" name="2.2.7: `then` must return a promise: `promise2 = promise1.then(onFulfilled, onRejected)` &gt; 2.2.7.3: If `onFulfilled` is not a function and `promise1` is fulfilled, `promise2` must be fulfilled with the same value. &gt; `onFulfilled` is `false` &gt; immediately-fulfilled &gt; undefined" time="0">
        </testcase>
        <testcase classname="test/a-plus.spec.ts" name="2.2.7: `then` must return a promise: `promise2 = promise1.then(onFulfilled, onRejected)` &gt; 2.2.7.3: If `onFulfilled` is not a function and `promise1` is fulfilled, `promise2` must be fulfilled with the same value. &gt; `onFulfilled` is `5` &gt; already-fulfilled &gt; undefined" time="0">
        </testcase>
        <testcase classname="test/a-plus.spec.ts" name="2.2.7: `then` must return a promise: `promise2 = promise1.then(onFulfilled, onRejected)` &gt; 2.2.7.3: If `onFulfilled` is not a function and `promise1` is fulfilled, `promise2` must be fulfilled with the same value. &gt; `onFulfilled` is `5` &gt; immediately-fulfilled &gt; undefined" time="0">
        </testcase>
        <testcase classname="test/a-plus.spec.ts" name="2.2.7: `then` must return a promise: `promise2 = promise1.then(onFulfilled, onRejected)` &gt; 2.2.7.3: If `onFulfilled` is not a function and `promise1` is fulfilled, `promise2` must be fulfilled with the same value. &gt; `onFulfilled` is an object &gt; already-fulfilled &gt; undefined" time="0">
        </testcase>
        <testcase classname="test/a-plus.spec.ts" name="2.2.7: `then` must return a promise: `promise2 = promise1.then(onFulfilled, onRejected)` &gt; 2.2.7.3: If `onFulfilled` is not a function and `promise1` is fulfilled, `promise2` must be fulfilled with the same value. &gt; `onFulfilled` is an object &gt; immediately-fulfilled &gt; undefined" time="0">
        </testcase>
        <testcase classname="test/a-plus.spec.ts" name="2.2.7: `then` must return a promise: `promise2 = promise1.then(onFulfilled, onRejected)` &gt; 2.2.7.3: If `onFulfilled` is not a function and `promise1` is fulfilled, `promise2` must be fulfilled with the same value. &gt; `onFulfilled` is an array containing a function &gt; already-fulfilled &gt; undefined" time="0">
        </testcase>
        <testcase classname="test/a-plus.spec.ts" name="2.2.7: `then` must return a promise: `promise2 = promise1.then(onFulfilled, onRejected)` &gt; 2.2.7.3: If `onFulfilled` is not a function and `promise1` is fulfilled, `promise2` must be fulfilled with the same value. &gt; `onFulfilled` is an array containing a function &gt; immediately-fulfilled &gt; undefined" time="0">
        </testcase>
        <testcase classname="test/a-plus.spec.ts" name="2.2.7: `then` must return a promise: `promise2 = promise1.then(onFulfilled, onRejected)` &gt; 2.2.7.4: If `onRejected` is not a function and `promise1` is rejected, `promise2` must be rejected with the same reason. &gt; `onRejected` is `undefined` &gt; already-rejected &gt; undefined" time="0">
        </testcase>
        <testcase classname="test/a-plus.spec.ts" name="2.2.7: `then` must return a promise: `promise2 = promise1.then(onFulfilled, onRejected)` &gt; 2.2.7.4: If `onRejected` is not a function and `promise1` is rejected, `promise2` must be rejected with the same reason. &gt; `onRejected` is `undefined` &gt; immediately-rejected &gt; undefined" time="0">
        </testcase>
        <testcase classname="test/a-plus.spec.ts" name="2.2.7: `then` must return a promise: `promise2 = promise1.then(onFulfilled, onRejected)` &gt; 2.2.7.4: If `onRejected` is not a function and `promise1` is rejected, `promise2` must be rejected with the same reason. &gt; `onRejected` is `null` &gt; already-rejected &gt; undefined" time="0">
        </testcase>
        <testcase classname="test/a-plus.spec.ts" name="2.2.7: `then` must return a promise: `promise2 = promise1.then(onFulfilled, onRejected)` &gt; 2.2.7.4: If `onRejected` is not a function and `promise1` is rejected, `promise2` must be rejected with the same reason. &gt; `onRejected` is `null` &gt; immediately-rejected &gt; undefined" time="0">
        </testcase>
        <testcase classname="test/a-plus.spec.ts" name="2.2.7: `then` must return a promise: `promise2 = promise1.then(onFulfilled, onRejected)` &gt; 2.2.7.4: If `onRejected` is not a function and `promise1` is rejected, `promise2` must be rejected with the same reason. &gt; `onRejected` is `false` &gt; already-rejected &gt; undefined" time="0">
        </testcase>
        <testcase classname="test/a-plus.spec.ts" name="2.2.7: `then` must return a promise: `promise2 = promise1.then(onFulfilled, onRejected)` &gt; 2.2.7.4: If `onRejected` is not a function and `promise1` is rejected, `promise2` must be rejected with the same reason. &gt; `onRejected` is `false` &gt; immediately-rejected &gt; undefined" time="0">
        </testcase>
        <testcase classname="test/a-plus.spec.ts" name="2.2.7: `then` must return a promise: `promise2 = promise1.then(onFulfilled, onRejected)` &gt; 2.2.7.4: If `onRejected` is not a function and `promise1` is rejected, `promise2` must be rejected with the same reason. &gt; `onRejected` is `5` &gt; already-rejected &gt; undefined" time="0">
        </testcase>
        <testcase classname="test/a-plus.spec.ts" name="2.2.7: `then` must return a promise: `promise2 = promise1.then(onFulfilled, onRejected)` &gt; 2.2.7.4: If `onRejected` is not a function and `promise1` is rejected, `promise2` must be rejected with the same reason. &gt; `onRejected` is `5` &gt; immediately-rejected &gt; undefined" time="0">
        </testcase>
        <testcase classname="test/a-plus.spec.ts" name="2.2.7: `then` must return a promise: `promise2 = promise1.then(onFulfilled, onRejected)` &gt; 2.2.7.4: If `onRejected` is not a function and `promise1` is rejected, `promise2` must be rejected with the same reason. &gt; `onRejected` is an object &gt; already-rejected &gt; undefined" time="0">
        </testcase>
        <testcase classname="test/a-plus.spec.ts" name="2.2.7: `then` must return a promise: `promise2 = promise1.then(onFulfilled, onRejected)` &gt; 2.2.7.4: If `onRejected` is not a function and `promise1` is rejected, `promise2` must be rejected with the same reason. &gt; `onRejected` is an object &gt; immediately-rejected &gt; undefined" time="0">
        </testcase>
        <testcase classname="test/a-plus.spec.ts" name="2.2.7: `then` must return a promise: `promise2 = promise1.then(onFulfilled, onRejected)` &gt; 2.2.7.4: If `onRejected` is not a function and `promise1` is rejected, `promise2` must be rejected with the same reason. &gt; `onRejected` is an array containing a function &gt; already-rejected &gt; undefined" time="0">
        </testcase>
        <testcase classname="test/a-plus.spec.ts" name="2.2.7: `then` must return a promise: `promise2 = promise1.then(onFulfilled, onRejected)` &gt; 2.2.7.4: If `onRejected` is not a function and `promise1` is rejected, `promise2` must be rejected with the same reason. &gt; `onRejected` is an array containing a function &gt; immediately-rejected &gt; undefined" time="0">
        </testcase>
        <testcase classname="test/a-plus.spec.ts" name="2.3.1: If `promise` and `x` refer to the same object, reject `promise` with a `TypeError&apos; as the reason. &gt; via return from a fulfilled promise &gt; undefined" time="0">
        </testcase>
        <testcase classname="test/a-plus.spec.ts" name="2.3.1: If `promise` and `x` refer to the same object, reject `promise` with a `TypeError&apos; as the reason. &gt; via return from a rejected promise &gt; undefined" time="0">
        </testcase>
        <testcase classname="test/a-plus.spec.ts" name="2.3.3: Otherwise, if `x` is an object or function, &gt; 2.3.3.2: If retrieving the property `x.then` results in a thrown exception `e`, reject `promise` with `e` as the reason. &gt; `e` is `undefined` &gt; via return from a fulfilled promise &gt; undefined" time="0">
        </testcase>
        <testcase classname="test/a-plus.spec.ts" name="2.3.3: Otherwise, if `x` is an object or function, &gt; 2.3.3.2: If retrieving the property `x.then` results in a thrown exception `e`, reject `promise` with `e` as the reason. &gt; `e` is `undefined` &gt; via return from a rejected promise &gt; undefined" time="0">
        </testcase>
        <testcase classname="test/a-plus.spec.ts" name="2.3.3: Otherwise, if `x` is an object or function, &gt; 2.3.3.2: If retrieving the property `x.then` results in a thrown exception `e`, reject `promise` with `e` as the reason. &gt; `e` is `null` &gt; via return from a fulfilled promise &gt; undefined" time="0">
        </testcase>
        <testcase classname="test/a-plus.spec.ts" name="2.3.3: Otherwise, if `x` is an object or function, &gt; 2.3.3.2: If retrieving the property `x.then` results in a thrown exception `e`, reject `promise` with `e` as the reason. &gt; `e` is `null` &gt; via return from a rejected promise &gt; undefined" time="0">
        </testcase>
        <testcase classname="test/a-plus.spec.ts" name="2.3.3: Otherwise, if `x` is an object or function, &gt; 2.3.3.2: If retrieving the property `x.then` results in a thrown exception `e`, reject `promise` with `e` as the reason. &gt; `e` is `false` &gt; via return from a fulfilled promise &gt; undefined" time="0">
        </testcase>
        <testcase classname="test/a-plus.spec.ts" name="2.3.3: Otherwise, if `x` is an object or function, &gt; 2.3.3.2: If retrieving the property `x.then` results in a thrown exception `e`, reject `promise` with `e` as the reason. &gt; `e` is `false` &gt; via return from a rejected promise &gt; undefined" time="0">
        </testcase>
        <testcase classname="test/a-plus.spec.ts" name="2.3.3: Otherwise, if `x` is an object or function, &gt; 2.3.3.2: If retrieving the property `x.then` results in a thrown exception `e`, reject `promise` with `e` as the reason. &gt; `e` is `0` &gt; via return from a fulfilled promise &gt; undefined" time="0">
        </testcase>
        <testcase classname="test/a-plus.spec.ts" name="2.3.3: Otherwise, if `x` is an object or function, &gt; 2.3.3.2: If retrieving the property `x.then` results in a thrown exception `e`, reject `promise` with `e` as the reason. &gt; `e` is `0` &gt; via return from a rejected promise &gt; undefined" time="0">
        </testcase>
        <testcase classname="test/a-plus.spec.ts" name="2.3.3: Otherwise, if `x` is an object or function, &gt; 2.3.3.2: If retrieving the property `x.then` results in a thrown exception `e`, reject `promise` with `e` as the reason. &gt; `e` is an error &gt; via return from a fulfilled promise &gt; undefined" time="0">
        </testcase>
        <testcase classname="test/a-plus.spec.ts" name="2.3.3: Otherwise, if `x` is an object or function, &gt; 2.3.3.2: If retrieving the property `x.then` results in a thrown exception `e`, reject `promise` with `e` as the reason. &gt; `e` is an error &gt; via return from a rejected promise &gt; undefined" time="0">
        </testcase>
        <testcase classname="test/a-plus.spec.ts" name="2.3.3: Otherwise, if `x` is an object or function, &gt; 2.3.3.2: If retrieving the property `x.then` results in a thrown exception `e`, reject `promise` with `e` as the reason. &gt; `e` is an error without a stack &gt; via return from a fulfilled promise &gt; undefined" time="0">
        </testcase>
        <testcase classname="test/a-plus.spec.ts" name="2.3.3: Otherwise, if `x` is an object or function, &gt; 2.3.3.2: If retrieving the property `x.then` results in a thrown exception `e`, reject `promise` with `e` as the reason. &gt; `e` is an error without a stack &gt; via return from a rejected promise &gt; undefined" time="0">
        </testcase>
        <testcase classname="test/a-plus.spec.ts" name="2.3.3: Otherwise, if `x` is an object or function, &gt; 2.3.3.2: If retrieving the property `x.then` results in a thrown exception `e`, reject `promise` with `e` as the reason. &gt; `e` is a date &gt; via return from a fulfilled promise &gt; undefined" time="0">
        </testcase>
        <testcase classname="test/a-plus.spec.ts" name="2.3.3: Otherwise, if `x` is an object or function, &gt; 2.3.3.2: If retrieving the property `x.then` results in a thrown exception `e`, reject `promise` with `e` as the reason. &gt; `e` is a date &gt; via return from a rejected promise &gt; undefined" time="0">
        </testcase>
        <testcase classname="test/a-plus.spec.ts" name="2.3.3: Otherwise, if `x` is an object or function, &gt; 2.3.3.2: If retrieving the property `x.then` results in a thrown exception `e`, reject `promise` with `e` as the reason. &gt; `e` is an object &gt; via return from a fulfilled promise &gt; undefined" time="0">
        </testcase>
        <testcase classname="test/a-plus.spec.ts" name="2.3.3: Otherwise, if `x` is an object or function, &gt; 2.3.3.2: If retrieving the property `x.then` results in a thrown exception `e`, reject `promise` with `e` as the reason. &gt; `e` is an object &gt; via return from a rejected promise &gt; undefined" time="0">
        </testcase>
        <testcase classname="test/a-plus.spec.ts" name="2.3.3: Otherwise, if `x` is an object or function, &gt; 2.3.3.2: If retrieving the property `x.then` results in a thrown exception `e`, reject `promise` with `e` as the reason. &gt; `e` is an always-pending thenable &gt; via return from a fulfilled promise &gt; undefined" time="0">
        </testcase>
        <testcase classname="test/a-plus.spec.ts" name="2.3.3: Otherwise, if `x` is an object or function, &gt; 2.3.3.2: If retrieving the property `x.then` results in a thrown exception `e`, reject `promise` with `e` as the reason. &gt; `e` is an always-pending thenable &gt; via return from a rejected promise &gt; undefined" time="0">
        </testcase>
        <testcase classname="test/a-plus.spec.ts" name="2.3.3: Otherwise, if `x` is an object or function, &gt; 2.3.3.2: If retrieving the property `x.then` results in a thrown exception `e`, reject `promise` with `e` as the reason. &gt; `e` is a fulfilled promise &gt; via return from a fulfilled promise &gt; undefined" time="0">
        </testcase>
        <testcase classname="test/a-plus.spec.ts" name="2.3.3: Otherwise, if `x` is an object or function, &gt; 2.3.3.2: If retrieving the property `x.then` results in a thrown exception `e`, reject `promise` with `e` as the reason. &gt; `e` is a fulfilled promise &gt; via return from a rejected promise &gt; undefined" time="0">
        </testcase>
        <testcase classname="test/a-plus.spec.ts" name="2.3.3: Otherwise, if `x` is an object or function, &gt; 2.3.3.2: If retrieving the property `x.then` results in a thrown exception `e`, reject `promise` with `e` as the reason. &gt; `e` is a rejected promise &gt; via return from a fulfilled promise &gt; undefined" time="0">
        </testcase>
        <testcase classname="test/a-plus.spec.ts" name="2.3.3: Otherwise, if `x` is an object or function, &gt; 2.3.3.2: If retrieving the property `x.then` results in a thrown exception `e`, reject `promise` with `e` as the reason. &gt; `e` is a rejected promise &gt; via return from a rejected promise &gt; undefined" time="0">
        </testcase>
        <testcase classname="test/a-plus.spec.ts" name="2.3.3: Otherwise, if `x` is an object or function, &gt; 2.3.3.3: If `then` is a function, call it with `x` as `this`, first argument `resolvePromise`, and second argument `rejectPromise` &gt; Uses the original value of `then` &gt; via return from a fulfilled promise &gt; undefined" time="0">
        </testcase>
        <testcase classname="test/a-plus.spec.ts" name="2.3.3: Otherwise, if `x` is an object or function, &gt; 2.3.3.3: If `then` is a function, call it with `x` as `this`, first argument `resolvePromise`, and second argument `rejectPromise` &gt; Uses the original value of `then` &gt; via return from a rejected promise &gt; undefined" time="0">
        </testcase>
        <testcase classname="test/a-plus.spec.ts" name="2.3.3: Otherwise, if `x` is an object or function, &gt; 2.3.3.4: If `then` is not a function, fulfill promise with `x` &gt; `then` is `5` &gt; via return from a fulfilled promise &gt; undefined" time="0">
        </testcase>
        <testcase classname="test/a-plus.spec.ts" name="2.3.3: Otherwise, if `x` is an object or function, &gt; 2.3.3.4: If `then` is not a function, fulfill promise with `x` &gt; `then` is `5` &gt; via return from a rejected promise &gt; undefined" time="0">
        </testcase>
        <testcase classname="test/a-plus.spec.ts" name="2.3.3: Otherwise, if `x` is an object or function, &gt; 2.3.3.4: If `then` is not a function, fulfill promise with `x` &gt; `then` is an object &gt; via return from a fulfilled promise &gt; undefined" time="0">
        </testcase>
        <testcase classname="test/a-plus.spec.ts" name="2.3.3: Otherwise, if `x` is an object or function, &gt; 2.3.3.4: If `then` is not a function, fulfill promise with `x` &gt; `then` is an object &gt; via return from a rejected promise &gt; undefined" time="0">
        </testcase>
        <testcase classname="test/a-plus.spec.ts" name="2.3.3: Otherwise, if `x` is an object or function, &gt; 2.3.3.4: If `then` is not a function, fulfill promise with `x` &gt; `then` is an array containing a function &gt; via return from a fulfilled promise &gt; undefined" time="0">
        </testcase>
        <testcase classname="test/a-plus.spec.ts" name="2.3.3: Otherwise, if `x` is an object or function, &gt; 2.3.3.4: If `then` is not a function, fulfill promise with `x` &gt; `then` is an array containing a function &gt; via return from a rejected promise &gt; undefined" time="0">
        </testcase>
        <testcase classname="test/a-plus.spec.ts" name="2.3.3: Otherwise, if `x` is an object or function, &gt; 2.3.3.4: If `then` is not a function, fulfill promise with `x` &gt; `then` is a regular expression &gt; via return from a fulfilled promise &gt; undefined" time="0">
        </testcase>
        <testcase classname="test/a-plus.spec.ts" name="2.3.3: Otherwise, if `x` is an object or function, &gt; 2.3.3.4: If `then` is not a function, fulfill promise with `x` &gt; `then` is a regular expression &gt; via return from a rejected promise &gt; undefined" time="0">
        </testcase>
        <testcase classname="test/a-plus.spec.ts" name="2.3.3: Otherwise, if `x` is an object or function, &gt; 2.3.3.4: If `then` is not a function, fulfill promise with `x` &gt; `then` is an object inheriting from `Function.prototype` &gt; via return from a fulfilled promise &gt; undefined" time="0">
        </testcase>
        <testcase classname="test/a-plus.spec.ts" name="2.3.3: Otherwise, if `x` is an object or function, &gt; 2.3.3.4: If `then` is not a function, fulfill promise with `x` &gt; `then` is an object inheriting from `Function.prototype` &gt; via return from a rejected promise &gt; undefined" time="0">
        </testcase>
        <testcase classname="test/a-plus.spec.ts" name="2.3.4: If `x` is not an object or function, fulfill `promise` with `x` &gt; The value is `undefined` &gt; already-fulfilled &gt; undefined" time="0">
        </testcase>
        <testcase classname="test/a-plus.spec.ts" name="2.3.4: If `x` is not an object or function, fulfill `promise` with `x` &gt; The value is `undefined` &gt; immediately-fulfilled &gt; undefined" time="0">
        </testcase>
        <testcase classname="test/a-plus.spec.ts" name="2.3.4: If `x` is not an object or function, fulfill `promise` with `x` &gt; The value is `undefined` &gt; already-rejected &gt; undefined" time="0">
        </testcase>
        <testcase classname="test/a-plus.spec.ts" name="2.3.4: If `x` is not an object or function, fulfill `promise` with `x` &gt; The value is `undefined` &gt; immediately-rejected &gt; undefined" time="0">
        </testcase>
        <testcase classname="test/a-plus.spec.ts" name="2.3.4: If `x` is not an object or function, fulfill `promise` with `x` &gt; The value is `null` &gt; already-fulfilled &gt; undefined" time="0">
        </testcase>
        <testcase classname="test/a-plus.spec.ts" name="2.3.4: If `x` is not an object or function, fulfill `promise` with `x` &gt; The value is `null` &gt; immediately-fulfilled &gt; undefined" time="0">
        </testcase>
        <testcase classname="test/a-plus.spec.ts" name="2.3.4: If `x` is not an object or function, fulfill `promise` with `x` &gt; The value is `null` &gt; already-rejected &gt; undefined" time="0">
        </testcase>
        <testcase classname="test/a-plus.spec.ts" name="2.3.4: If `x` is not an object or function, fulfill `promise` with `x` &gt; The value is `null` &gt; immediately-rejected &gt; undefined" time="0">
        </testcase>
        <testcase classname="test/a-plus.spec.ts" name="2.3.4: If `x` is not an object or function, fulfill `promise` with `x` &gt; The value is `false` &gt; already-fulfilled &gt; undefined" time="0">
        </testcase>
        <testcase classname="test/a-plus.spec.ts" name="2.3.4: If `x` is not an object or function, fulfill `promise` with `x` &gt; The value is `false` &gt; immediately-fulfilled &gt; undefined" time="0.001">
        </testcase>
        <testcase classname="test/a-plus.spec.ts" name="2.3.4: If `x` is not an object or function, fulfill `promise` with `x` &gt; The value is `false` &gt; already-rejected &gt; undefined" time="0">
        </testcase>
        <testcase classname="test/a-plus.spec.ts" name="2.3.4: If `x` is not an object or function, fulfill `promise` with `x` &gt; The value is `false` &gt; immediately-rejected &gt; undefined" time="0">
        </testcase>
        <testcase classname="test/a-plus.spec.ts" name="2.3.4: If `x` is not an object or function, fulfill `promise` with `x` &gt; The value is `true` &gt; already-fulfilled &gt; undefined" time="0">
        </testcase>
        <testcase classname="test/a-plus.spec.ts" name="2.3.4: If `x` is not an object or function, fulfill `promise` with `x` &gt; The value is `true` &gt; immediately-fulfilled &gt; undefined" time="0">
        </testcase>
        <testcase classname="test/a-plus.spec.ts" name="2.3.4: If `x` is not an object or function, fulfill `promise` with `x` &gt; The value is `true` &gt; already-rejected &gt; undefined" time="0">
        </testcase>
        <testcase classname="test/a-plus.spec.ts" name="2.3.4: If `x` is not an object or function, fulfill `promise` with `x` &gt; The value is `true` &gt; immediately-rejected &gt; undefined" time="0">
        </testcase>
        <testcase classname="test/a-plus.spec.ts" name="2.3.4: If `x` is not an object or function, fulfill `promise` with `x` &gt; The value is `0` &gt; already-fulfilled &gt; undefined" time="0">
        </testcase>
        <testcase classname="test/a-plus.spec.ts" name="2.3.4: If `x` is not an object or function, fulfill `promise` with `x` &gt; The value is `0` &gt; immediately-fulfilled &gt; undefined" time="0">
        </testcase>
        <testcase classname="test/a-plus.spec.ts" name="2.3.4: If `x` is not an object or function, fulfill `promise` with `x` &gt; The value is `0` &gt; already-rejected &gt; undefined" time="0">
        </testcase>
        <testcase classname="test/a-plus.spec.ts" name="2.3.4: If `x` is not an object or function, fulfill `promise` with `x` &gt; The value is `0` &gt; immediately-rejected &gt; undefined" time="0">
        </testcase>
        <testcase classname="test/a-plus.spec.ts" name="2.3.4: If `x` is not an object or function, fulfill `promise` with `x` &gt; The value is `true` with `Boolean.prototype` modified to have a `then` method &gt; already-fulfilled &gt; undefined" time="0">
        </testcase>
        <testcase classname="test/a-plus.spec.ts" name="2.3.4: If `x` is not an object or function, fulfill `promise` with `x` &gt; The value is `true` with `Boolean.prototype` modified to have a `then` method &gt; immediately-fulfilled &gt; undefined" time="0">
        </testcase>
        <testcase classname="test/a-plus.spec.ts" name="2.3.4: If `x` is not an object or function, fulfill `promise` with `x` &gt; The value is `true` with `Boolean.prototype` modified to have a `then` method &gt; already-rejected &gt; undefined" time="0">
        </testcase>
        <testcase classname="test/a-plus.spec.ts" name="2.3.4: If `x` is not an object or function, fulfill `promise` with `x` &gt; The value is `true` with `Boolean.prototype` modified to have a `then` method &gt; immediately-rejected &gt; undefined" time="0">
        </testcase>
        <testcase classname="test/a-plus.spec.ts" name="2.3.4: If `x` is not an object or function, fulfill `promise` with `x` &gt; The value is `1` with `Number.prototype` modified to have a `then` method &gt; already-fulfilled &gt; undefined" time="0">
        </testcase>
        <testcase classname="test/a-plus.spec.ts" name="2.3.4: If `x` is not an object or function, fulfill `promise` with `x` &gt; The value is `1` with `Number.prototype` modified to have a `then` method &gt; immediately-fulfilled &gt; undefined" time="0">
        </testcase>
        <testcase classname="test/a-plus.spec.ts" name="2.3.4: If `x` is not an object or function, fulfill `promise` with `x` &gt; The value is `1` with `Number.prototype` modified to have a `then` method &gt; already-rejected &gt; undefined" time="0">
        </testcase>
        <testcase classname="test/a-plus.spec.ts" name="2.3.4: If `x` is not an object or function, fulfill `promise` with `x` &gt; The value is `1` with `Number.prototype` modified to have a `then` method &gt; immediately-rejected &gt; undefined" time="0">
        </testcase>
        <testcase classname="test/a-plus.spec.ts" name="2.1.2.1: When fulfilled, a promise: must not transition to any other state." time="0.002">
            <failure message="No test found in suite 2.1.2.1: When fulfilled, a promise: must not transition to any other state." type="Error">
Error: No test found in suite 2.1.2.1: When fulfilled, a promise: must not transition to any other state.
            </failure>
        </testcase>
        <testcase classname="test/a-plus.spec.ts" name="already-fulfilled" time="0.001">
            <failure message="No test found in suite already-fulfilled" type="Error">
Error: No test found in suite already-fulfilled
            </failure>
        </testcase>
        <testcase classname="test/a-plus.spec.ts" name="immediately-fulfilled" time="0">
            <failure message="No test found in suite immediately-fulfilled" type="Error">
Error: No test found in suite immediately-fulfilled
            </failure>
        </testcase>
        <testcase classname="test/a-plus.spec.ts" name="eventually-fulfilled" time="0">
            <failure message="No test found in suite eventually-fulfilled" type="Error">
Error: No test found in suite eventually-fulfilled
            </failure>
        </testcase>
        <testcase classname="test/a-plus.spec.ts" name="trying to fulfill then immediately reject" time="0">
            <failure message="No test found in suite trying to fulfill then immediately reject" type="Error">
Error: No test found in suite trying to fulfill then immediately reject
            </failure>
        </testcase>
        <testcase classname="test/a-plus.spec.ts" name="trying to fulfill then reject, delayed" time="0">
            <failure message="No test found in suite trying to fulfill then reject, delayed" type="Error">
Error: No test found in suite trying to fulfill then reject, delayed
            </failure>
        </testcase>
        <testcase classname="test/a-plus.spec.ts" name="trying to fulfill immediately then reject delayed" time="0.001">
            <failure message="No test found in suite trying to fulfill immediately then reject delayed" type="Error">
Error: No test found in suite trying to fulfill immediately then reject delayed
            </failure>
        </testcase>
        <testcase classname="test/a-plus.spec.ts" name="2.1.3.1: When rejected, a promise: must not transition to any other state." time="0.001">
            <failure message="No test found in suite 2.1.3.1: When rejected, a promise: must not transition to any other state." type="Error">
Error: No test found in suite 2.1.3.1: When rejected, a promise: must not transition to any other state.
            </failure>
        </testcase>
        <testcase classname="test/a-plus.spec.ts" name="already-rejected" time="0">
            <failure message="No test found in suite already-rejected" type="Error">
Error: No test found in suite already-rejected
            </failure>
        </testcase>
        <testcase classname="test/a-plus.spec.ts" name="immediately-rejected" time="0">
            <failure message="No test found in suite immediately-rejected" type="Error">
Error: No test found in suite immediately-rejected
            </failure>
        </testcase>
        <testcase classname="test/a-plus.spec.ts" name="eventually-rejected" time="0">
            <failure message="No test found in suite eventually-rejected" type="Error">
Error: No test found in suite eventually-rejected
            </failure>
        </testcase>
        <testcase classname="test/a-plus.spec.ts" name="trying to reject then immediately fulfill" time="0">
            <failure message="No test found in suite trying to reject then immediately fulfill" type="Error">
Error: No test found in suite trying to reject then immediately fulfill
            </failure>
        </testcase>
        <testcase classname="test/a-plus.spec.ts" name="trying to reject then fulfill, delayed" time="0">
            <failure message="No test found in suite trying to reject then fulfill, delayed" type="Error">
Error: No test found in suite trying to reject then fulfill, delayed
            </failure>
        </testcase>
        <testcase classname="test/a-plus.spec.ts" name="trying to reject immediately then fulfill delayed" time="0">
            <failure message="No test found in suite trying to reject immediately then fulfill delayed" type="Error">
Error: No test found in suite trying to reject immediately then fulfill delayed
            </failure>
        </testcase>
        <testcase classname="test/a-plus.spec.ts" name="eventually-fulfilled" time="0">
            <failure message="No test found in suite eventually-fulfilled" type="Error">
Error: No test found in suite eventually-fulfilled
            </failure>
        </testcase>
        <testcase classname="test/a-plus.spec.ts" name="2.2.2.2: it must not be called before `promise` is fulfilled" time="0">
            <failure message="No test found in suite 2.2.2.2: it must not be called before `promise` is fulfilled" type="Error">
Error: No test found in suite 2.2.2.2: it must not be called before `promise` is fulfilled
            </failure>
        </testcase>
        <testcase classname="test/a-plus.spec.ts" name="fulfilled after a delay" time="0">
            <failure message="No test found in suite fulfilled after a delay" type="Error">
Error: No test found in suite fulfilled after a delay
            </failure>
        </testcase>
        <testcase classname="test/a-plus.spec.ts" name="never fulfilled" time="0">
            <failure message="No test found in suite never fulfilled" type="Error">
Error: No test found in suite never fulfilled
            </failure>
        </testcase>
        <testcase classname="test/a-plus.spec.ts" name="trying to fulfill a pending promise more than once, delayed" time="0">
            <failure message="No test found in suite trying to fulfill a pending promise more than once, delayed" type="Error">
Error: No test found in suite trying to fulfill a pending promise more than once, delayed
            </failure>
        </testcase>
        <testcase classname="test/a-plus.spec.ts" name="when multiple `then` calls are made, spaced apart in time" time="0">
            <failure message="No test found in suite when multiple `then` calls are made, spaced apart in time" type="Error">
Error: No test found in suite when multiple `then` calls are made, spaced apart in time
            </failure>
        </testcase>
        <testcase classname="test/a-plus.spec.ts" name="eventually-rejected" time="0">
            <failure message="No test found in suite eventually-rejected" type="Error">
Error: No test found in suite eventually-rejected
            </failure>
        </testcase>
        <testcase classname="test/a-plus.spec.ts" name="2.2.3.2: it must not be called before `promise` is rejected" time="0.001">
            <failure message="No test found in suite 2.2.3.2: it must not be called before `promise` is rejected" type="Error">
Error: No test found in suite 2.2.3.2: it must not be called before `promise` is rejected
            </failure>
        </testcase>
        <testcase classname="test/a-plus.spec.ts" name="rejected after a delay" time="0.001">
            <failure message="No test found in suite rejected after a delay" type="Error">
Error: No test found in suite rejected after a delay
            </failure>
        </testcase>
        <testcase classname="test/a-plus.spec.ts" name="never rejected" time="0">
            <failure message="No test found in suite never rejected" type="Error">
Error: No test found in suite never rejected
            </failure>
        </testcase>
        <testcase classname="test/a-plus.spec.ts" name="trying to reject a pending promise more than once, delayed" time="0">
            <failure message="No test found in suite trying to reject a pending promise more than once, delayed" type="Error">
Error: No test found in suite trying to reject a pending promise more than once, delayed
            </failure>
        </testcase>
        <testcase classname="test/a-plus.spec.ts" name="when multiple `then` calls are made, spaced apart in time" time="0">
            <failure message="No test found in suite when multiple `then` calls are made, spaced apart in time" type="Error">
Error: No test found in suite when multiple `then` calls are made, spaced apart in time
            </failure>
        </testcase>
        <testcase classname="test/a-plus.spec.ts" name="eventually-fulfilled" time="0">
            <failure message="No test found in suite eventually-fulfilled" type="Error">
Error: No test found in suite eventually-fulfilled
            </failure>
        </testcase>
        <testcase classname="test/a-plus.spec.ts" name="eventually-rejected" time="0">
            <failure message="No test found in suite eventually-rejected" type="Error">
Error: No test found in suite eventually-rejected
            </failure>
        </testcase>
        <testcase classname="test/a-plus.spec.ts" name="when `onFulfilled` is added immediately before the promise is fulfilled" time="0">
            <failure message="No test found in suite when `onFulfilled` is added immediately before the promise is fulfilled" type="Error">
Error: No test found in suite when `onFulfilled` is added immediately before the promise is fulfilled
            </failure>
        </testcase>
        <testcase classname="test/a-plus.spec.ts" name="when `onFulfilled` is added immediately after the promise is fulfilled" time="0.001">
            <failure message="No test found in suite when `onFulfilled` is added immediately after the promise is fulfilled" type="Error">
Error: No test found in suite when `onFulfilled` is added immediately after the promise is fulfilled
            </failure>
        </testcase>
        <testcase classname="test/a-plus.spec.ts" name="when the promise is fulfilled asynchronously" time="0">
            <failure message="No test found in suite when the promise is fulfilled asynchronously" type="Error">
Error: No test found in suite when the promise is fulfilled asynchronously
            </failure>
        </testcase>
        <testcase classname="test/a-plus.spec.ts" name="when `onRejected` is added immediately before the promise is rejected" time="0">
            <failure message="No test found in suite when `onRejected` is added immediately before the promise is rejected" type="Error">
Error: No test found in suite when `onRejected` is added immediately before the promise is rejected
            </failure>
        </testcase>
        <testcase classname="test/a-plus.spec.ts" name="when `onRejected` is added immediately after the promise is rejected" time="0">
            <failure message="No test found in suite when `onRejected` is added immediately after the promise is rejected" type="Error">
Error: No test found in suite when `onRejected` is added immediately after the promise is rejected
            </failure>
        </testcase>
        <testcase classname="test/a-plus.spec.ts" name="when the promise is rejected asynchronously" time="0">
            <failure message="No test found in suite when the promise is rejected asynchronously" type="Error">
Error: No test found in suite when the promise is rejected asynchronously
            </failure>
        </testcase>
        <testcase classname="test/a-plus.spec.ts" name="eventually-fulfilled" time="0">
            <failure message="No test found in suite eventually-fulfilled" type="Error">
Error: No test found in suite eventually-fulfilled
            </failure>
        </testcase>
        <testcase classname="test/a-plus.spec.ts" name="eventually-fulfilled" time="0">
            <failure message="No test found in suite eventually-fulfilled" type="Error">
Error: No test found in suite eventually-fulfilled
            </failure>
        </testcase>
        <testcase classname="test/a-plus.spec.ts" name="eventually-fulfilled" time="0.001">
            <failure message="No test found in suite eventually-fulfilled" type="Error">
Error: No test found in suite eventually-fulfilled
            </failure>
        </testcase>
        <testcase classname="test/a-plus.spec.ts" name="eventually-fulfilled" time="0.001">
            <failure message="No test found in suite eventually-fulfilled" type="Error">
Error: No test found in suite eventually-fulfilled
            </failure>
        </testcase>
        <testcase classname="test/a-plus.spec.ts" name="even when one handler is added inside another handler" time="0">
            <failure message="No test found in suite even when one handler is added inside another handler" type="Error">
Error: No test found in suite even when one handler is added inside another handler
            </failure>
        </testcase>
        <testcase classname="test/a-plus.spec.ts" name="already-fulfilled" time="0">
            <failure message="No test found in suite already-fulfilled" type="Error">
Error: No test found in suite already-fulfilled
            </failure>
        </testcase>
        <testcase classname="test/a-plus.spec.ts" name="immediately-fulfilled" time="0">
            <failure message="No test found in suite immediately-fulfilled" type="Error">
Error: No test found in suite immediately-fulfilled
            </failure>
        </testcase>
        <testcase classname="test/a-plus.spec.ts" name="eventually-fulfilled" time="0">
            <failure message="No test found in suite eventually-fulfilled" type="Error">
Error: No test found in suite eventually-fulfilled
            </failure>
        </testcase>
        <testcase classname="test/a-plus.spec.ts" name="eventually-rejected" time="0">
            <failure message="No test found in suite eventually-rejected" type="Error">
Error: No test found in suite eventually-rejected
            </failure>
        </testcase>
        <testcase classname="test/a-plus.spec.ts" name="eventually-rejected" time="0">
            <failure message="No test found in suite eventually-rejected" type="Error">
Error: No test found in suite eventually-rejected
            </failure>
        </testcase>
        <testcase classname="test/a-plus.spec.ts" name="eventually-rejected" time="0">
            <failure message="No test found in suite eventually-rejected" type="Error">
Error: No test found in suite eventually-rejected
            </failure>
        </testcase>
        <testcase classname="test/a-plus.spec.ts" name="eventually-rejected" time="0">
            <failure message="No test found in suite eventually-rejected" type="Error">
Error: No test found in suite eventually-rejected
            </failure>
        </testcase>
        <testcase classname="test/a-plus.spec.ts" name="even when one handler is added inside another handler" time="0">
            <failure message="No test found in suite even when one handler is added inside another handler" type="Error">
Error: No test found in suite even when one handler is added inside another handler
            </failure>
        </testcase>
        <testcase classname="test/a-plus.spec.ts" name="already-rejected" time="0">
            <failure message="No test found in suite already-rejected" type="Error">
Error: No test found in suite already-rejected
            </failure>
        </testcase>
        <testcase classname="test/a-plus.spec.ts" name="immediately-rejected" time="0">
            <failure message="No test found in suite immediately-rejected" type="Error">
Error: No test found in suite immediately-rejected
            </failure>
        </testcase>
        <testcase classname="test/a-plus.spec.ts" name="eventually-rejected" time="0">
            <failure message="No test found in suite eventually-rejected" type="Error">
Error: No test found in suite eventually-rejected
            </failure>
        </testcase>
        <testcase classname="test/a-plus.spec.ts" name="is a promise" time="0.001">
            <failure message="No test found in suite is a promise" type="Error">
Error: No test found in suite is a promise
            </failure>
        </testcase>
        <testcase classname="test/a-plus.spec.ts" name="2.2.7.1: If either `onFulfilled` or `onRejected` returns a value `x`, run the Promise Resolution Procedure `[[Resolve]](promise2, x)`" time="0">
            <failure message="No test found in suite 2.2.7.1: If either `onFulfilled` or `onRejected` returns a value `x`, run the Promise Resolution Procedure `[[Resolve]](promise2, x)`" type="Error">
Error: No test found in suite 2.2.7.1: If either `onFulfilled` or `onRejected` returns a value `x`, run the Promise Resolution Procedure `[[Resolve]](promise2, x)`
            </failure>
        </testcase>
        <testcase classname="test/a-plus.spec.ts" name="see separate 3.3 tests" time="0">
            <failure message="No test found in suite see separate 3.3 tests" type="Error">
Error: No test found in suite see separate 3.3 tests
            </failure>
        </testcase>
        <testcase classname="test/a-plus.spec.ts" name="eventually-fulfilled" time="0">
            <failure message="No test found in suite eventually-fulfilled" type="Error">
Error: No test found in suite eventually-fulfilled
            </failure>
        </testcase>
        <testcase classname="test/a-plus.spec.ts" name="eventually-rejected" time="0">
            <failure message="No test found in suite eventually-rejected" type="Error">
Error: No test found in suite eventually-rejected
            </failure>
        </testcase>
        <testcase classname="test/a-plus.spec.ts" name="eventually-fulfilled" time="0">
            <failure message="No test found in suite eventually-fulfilled" type="Error">
Error: No test found in suite eventually-fulfilled
            </failure>
        </testcase>
        <testcase classname="test/a-plus.spec.ts" name="eventually-rejected" time="0">
            <failure message="No test found in suite eventually-rejected" type="Error">
Error: No test found in suite eventually-rejected
            </failure>
        </testcase>
        <testcase classname="test/a-plus.spec.ts" name="eventually-fulfilled" time="0">
            <failure message="No test found in suite eventually-fulfilled" type="Error">
Error: No test found in suite eventually-fulfilled
            </failure>
        </testcase>
        <testcase classname="test/a-plus.spec.ts" name="eventually-rejected" time="0.001">
            <failure message="No test found in suite eventually-rejected" type="Error">
Error: No test found in suite eventually-rejected
            </failure>
        </testcase>
        <testcase classname="test/a-plus.spec.ts" name="eventually-fulfilled" time="0">
            <failure message="No test found in suite eventually-fulfilled" type="Error">
Error: No test found in suite eventually-fulfilled
            </failure>
        </testcase>
        <testcase classname="test/a-plus.spec.ts" name="eventually-rejected" time="0">
            <failure message="No test found in suite eventually-rejected" type="Error">
Error: No test found in suite eventually-rejected
            </failure>
        </testcase>
        <testcase classname="test/a-plus.spec.ts" name="eventually-fulfilled" time="0">
            <failure message="No test found in suite eventually-fulfilled" type="Error">
Error: No test found in suite eventually-fulfilled
            </failure>
        </testcase>
        <testcase classname="test/a-plus.spec.ts" name="eventually-rejected" time="0">
            <failure message="No test found in suite eventually-rejected" type="Error">
Error: No test found in suite eventually-rejected
            </failure>
        </testcase>
        <testcase classname="test/a-plus.spec.ts" name="eventually-fulfilled" time="0">
            <failure message="No test found in suite eventually-fulfilled" type="Error">
Error: No test found in suite eventually-fulfilled
            </failure>
        </testcase>
        <testcase classname="test/a-plus.spec.ts" name="eventually-rejected" time="0">
            <failure message="No test found in suite eventually-rejected" type="Error">
Error: No test found in suite eventually-rejected
            </failure>
        </testcase>
        <testcase classname="test/a-plus.spec.ts" name="eventually-fulfilled" time="0">
            <failure message="No test found in suite eventually-fulfilled" type="Error">
Error: No test found in suite eventually-fulfilled
            </failure>
        </testcase>
        <testcase classname="test/a-plus.spec.ts" name="eventually-rejected" time="0">
            <failure message="No test found in suite eventually-rejected" type="Error">
Error: No test found in suite eventually-rejected
            </failure>
        </testcase>
        <testcase classname="test/a-plus.spec.ts" name="eventually-fulfilled" time="0">
            <failure message="No test found in suite eventually-fulfilled" type="Error">
Error: No test found in suite eventually-fulfilled
            </failure>
        </testcase>
        <testcase classname="test/a-plus.spec.ts" name="eventually-rejected" time="0">
            <failure message="No test found in suite eventually-rejected" type="Error">
Error: No test found in suite eventually-rejected
            </failure>
        </testcase>
        <testcase classname="test/a-plus.spec.ts" name="eventually-fulfilled" time="0">
            <failure message="No test found in suite eventually-fulfilled" type="Error">
Error: No test found in suite eventually-fulfilled
            </failure>
        </testcase>
        <testcase classname="test/a-plus.spec.ts" name="eventually-rejected" time="0">
            <failure message="No test found in suite eventually-rejected" type="Error">
Error: No test found in suite eventually-rejected
            </failure>
        </testcase>
        <testcase classname="test/a-plus.spec.ts" name="eventually-fulfilled" time="0">
            <failure message="No test found in suite eventually-fulfilled" type="Error">
Error: No test found in suite eventually-fulfilled
            </failure>
        </testcase>
        <testcase classname="test/a-plus.spec.ts" name="eventually-rejected" time="0">
            <failure message="No test found in suite eventually-rejected" type="Error">
Error: No test found in suite eventually-rejected
            </failure>
        </testcase>
        <testcase classname="test/a-plus.spec.ts" name="eventually-fulfilled" time="0">
            <failure message="No test found in suite eventually-fulfilled" type="Error">
Error: No test found in suite eventually-fulfilled
            </failure>
        </testcase>
        <testcase classname="test/a-plus.spec.ts" name="eventually-rejected" time="0">
            <failure message="No test found in suite eventually-rejected" type="Error">
Error: No test found in suite eventually-rejected
            </failure>
        </testcase>
        <testcase classname="test/a-plus.spec.ts" name="eventually-fulfilled" time="0">
            <failure message="No test found in suite eventually-fulfilled" type="Error">
Error: No test found in suite eventually-fulfilled
            </failure>
        </testcase>
        <testcase classname="test/a-plus.spec.ts" name="eventually-fulfilled" time="0.001">
            <failure message="No test found in suite eventually-fulfilled" type="Error">
Error: No test found in suite eventually-fulfilled
            </failure>
        </testcase>
        <testcase classname="test/a-plus.spec.ts" name="eventually-fulfilled" time="0">
            <failure message="No test found in suite eventually-fulfilled" type="Error">
Error: No test found in suite eventually-fulfilled
            </failure>
        </testcase>
        <testcase classname="test/a-plus.spec.ts" name="eventually-fulfilled" time="0">
            <failure message="No test found in suite eventually-fulfilled" type="Error">
Error: No test found in suite eventually-fulfilled
            </failure>
        </testcase>
        <testcase classname="test/a-plus.spec.ts" name="eventually-fulfilled" time="0">
            <failure message="No test found in suite eventually-fulfilled" type="Error">
Error: No test found in suite eventually-fulfilled
            </failure>
        </testcase>
        <testcase classname="test/a-plus.spec.ts" name="eventually-fulfilled" time="0">
            <failure message="No test found in suite eventually-fulfilled" type="Error">
Error: No test found in suite eventually-fulfilled
            </failure>
        </testcase>
        <testcase classname="test/a-plus.spec.ts" name="eventually-rejected" time="0.001">
            <failure message="No test found in suite eventually-rejected" type="Error">
Error: No test found in suite eventually-rejected
            </failure>
        </testcase>
        <testcase classname="test/a-plus.spec.ts" name="eventually-rejected" time="0">
            <failure message="No test found in suite eventually-rejected" type="Error">
Error: No test found in suite eventually-rejected
            </failure>
        </testcase>
        <testcase classname="test/a-plus.spec.ts" name="eventually-rejected" time="0">
            <failure message="No test found in suite eventually-rejected" type="Error">
Error: No test found in suite eventually-rejected
            </failure>
        </testcase>
        <testcase classname="test/a-plus.spec.ts" name="eventually-rejected" time="0">
            <failure message="No test found in suite eventually-rejected" type="Error">
Error: No test found in suite eventually-rejected
            </failure>
        </testcase>
        <testcase classname="test/a-plus.spec.ts" name="eventually-rejected" time="0">
            <failure message="No test found in suite eventually-rejected" type="Error">
Error: No test found in suite eventually-rejected
            </failure>
        </testcase>
        <testcase classname="test/a-plus.spec.ts" name="eventually-rejected" time="0.001">
            <failure message="No test found in suite eventually-rejected" type="Error">
Error: No test found in suite eventually-rejected
            </failure>
        </testcase>
        <testcase classname="test/a-plus.spec.ts" name="2.3.2: If `x` is a promise, adopt its state" time="0.01">
            <failure message="No test found in suite 2.3.2: If `x` is a promise, adopt its state" type="Error">
Error: No test found in suite 2.3.2: If `x` is a promise, adopt its state
            </failure>
        </testcase>
        <testcase classname="test/a-plus.spec.ts" name="2.3.2.1: If `x` is pending, `promise` must remain pending until `x` is fulfilled or rejected." time="0">
            <failure message="No test found in suite 2.3.2.1: If `x` is pending, `promise` must remain pending until `x` is fulfilled or rejected." type="Error">
Error: No test found in suite 2.3.2.1: If `x` is pending, `promise` must remain pending until `x` is fulfilled or rejected.
            </failure>
        </testcase>
        <testcase classname="test/a-plus.spec.ts" name="via return from a fulfilled promise" time="0">
            <failure message="No test found in suite via return from a fulfilled promise" type="Error">
Error: No test found in suite via return from a fulfilled promise
            </failure>
        </testcase>
        <testcase classname="test/a-plus.spec.ts" name="via return from a rejected promise" time="0">
            <failure message="No test found in suite via return from a rejected promise" type="Error">
Error: No test found in suite via return from a rejected promise
            </failure>
        </testcase>
        <testcase classname="test/a-plus.spec.ts" name="2.3.2.2: If/when `x` is fulfilled, fulfill `promise` with the same value." time="0.002">
            <failure message="No test found in suite 2.3.2.2: If/when `x` is fulfilled, fulfill `promise` with the same value." type="Error">
Error: No test found in suite 2.3.2.2: If/when `x` is fulfilled, fulfill `promise` with the same value.
            </failure>
        </testcase>
        <testcase classname="test/a-plus.spec.ts" name="`x` is already-fulfilled" time="0.001">
            <failure message="No test found in suite `x` is already-fulfilled" type="Error">
Error: No test found in suite `x` is already-fulfilled
            </failure>
        </testcase>
        <testcase classname="test/a-plus.spec.ts" name="via return from a fulfilled promise" time="0">
            <failure message="No test found in suite via return from a fulfilled promise" type="Error">
Error: No test found in suite via return from a fulfilled promise
            </failure>
        </testcase>
        <testcase classname="test/a-plus.spec.ts" name="via return from a rejected promise" time="0.001">
            <failure message="No test found in suite via return from a rejected promise" type="Error">
Error: No test found in suite via return from a rejected promise
            </failure>
        </testcase>
        <testcase classname="test/a-plus.spec.ts" name="`x` is eventually-fulfilled" time="0.001">
            <failure message="No test found in suite `x` is eventually-fulfilled" type="Error">
Error: No test found in suite `x` is eventually-fulfilled
            </failure>
        </testcase>
        <testcase classname="test/a-plus.spec.ts" name="via return from a fulfilled promise" time="0">
            <failure message="No test found in suite via return from a fulfilled promise" type="Error">
Error: No test found in suite via return from a fulfilled promise
            </failure>
        </testcase>
        <testcase classname="test/a-plus.spec.ts" name="via return from a rejected promise" time="0.001">
            <failure message="No test found in suite via return from a rejected promise" type="Error">
Error: No test found in suite via return from a rejected promise
            </failure>
        </testcase>
        <testcase classname="test/a-plus.spec.ts" name="2.3.2.3: If/when `x` is rejected, reject `promise` with the same reason." time="0.008">
            <failure message="No test found in suite 2.3.2.3: If/when `x` is rejected, reject `promise` with the same reason." type="Error">
Error: No test found in suite 2.3.2.3: If/when `x` is rejected, reject `promise` with the same reason.
            </failure>
        </testcase>
        <testcase classname="test/a-plus.spec.ts" name="`x` is already-rejected" time="0.007">
            <failure message="No test found in suite `x` is already-rejected" type="Error">
Error: No test found in suite `x` is already-rejected
            </failure>
        </testcase>
        <testcase classname="test/a-plus.spec.ts" name="via return from a fulfilled promise" time="0.007">
            <failure message="No test found in suite via return from a fulfilled promise" type="Error">
Error: No test found in suite via return from a fulfilled promise
            </failure>
        </testcase>
        <testcase classname="test/a-plus.spec.ts" name="via return from a rejected promise" time="0">
            <failure message="No test found in suite via return from a rejected promise" type="Error">
Error: No test found in suite via return from a rejected promise
            </failure>
        </testcase>
        <testcase classname="test/a-plus.spec.ts" name="`x` is eventually-rejected" time="0">
            <failure message="No test found in suite `x` is eventually-rejected" type="Error">
Error: No test found in suite `x` is eventually-rejected
            </failure>
        </testcase>
        <testcase classname="test/a-plus.spec.ts" name="via return from a fulfilled promise" time="0">
            <failure message="No test found in suite via return from a fulfilled promise" type="Error">
Error: No test found in suite via return from a fulfilled promise
            </failure>
        </testcase>
        <testcase classname="test/a-plus.spec.ts" name="via return from a rejected promise" time="0">
            <failure message="No test found in suite via return from a rejected promise" type="Error">
Error: No test found in suite via return from a rejected promise
            </failure>
        </testcase>
        <testcase classname="test/a-plus.spec.ts" name="2.3.3.1: Let `then` be `x.then`" time="0.001">
            <failure message="No test found in suite 2.3.3.1: Let `then` be `x.then`" type="Error">
Error: No test found in suite 2.3.3.1: Let `then` be `x.then`
            </failure>
        </testcase>
        <testcase classname="test/a-plus.spec.ts" name="`x` is an object with null prototype" time="0">
            <failure message="No test found in suite `x` is an object with null prototype" type="Error">
Error: No test found in suite `x` is an object with null prototype
            </failure>
        </testcase>
        <testcase classname="test/a-plus.spec.ts" name="via return from a fulfilled promise" time="0">
            <failure message="No test found in suite via return from a fulfilled promise" type="Error">
Error: No test found in suite via return from a fulfilled promise
            </failure>
        </testcase>
        <testcase classname="test/a-plus.spec.ts" name="via return from a rejected promise" time="0">
            <failure message="No test found in suite via return from a rejected promise" type="Error">
Error: No test found in suite via return from a rejected promise
            </failure>
        </testcase>
        <testcase classname="test/a-plus.spec.ts" name="`x` is an object with normal Object.prototype" time="0">
            <failure message="No test found in suite `x` is an object with normal Object.prototype" type="Error">
Error: No test found in suite `x` is an object with normal Object.prototype
            </failure>
        </testcase>
        <testcase classname="test/a-plus.spec.ts" name="via return from a fulfilled promise" time="0">
            <failure message="No test found in suite via return from a fulfilled promise" type="Error">
Error: No test found in suite via return from a fulfilled promise
            </failure>
        </testcase>
        <testcase classname="test/a-plus.spec.ts" name="via return from a rejected promise" time="0">
            <failure message="No test found in suite via return from a rejected promise" type="Error">
Error: No test found in suite via return from a rejected promise
            </failure>
        </testcase>
        <testcase classname="test/a-plus.spec.ts" name="`x` is a function" time="0.001">
            <failure message="No test found in suite `x` is a function" type="Error">
Error: No test found in suite `x` is a function
            </failure>
        </testcase>
        <testcase classname="test/a-plus.spec.ts" name="via return from a fulfilled promise" time="0">
            <failure message="No test found in suite via return from a fulfilled promise" type="Error">
Error: No test found in suite via return from a fulfilled promise
            </failure>
        </testcase>
        <testcase classname="test/a-plus.spec.ts" name="via return from a rejected promise" time="0">
            <failure message="No test found in suite via return from a rejected promise" type="Error">
Error: No test found in suite via return from a rejected promise
            </failure>
        </testcase>
        <testcase classname="test/a-plus.spec.ts" name="Calls with `x` as `this` and two function arguments" time="0">
            <failure message="No test found in suite Calls with `x` as `this` and two function arguments" type="Error">
Error: No test found in suite Calls with `x` as `this` and two function arguments
            </failure>
        </testcase>
        <testcase classname="test/a-plus.spec.ts" name="via return from a fulfilled promise" time="0">
            <failure message="No test found in suite via return from a fulfilled promise" type="Error">
Error: No test found in suite via return from a fulfilled promise
            </failure>
        </testcase>
        <testcase classname="test/a-plus.spec.ts" name="via return from a rejected promise" time="0">
            <failure message="No test found in suite via return from a rejected promise" type="Error">
Error: No test found in suite via return from a rejected promise
            </failure>
        </testcase>
        <testcase classname="test/a-plus.spec.ts" name="2.3.3.3.1: If/when `resolvePromise` is called with value `y`, run `[[Resolve]](promise, y)`" time="0.062">
            <failure message="No test found in suite 2.3.3.3.1: If/when `resolvePromise` is called with value `y`, run `[[Resolve]](promise, y)`" type="Error">
Error: No test found in suite 2.3.3.3.1: If/when `resolvePromise` is called with value `y`, run `[[Resolve]](promise, y)`
            </failure>
        </testcase>
        <testcase classname="test/a-plus.spec.ts" name="`y` is not a thenable" time="0.004">
            <failure message="No test found in suite `y` is not a thenable" type="Error">
Error: No test found in suite `y` is not a thenable
            </failure>
        </testcase>
        <testcase classname="test/a-plus.spec.ts" name="`y` is `undefined`" time="0.001">
            <failure message="No test found in suite `y` is `undefined`" type="Error">
Error: No test found in suite `y` is `undefined`
            </failure>
        </testcase>
        <testcase classname="test/a-plus.spec.ts" name="`then` calls `resolvePromise` synchronously" time="0.001">
            <failure message="No test found in suite `then` calls `resolvePromise` synchronously" type="Error">
Error: No test found in suite `then` calls `resolvePromise` synchronously
            </failure>
        </testcase>
        <testcase classname="test/a-plus.spec.ts" name="via return from a fulfilled promise" time="0">
            <failure message="No test found in suite via return from a fulfilled promise" type="Error">
Error: No test found in suite via return from a fulfilled promise
            </failure>
        </testcase>
        <testcase classname="test/a-plus.spec.ts" name="via return from a rejected promise" time="0">
            <failure message="No test found in suite via return from a rejected promise" type="Error">
Error: No test found in suite via return from a rejected promise
            </failure>
        </testcase>
        <testcase classname="test/a-plus.spec.ts" name="`then` calls `resolvePromise` asynchronously" time="0">
            <failure message="No test found in suite `then` calls `resolvePromise` asynchronously" type="Error">
Error: No test found in suite `then` calls `resolvePromise` asynchronously
            </failure>
        </testcase>
        <testcase classname="test/a-plus.spec.ts" name="via return from a fulfilled promise" time="0">
            <failure message="No test found in suite via return from a fulfilled promise" type="Error">
Error: No test found in suite via return from a fulfilled promise
            </failure>
        </testcase>
        <testcase classname="test/a-plus.spec.ts" name="via return from a rejected promise" time="0">
            <failure message="No test found in suite via return from a rejected promise" type="Error">
Error: No test found in suite via return from a rejected promise
            </failure>
        </testcase>
        <testcase classname="test/a-plus.spec.ts" name="`y` is `null`" time="0.001">
            <failure message="No test found in suite `y` is `null`" type="Error">
Error: No test found in suite `y` is `null`
            </failure>
        </testcase>
        <testcase classname="test/a-plus.spec.ts" name="`then` calls `resolvePromise` synchronously" time="0">
            <failure message="No test found in suite `then` calls `resolvePromise` synchronously" type="Error">
Error: No test found in suite `then` calls `resolvePromise` synchronously
            </failure>
        </testcase>
        <testcase classname="test/a-plus.spec.ts" name="via return from a fulfilled promise" time="0">
            <failure message="No test found in suite via return from a fulfilled promise" type="Error">
Error: No test found in suite via return from a fulfilled promise
            </failure>
        </testcase>
        <testcase classname="test/a-plus.spec.ts" name="via return from a rejected promise" time="0">
            <failure message="No test found in suite via return from a rejected promise" type="Error">
Error: No test found in suite via return from a rejected promise
            </failure>
        </testcase>
        <testcase classname="test/a-plus.spec.ts" name="`then` calls `resolvePromise` asynchronously" time="0">
            <failure message="No test found in suite `then` calls `resolvePromise` asynchronously" type="Error">
Error: No test found in suite `then` calls `resolvePromise` asynchronously
            </failure>
        </testcase>
        <testcase classname="test/a-plus.spec.ts" name="via return from a fulfilled promise" time="0">
            <failure message="No test found in suite via return from a fulfilled promise" type="Error">
Error: No test found in suite via return from a fulfilled promise
            </failure>
        </testcase>
        <testcase classname="test/a-plus.spec.ts" name="via return from a rejected promise" time="0">
            <failure message="No test found in suite via return from a rejected promise" type="Error">
Error: No test found in suite via return from a rejected promise
            </failure>
        </testcase>
        <testcase classname="test/a-plus.spec.ts" name="`y` is `false`" time="0">
            <failure message="No test found in suite `y` is `false`" type="Error">
Error: No test found in suite `y` is `false`
            </failure>
        </testcase>
        <testcase classname="test/a-plus.spec.ts" name="`then` calls `resolvePromise` synchronously" time="0">
            <failure message="No test found in suite `then` calls `resolvePromise` synchronously" type="Error">
Error: No test found in suite `then` calls `resolvePromise` synchronously
            </failure>
        </testcase>
        <testcase classname="test/a-plus.spec.ts" name="via return from a fulfilled promise" time="0">
            <failure message="No test found in suite via return from a fulfilled promise" type="Error">
Error: No test found in suite via return from a fulfilled promise
            </failure>
        </testcase>
        <testcase classname="test/a-plus.spec.ts" name="via return from a rejected promise" time="0">
            <failure message="No test found in suite via return from a rejected promise" type="Error">
Error: No test found in suite via return from a rejected promise
            </failure>
        </testcase>
        <testcase classname="test/a-plus.spec.ts" name="`then` calls `resolvePromise` asynchronously" time="0">
            <failure message="No test found in suite `then` calls `resolvePromise` asynchronously" type="Error">
Error: No test found in suite `then` calls `resolvePromise` asynchronously
            </failure>
        </testcase>
        <testcase classname="test/a-plus.spec.ts" name="via return from a fulfilled promise" time="0">
            <failure message="No test found in suite via return from a fulfilled promise" type="Error">
Error: No test found in suite via return from a fulfilled promise
            </failure>
        </testcase>
        <testcase classname="test/a-plus.spec.ts" name="via return from a rejected promise" time="0">
            <failure message="No test found in suite via return from a rejected promise" type="Error">
Error: No test found in suite via return from a rejected promise
            </failure>
        </testcase>
        <testcase classname="test/a-plus.spec.ts" name="`y` is `5`" time="0.001">
            <failure message="No test found in suite `y` is `5`" type="Error">
Error: No test found in suite `y` is `5`
            </failure>
        </testcase>
        <testcase classname="test/a-plus.spec.ts" name="`then` calls `resolvePromise` synchronously" time="0">
            <failure message="No test found in suite `then` calls `resolvePromise` synchronously" type="Error">
Error: No test found in suite `then` calls `resolvePromise` synchronously
            </failure>
        </testcase>
        <testcase classname="test/a-plus.spec.ts" name="via return from a fulfilled promise" time="0">
            <failure message="No test found in suite via return from a fulfilled promise" type="Error">
Error: No test found in suite via return from a fulfilled promise
            </failure>
        </testcase>
        <testcase classname="test/a-plus.spec.ts" name="via return from a rejected promise" time="0">
            <failure message="No test found in suite via return from a rejected promise" type="Error">
Error: No test found in suite via return from a rejected promise
            </failure>
        </testcase>
        <testcase classname="test/a-plus.spec.ts" name="`then` calls `resolvePromise` asynchronously" time="0.001">
            <failure message="No test found in suite `then` calls `resolvePromise` asynchronously" type="Error">
Error: No test found in suite `then` calls `resolvePromise` asynchronously
            </failure>
        </testcase>
        <testcase classname="test/a-plus.spec.ts" name="via return from a fulfilled promise" time="0.001">
            <failure message="No test found in suite via return from a fulfilled promise" type="Error">
Error: No test found in suite via return from a fulfilled promise
            </failure>
        </testcase>
        <testcase classname="test/a-plus.spec.ts" name="via return from a rejected promise" time="0">
            <failure message="No test found in suite via return from a rejected promise" type="Error">
Error: No test found in suite via return from a rejected promise
            </failure>
        </testcase>
        <testcase classname="test/a-plus.spec.ts" name="`y` is an object" time="0.001">
            <failure message="No test found in suite `y` is an object" type="Error">
Error: No test found in suite `y` is an object
            </failure>
        </testcase>
        <testcase classname="test/a-plus.spec.ts" name="`then` calls `resolvePromise` synchronously" time="0">
            <failure message="No test found in suite `then` calls `resolvePromise` synchronously" type="Error">
Error: No test found in suite `then` calls `resolvePromise` synchronously
            </failure>
        </testcase>
        <testcase classname="test/a-plus.spec.ts" name="via return from a fulfilled promise" time="0">
            <failure message="No test found in suite via return from a fulfilled promise" type="Error">
Error: No test found in suite via return from a fulfilled promise
            </failure>
        </testcase>
        <testcase classname="test/a-plus.spec.ts" name="via return from a rejected promise" time="0">
            <failure message="No test found in suite via return from a rejected promise" type="Error">
Error: No test found in suite via return from a rejected promise
            </failure>
        </testcase>
        <testcase classname="test/a-plus.spec.ts" name="`then` calls `resolvePromise` asynchronously" time="0">
            <failure message="No test found in suite `then` calls `resolvePromise` asynchronously" type="Error">
Error: No test found in suite `then` calls `resolvePromise` asynchronously
            </failure>
        </testcase>
        <testcase classname="test/a-plus.spec.ts" name="via return from a fulfilled promise" time="0">
            <failure message="No test found in suite via return from a fulfilled promise" type="Error">
Error: No test found in suite via return from a fulfilled promise
            </failure>
        </testcase>
        <testcase classname="test/a-plus.spec.ts" name="via return from a rejected promise" time="0">
            <failure message="No test found in suite via return from a rejected promise" type="Error">
Error: No test found in suite via return from a rejected promise
            </failure>
        </testcase>
        <testcase classname="test/a-plus.spec.ts" name="`y` is an array" time="0">
            <failure message="No test found in suite `y` is an array" type="Error">
Error: No test found in suite `y` is an array
            </failure>
        </testcase>
        <testcase classname="test/a-plus.spec.ts" name="`then` calls `resolvePromise` synchronously" time="0">
            <failure message="No test found in suite `then` calls `resolvePromise` synchronously" type="Error">
Error: No test found in suite `then` calls `resolvePromise` synchronously
            </failure>
        </testcase>
        <testcase classname="test/a-plus.spec.ts" name="via return from a fulfilled promise" time="0">
            <failure message="No test found in suite via return from a fulfilled promise" type="Error">
Error: No test found in suite via return from a fulfilled promise
            </failure>
        </testcase>
        <testcase classname="test/a-plus.spec.ts" name="via return from a rejected promise" time="0">
            <failure message="No test found in suite via return from a rejected promise" type="Error">
Error: No test found in suite via return from a rejected promise
            </failure>
        </testcase>
        <testcase classname="test/a-plus.spec.ts" name="`then` calls `resolvePromise` asynchronously" time="0">
            <failure message="No test found in suite `then` calls `resolvePromise` asynchronously" type="Error">
Error: No test found in suite `then` calls `resolvePromise` asynchronously
            </failure>
        </testcase>
        <testcase classname="test/a-plus.spec.ts" name="via return from a fulfilled promise" time="0">
            <failure message="No test found in suite via return from a fulfilled promise" type="Error">
Error: No test found in suite via return from a fulfilled promise
            </failure>
        </testcase>
        <testcase classname="test/a-plus.spec.ts" name="via return from a rejected promise" time="0">
            <failure message="No test found in suite via return from a rejected promise" type="Error">
Error: No test found in suite via return from a rejected promise
            </failure>
        </testcase>
        <testcase classname="test/a-plus.spec.ts" name="`y` is a thenable" time="0.012">
            <failure message="No test found in suite `y` is a thenable" type="Error">
Error: No test found in suite `y` is a thenable
            </failure>
        </testcase>
        <testcase classname="test/a-plus.spec.ts" name="`y` is a synchronously-fulfilled custom thenable" time="0.001">
            <failure message="No test found in suite `y` is a synchronously-fulfilled custom thenable" type="Error">
Error: No test found in suite `y` is a synchronously-fulfilled custom thenable
            </failure>
        </testcase>
        <testcase classname="test/a-plus.spec.ts" name="`then` calls `resolvePromise` synchronously" time="0.001">
            <failure message="No test found in suite `then` calls `resolvePromise` synchronously" type="Error">
Error: No test found in suite `then` calls `resolvePromise` synchronously
            </failure>
        </testcase>
        <testcase classname="test/a-plus.spec.ts" name="via return from a fulfilled promise" time="0">
            <failure message="No test found in suite via return from a fulfilled promise" type="Error">
Error: No test found in suite via return from a fulfilled promise
            </failure>
        </testcase>
        <testcase classname="test/a-plus.spec.ts" name="via return from a rejected promise" time="0">
            <failure message="No test found in suite via return from a rejected promise" type="Error">
Error: No test found in suite via return from a rejected promise
            </failure>
        </testcase>
        <testcase classname="test/a-plus.spec.ts" name="`then` calls `resolvePromise` asynchronously" time="0">
            <failure message="No test found in suite `then` calls `resolvePromise` asynchronously" type="Error">
Error: No test found in suite `then` calls `resolvePromise` asynchronously
            </failure>
        </testcase>
        <testcase classname="test/a-plus.spec.ts" name="via return from a fulfilled promise" time="0">
            <failure message="No test found in suite via return from a fulfilled promise" type="Error">
Error: No test found in suite via return from a fulfilled promise
            </failure>
        </testcase>
        <testcase classname="test/a-plus.spec.ts" name="via return from a rejected promise" time="0">
            <failure message="No test found in suite via return from a rejected promise" type="Error">
Error: No test found in suite via return from a rejected promise
            </failure>
        </testcase>
        <testcase classname="test/a-plus.spec.ts" name="`y` is an asynchronously-fulfilled custom thenable" time="0.001">
            <failure message="No test found in suite `y` is an asynchronously-fulfilled custom thenable" type="Error">
Error: No test found in suite `y` is an asynchronously-fulfilled custom thenable
            </failure>
        </testcase>
        <testcase classname="test/a-plus.spec.ts" name="`then` calls `resolvePromise` synchronously" time="0">
            <failure message="No test found in suite `then` calls `resolvePromise` synchronously" type="Error">
Error: No test found in suite `then` calls `resolvePromise` synchronously
            </failure>
        </testcase>
        <testcase classname="test/a-plus.spec.ts" name="via return from a fulfilled promise" time="0">
            <failure message="No test found in suite via return from a fulfilled promise" type="Error">
Error: No test found in suite via return from a fulfilled promise
            </failure>
        </testcase>
        <testcase classname="test/a-plus.spec.ts" name="via return from a rejected promise" time="0">
            <failure message="No test found in suite via return from a rejected promise" type="Error">
Error: No test found in suite via return from a rejected promise
            </failure>
        </testcase>
        <testcase classname="test/a-plus.spec.ts" name="`then` calls `resolvePromise` asynchronously" time="0">
            <failure message="No test found in suite `then` calls `resolvePromise` asynchronously" type="Error">
Error: No test found in suite `then` calls `resolvePromise` asynchronously
            </failure>
        </testcase>
        <testcase classname="test/a-plus.spec.ts" name="via return from a fulfilled promise" time="0">
            <failure message="No test found in suite via return from a fulfilled promise" type="Error">
Error: No test found in suite via return from a fulfilled promise
            </failure>
        </testcase>
        <testcase classname="test/a-plus.spec.ts" name="via return from a rejected promise" time="0">
            <failure message="No test found in suite via return from a rejected promise" type="Error">
Error: No test found in suite via return from a rejected promise
            </failure>
        </testcase>
        <testcase classname="test/a-plus.spec.ts" name="`y` is a synchronously-fulfilled one-time thenable" time="0">
            <failure message="No test found in suite `y` is a synchronously-fulfilled one-time thenable" type="Error">
Error: No test found in suite `y` is a synchronously-fulfilled one-time thenable
            </failure>
        </testcase>
        <testcase classname="test/a-plus.spec.ts" name="`then` calls `resolvePromise` synchronously" time="0">
            <failure message="No test found in suite `then` calls `resolvePromise` synchronously" type="Error">
Error: No test found in suite `then` calls `resolvePromise` synchronously
            </failure>
        </testcase>
        <testcase classname="test/a-plus.spec.ts" name="via return from a fulfilled promise" time="0">
            <failure message="No test found in suite via return from a fulfilled promise" type="Error">
Error: No test found in suite via return from a fulfilled promise
            </failure>
        </testcase>
        <testcase classname="test/a-plus.spec.ts" name="via return from a rejected promise" time="0">
            <failure message="No test found in suite via return from a rejected promise" type="Error">
Error: No test found in suite via return from a rejected promise
            </failure>
        </testcase>
        <testcase classname="test/a-plus.spec.ts" name="`then` calls `resolvePromise` asynchronously" time="0">
            <failure message="No test found in suite `then` calls `resolvePromise` asynchronously" type="Error">
Error: No test found in suite `then` calls `resolvePromise` asynchronously
            </failure>
        </testcase>
        <testcase classname="test/a-plus.spec.ts" name="via return from a fulfilled promise" time="0">
            <failure message="No test found in suite via return from a fulfilled promise" type="Error">
Error: No test found in suite via return from a fulfilled promise
            </failure>
        </testcase>
        <testcase classname="test/a-plus.spec.ts" name="via return from a rejected promise" time="0">
            <failure message="No test found in suite via return from a rejected promise" type="Error">
Error: No test found in suite via return from a rejected promise
            </failure>
        </testcase>
        <testcase classname="test/a-plus.spec.ts" name="`y` is a thenable that tries to fulfill twice" time="0.001">
            <failure message="No test found in suite `y` is a thenable that tries to fulfill twice" type="Error">
Error: No test found in suite `y` is a thenable that tries to fulfill twice
            </failure>
        </testcase>
        <testcase classname="test/a-plus.spec.ts" name="`then` calls `resolvePromise` synchronously" time="0">
            <failure message="No test found in suite `then` calls `resolvePromise` synchronously" type="Error">
Error: No test found in suite `then` calls `resolvePromise` synchronously
            </failure>
        </testcase>
        <testcase classname="test/a-plus.spec.ts" name="via return from a fulfilled promise" time="0">
            <failure message="No test found in suite via return from a fulfilled promise" type="Error">
Error: No test found in suite via return from a fulfilled promise
            </failure>
        </testcase>
        <testcase classname="test/a-plus.spec.ts" name="via return from a rejected promise" time="0">
            <failure message="No test found in suite via return from a rejected promise" type="Error">
Error: No test found in suite via return from a rejected promise
            </failure>
        </testcase>
        <testcase classname="test/a-plus.spec.ts" name="`then` calls `resolvePromise` asynchronously" time="0.001">
            <failure message="No test found in suite `then` calls `resolvePromise` asynchronously" type="Error">
Error: No test found in suite `then` calls `resolvePromise` asynchronously
            </failure>
        </testcase>
        <testcase classname="test/a-plus.spec.ts" name="via return from a fulfilled promise" time="0.001">
            <failure message="No test found in suite via return from a fulfilled promise" type="Error">
Error: No test found in suite via return from a fulfilled promise
            </failure>
        </testcase>
        <testcase classname="test/a-plus.spec.ts" name="via return from a rejected promise" time="0">
            <failure message="No test found in suite via return from a rejected promise" type="Error">
Error: No test found in suite via return from a rejected promise
            </failure>
        </testcase>
        <testcase classname="test/a-plus.spec.ts" name="`y` is a thenable that fulfills but then throws" time="0.001">
            <failure message="No test found in suite `y` is a thenable that fulfills but then throws" type="Error">
Error: No test found in suite `y` is a thenable that fulfills but then throws
            </failure>
        </testcase>
        <testcase classname="test/a-plus.spec.ts" name="`then` calls `resolvePromise` synchronously" time="0">
            <failure message="No test found in suite `then` calls `resolvePromise` synchronously" type="Error">
Error: No test found in suite `then` calls `resolvePromise` synchronously
            </failure>
        </testcase>
        <testcase classname="test/a-plus.spec.ts" name="via return from a fulfilled promise" time="0">
            <failure message="No test found in suite via return from a fulfilled promise" type="Error">
Error: No test found in suite via return from a fulfilled promise
            </failure>
        </testcase>
        <testcase classname="test/a-plus.spec.ts" name="via return from a rejected promise" time="0">
            <failure message="No test found in suite via return from a rejected promise" type="Error">
Error: No test found in suite via return from a rejected promise
            </failure>
        </testcase>
        <testcase classname="test/a-plus.spec.ts" name="`then` calls `resolvePromise` asynchronously" time="0">
            <failure message="No test found in suite `then` calls `resolvePromise` asynchronously" type="Error">
Error: No test found in suite `then` calls `resolvePromise` asynchronously
            </failure>
        </testcase>
        <testcase classname="test/a-plus.spec.ts" name="via return from a fulfilled promise" time="0">
            <failure message="No test found in suite via return from a fulfilled promise" type="Error">
Error: No test found in suite via return from a fulfilled promise
            </failure>
        </testcase>
        <testcase classname="test/a-plus.spec.ts" name="via return from a rejected promise" time="0">
            <failure message="No test found in suite via return from a rejected promise" type="Error">
Error: No test found in suite via return from a rejected promise
            </failure>
        </testcase>
        <testcase classname="test/a-plus.spec.ts" name="`y` is an already-fulfilled promise" time="0">
            <failure message="No test found in suite `y` is an already-fulfilled promise" type="Error">
Error: No test found in suite `y` is an already-fulfilled promise
            </failure>
        </testcase>
        <testcase classname="test/a-plus.spec.ts" name="`then` calls `resolvePromise` synchronously" time="0">
            <failure message="No test found in suite `then` calls `resolvePromise` synchronously" type="Error">
Error: No test found in suite `then` calls `resolvePromise` synchronously
            </failure>
        </testcase>
        <testcase classname="test/a-plus.spec.ts" name="via return from a fulfilled promise" time="0">
            <failure message="No test found in suite via return from a fulfilled promise" type="Error">
Error: No test found in suite via return from a fulfilled promise
            </failure>
        </testcase>
        <testcase classname="test/a-plus.spec.ts" name="via return from a rejected promise" time="0">
            <failure message="No test found in suite via return from a rejected promise" type="Error">
Error: No test found in suite via return from a rejected promise
            </failure>
        </testcase>
        <testcase classname="test/a-plus.spec.ts" name="`then` calls `resolvePromise` asynchronously" time="0">
            <failure message="No test found in suite `then` calls `resolvePromise` asynchronously" type="Error">
Error: No test found in suite `then` calls `resolvePromise` asynchronously
            </failure>
        </testcase>
        <testcase classname="test/a-plus.spec.ts" name="via return from a fulfilled promise" time="0">
            <failure message="No test found in suite via return from a fulfilled promise" type="Error">
Error: No test found in suite via return from a fulfilled promise
            </failure>
        </testcase>
        <testcase classname="test/a-plus.spec.ts" name="via return from a rejected promise" time="0">
            <failure message="No test found in suite via return from a rejected promise" type="Error">
Error: No test found in suite via return from a rejected promise
            </failure>
        </testcase>
        <testcase classname="test/a-plus.spec.ts" name="`y` is an eventually-fulfilled promise" time="0.005">
            <failure message="No test found in suite `y` is an eventually-fulfilled promise" type="Error">
Error: No test found in suite `y` is an eventually-fulfilled promise
            </failure>
        </testcase>
        <testcase classname="test/a-plus.spec.ts" name="`then` calls `resolvePromise` synchronously" time="0">
            <failure message="No test found in suite `then` calls `resolvePromise` synchronously" type="Error">
Error: No test found in suite `then` calls `resolvePromise` synchronously
            </failure>
        </testcase>
        <testcase classname="test/a-plus.spec.ts" name="via return from a fulfilled promise" time="0">
            <failure message="No test found in suite via return from a fulfilled promise" type="Error">
Error: No test found in suite via return from a fulfilled promise
            </failure>
        </testcase>
        <testcase classname="test/a-plus.spec.ts" name="via return from a rejected promise" time="0">
            <failure message="No test found in suite via return from a rejected promise" type="Error">
Error: No test found in suite via return from a rejected promise
            </failure>
        </testcase>
        <testcase classname="test/a-plus.spec.ts" name="`then` calls `resolvePromise` asynchronously" time="0.004">
            <failure message="No test found in suite `then` calls `resolvePromise` asynchronously" type="Error">
Error: No test found in suite `then` calls `resolvePromise` asynchronously
            </failure>
        </testcase>
        <testcase classname="test/a-plus.spec.ts" name="via return from a fulfilled promise" time="0.004">
            <failure message="No test found in suite via return from a fulfilled promise" type="Error">
Error: No test found in suite via return from a fulfilled promise
            </failure>
        </testcase>
        <testcase classname="test/a-plus.spec.ts" name="via return from a rejected promise" time="0">
            <failure message="No test found in suite via return from a rejected promise" type="Error">
Error: No test found in suite via return from a rejected promise
            </failure>
        </testcase>
        <testcase classname="test/a-plus.spec.ts" name="`y` is a synchronously-rejected custom thenable" time="0">
            <failure message="No test found in suite `y` is a synchronously-rejected custom thenable" type="Error">
Error: No test found in suite `y` is a synchronously-rejected custom thenable
            </failure>
        </testcase>
        <testcase classname="test/a-plus.spec.ts" name="`then` calls `resolvePromise` synchronously" time="0">
            <failure message="No test found in suite `then` calls `resolvePromise` synchronously" type="Error">
Error: No test found in suite `then` calls `resolvePromise` synchronously
            </failure>
        </testcase>
        <testcase classname="test/a-plus.spec.ts" name="via return from a fulfilled promise" time="0">
            <failure message="No test found in suite via return from a fulfilled promise" type="Error">
Error: No test found in suite via return from a fulfilled promise
            </failure>
        </testcase>
        <testcase classname="test/a-plus.spec.ts" name="via return from a rejected promise" time="0">
            <failure message="No test found in suite via return from a rejected promise" type="Error">
Error: No test found in suite via return from a rejected promise
            </failure>
        </testcase>
        <testcase classname="test/a-plus.spec.ts" name="`then` calls `resolvePromise` asynchronously" time="0">
            <failure message="No test found in suite `then` calls `resolvePromise` asynchronously" type="Error">
Error: No test found in suite `then` calls `resolvePromise` asynchronously
            </failure>
        </testcase>
        <testcase classname="test/a-plus.spec.ts" name="via return from a fulfilled promise" time="0">
            <failure message="No test found in suite via return from a fulfilled promise" type="Error">
Error: No test found in suite via return from a fulfilled promise
            </failure>
        </testcase>
        <testcase classname="test/a-plus.spec.ts" name="via return from a rejected promise" time="0">
            <failure message="No test found in suite via return from a rejected promise" type="Error">
Error: No test found in suite via return from a rejected promise
            </failure>
        </testcase>
        <testcase classname="test/a-plus.spec.ts" name="`y` is an asynchronously-rejected custom thenable" time="0.001">
            <failure message="No test found in suite `y` is an asynchronously-rejected custom thenable" type="Error">
Error: No test found in suite `y` is an asynchronously-rejected custom thenable
            </failure>
        </testcase>
        <testcase classname="test/a-plus.spec.ts" name="`then` calls `resolvePromise` synchronously" time="0">
            <failure message="No test found in suite `then` calls `resolvePromise` synchronously" type="Error">
Error: No test found in suite `then` calls `resolvePromise` synchronously
            </failure>
        </testcase>
        <testcase classname="test/a-plus.spec.ts" name="via return from a fulfilled promise" time="0">
            <failure message="No test found in suite via return from a fulfilled promise" type="Error">
Error: No test found in suite via return from a fulfilled promise
            </failure>
        </testcase>
        <testcase classname="test/a-plus.spec.ts" name="via return from a rejected promise" time="0">
            <failure message="No test found in suite via return from a rejected promise" type="Error">
Error: No test found in suite via return from a rejected promise
            </failure>
        </testcase>
        <testcase classname="test/a-plus.spec.ts" name="`then` calls `resolvePromise` asynchronously" time="0.001">
            <failure message="No test found in suite `then` calls `resolvePromise` asynchronously" type="Error">
Error: No test found in suite `then` calls `resolvePromise` asynchronously
            </failure>
        </testcase>
        <testcase classname="test/a-plus.spec.ts" name="via return from a fulfilled promise" time="0">
            <failure message="No test found in suite via return from a fulfilled promise" type="Error">
Error: No test found in suite via return from a fulfilled promise
            </failure>
        </testcase>
        <testcase classname="test/a-plus.spec.ts" name="via return from a rejected promise" time="0">
            <failure message="No test found in suite via return from a rejected promise" type="Error">
Error: No test found in suite via return from a rejected promise
            </failure>
        </testcase>
        <testcase classname="test/a-plus.spec.ts" name="`y` is a synchronously-rejected one-time thenable" time="0">
            <failure message="No test found in suite `y` is a synchronously-rejected one-time thenable" type="Error">
Error: No test found in suite `y` is a synchronously-rejected one-time thenable
            </failure>
        </testcase>
        <testcase classname="test/a-plus.spec.ts" name="`then` calls `resolvePromise` synchronously" time="0">
            <failure message="No test found in suite `then` calls `resolvePromise` synchronously" type="Error">
Error: No test found in suite `then` calls `resolvePromise` synchronously
            </failure>
        </testcase>
        <testcase classname="test/a-plus.spec.ts" name="via return from a fulfilled promise" time="0">
            <failure message="No test found in suite via return from a fulfilled promise" type="Error">
Error: No test found in suite via return from a fulfilled promise
            </failure>
        </testcase>
        <testcase classname="test/a-plus.spec.ts" name="via return from a rejected promise" time="0">
            <failure message="No test found in suite via return from a rejected promise" type="Error">
Error: No test found in suite via return from a rejected promise
            </failure>
        </testcase>
        <testcase classname="test/a-plus.spec.ts" name="`then` calls `resolvePromise` asynchronously" time="0">
            <failure message="No test found in suite `then` calls `resolvePromise` asynchronously" type="Error">
Error: No test found in suite `then` calls `resolvePromise` asynchronously
            </failure>
        </testcase>
        <testcase classname="test/a-plus.spec.ts" name="via return from a fulfilled promise" time="0">
            <failure message="No test found in suite via return from a fulfilled promise" type="Error">
Error: No test found in suite via return from a fulfilled promise
            </failure>
        </testcase>
        <testcase classname="test/a-plus.spec.ts" name="via return from a rejected promise" time="0">
            <failure message="No test found in suite via return from a rejected promise" type="Error">
Error: No test found in suite via return from a rejected promise
            </failure>
        </testcase>
        <testcase classname="test/a-plus.spec.ts" name="`y` is a thenable that immediately throws in `then`" time="0">
            <failure message="No test found in suite `y` is a thenable that immediately throws in `then`" type="Error">
Error: No test found in suite `y` is a thenable that immediately throws in `then`
            </failure>
        </testcase>
        <testcase classname="test/a-plus.spec.ts" name="`then` calls `resolvePromise` synchronously" time="0">
            <failure message="No test found in suite `then` calls `resolvePromise` synchronously" type="Error">
Error: No test found in suite `then` calls `resolvePromise` synchronously
            </failure>
        </testcase>
        <testcase classname="test/a-plus.spec.ts" name="via return from a fulfilled promise" time="0">
            <failure message="No test found in suite via return from a fulfilled promise" type="Error">
Error: No test found in suite via return from a fulfilled promise
            </failure>
        </testcase>
        <testcase classname="test/a-plus.spec.ts" name="via return from a rejected promise" time="0">
            <failure message="No test found in suite via return from a rejected promise" type="Error">
Error: No test found in suite via return from a rejected promise
            </failure>
        </testcase>
        <testcase classname="test/a-plus.spec.ts" name="`then` calls `resolvePromise` asynchronously" time="0">
            <failure message="No test found in suite `then` calls `resolvePromise` asynchronously" type="Error">
Error: No test found in suite `then` calls `resolvePromise` asynchronously
            </failure>
        </testcase>
        <testcase classname="test/a-plus.spec.ts" name="via return from a fulfilled promise" time="0">
            <failure message="No test found in suite via return from a fulfilled promise" type="Error">
Error: No test found in suite via return from a fulfilled promise
            </failure>
        </testcase>
        <testcase classname="test/a-plus.spec.ts" name="via return from a rejected promise" time="0">
            <failure message="No test found in suite via return from a rejected promise" type="Error">
Error: No test found in suite via return from a rejected promise
            </failure>
        </testcase>
        <testcase classname="test/a-plus.spec.ts" name="`y` is an object with a throwing `then` accessor" time="0.001">
            <failure message="No test found in suite `y` is an object with a throwing `then` accessor" type="Error">
Error: No test found in suite `y` is an object with a throwing `then` accessor
            </failure>
        </testcase>
        <testcase classname="test/a-plus.spec.ts" name="`then` calls `resolvePromise` synchronously" time="0.001">
            <failure message="No test found in suite `then` calls `resolvePromise` synchronously" type="Error">
Error: No test found in suite `then` calls `resolvePromise` synchronously
            </failure>
        </testcase>
        <testcase classname="test/a-plus.spec.ts" name="via return from a fulfilled promise" time="0">
            <failure message="No test found in suite via return from a fulfilled promise" type="Error">
Error: No test found in suite via return from a fulfilled promise
            </failure>
        </testcase>
        <testcase classname="test/a-plus.spec.ts" name="via return from a rejected promise" time="0.001">
            <failure message="No test found in suite via return from a rejected promise" type="Error">
Error: No test found in suite via return from a rejected promise
            </failure>
        </testcase>
        <testcase classname="test/a-plus.spec.ts" name="`then` calls `resolvePromise` asynchronously" time="0">
            <failure message="No test found in suite `then` calls `resolvePromise` asynchronously" type="Error">
Error: No test found in suite `then` calls `resolvePromise` asynchronously
            </failure>
        </testcase>
        <testcase classname="test/a-plus.spec.ts" name="via return from a fulfilled promise" time="0">
            <failure message="No test found in suite via return from a fulfilled promise" type="Error">
Error: No test found in suite via return from a fulfilled promise
            </failure>
        </testcase>
        <testcase classname="test/a-plus.spec.ts" name="via return from a rejected promise" time="0">
            <failure message="No test found in suite via return from a rejected promise" type="Error">
Error: No test found in suite via return from a rejected promise
            </failure>
        </testcase>
        <testcase classname="test/a-plus.spec.ts" name="`y` is an already-rejected promise" time="0">
            <failure message="No test found in suite `y` is an already-rejected promise" type="Error">
Error: No test found in suite `y` is an already-rejected promise
            </failure>
        </testcase>
        <testcase classname="test/a-plus.spec.ts" name="`then` calls `resolvePromise` synchronously" time="0">
            <failure message="No test found in suite `then` calls `resolvePromise` synchronously" type="Error">
Error: No test found in suite `then` calls `resolvePromise` synchronously
            </failure>
        </testcase>
        <testcase classname="test/a-plus.spec.ts" name="via return from a fulfilled promise" time="0">
            <failure message="No test found in suite via return from a fulfilled promise" type="Error">
Error: No test found in suite via return from a fulfilled promise
            </failure>
        </testcase>
        <testcase classname="test/a-plus.spec.ts" name="via return from a rejected promise" time="0">
            <failure message="No test found in suite via return from a rejected promise" type="Error">
Error: No test found in suite via return from a rejected promise
            </failure>
        </testcase>
        <testcase classname="test/a-plus.spec.ts" name="`then` calls `resolvePromise` asynchronously" time="0">
            <failure message="No test found in suite `then` calls `resolvePromise` asynchronously" type="Error">
Error: No test found in suite `then` calls `resolvePromise` asynchronously
            </failure>
        </testcase>
        <testcase classname="test/a-plus.spec.ts" name="via return from a fulfilled promise" time="0">
            <failure message="No test found in suite via return from a fulfilled promise" type="Error">
Error: No test found in suite via return from a fulfilled promise
            </failure>
        </testcase>
        <testcase classname="test/a-plus.spec.ts" name="via return from a rejected promise" time="0">
            <failure message="No test found in suite via return from a rejected promise" type="Error">
Error: No test found in suite via return from a rejected promise
            </failure>
        </testcase>
        <testcase classname="test/a-plus.spec.ts" name="`y` is an eventually-rejected promise" time="0.001">
            <failure message="No test found in suite `y` is an eventually-rejected promise" type="Error">
Error: No test found in suite `y` is an eventually-rejected promise
            </failure>
        </testcase>
        <testcase classname="test/a-plus.spec.ts" name="`then` calls `resolvePromise` synchronously" time="0.001">
            <failure message="No test found in suite `then` calls `resolvePromise` synchronously" type="Error">
Error: No test found in suite `then` calls `resolvePromise` synchronously
            </failure>
        </testcase>
        <testcase classname="test/a-plus.spec.ts" name="via return from a fulfilled promise" time="0">
            <failure message="No test found in suite via return from a fulfilled promise" type="Error">
Error: No test found in suite via return from a fulfilled promise
            </failure>
        </testcase>
        <testcase classname="test/a-plus.spec.ts" name="via return from a rejected promise" time="0">
            <failure message="No test found in suite via return from a rejected promise" type="Error">
Error: No test found in suite via return from a rejected promise
            </failure>
        </testcase>
        <testcase classname="test/a-plus.spec.ts" name="`then` calls `resolvePromise` asynchronously" time="0">
            <failure message="No test found in suite `then` calls `resolvePromise` asynchronously" type="Error">
Error: No test found in suite `then` calls `resolvePromise` asynchronously
            </failure>
        </testcase>
        <testcase classname="test/a-plus.spec.ts" name="via return from a fulfilled promise" time="0">
            <failure message="No test found in suite via return from a fulfilled promise" type="Error">
Error: No test found in suite via return from a fulfilled promise
            </failure>
        </testcase>
        <testcase classname="test/a-plus.spec.ts" name="via return from a rejected promise" time="0">
            <failure message="No test found in suite via return from a rejected promise" type="Error">
Error: No test found in suite via return from a rejected promise
            </failure>
        </testcase>
        <testcase classname="test/a-plus.spec.ts" name="`y` is a thenable for a thenable" time="0.046">
            <failure message="No test found in suite `y` is a thenable for a thenable" type="Error">
Error: No test found in suite `y` is a thenable for a thenable
            </failure>
        </testcase>
        <testcase classname="test/a-plus.spec.ts" name="`y` is a synchronously-fulfilled custom thenable for a synchronously-fulfilled custom thenable" time="0">
            <failure message="No test found in suite `y` is a synchronously-fulfilled custom thenable for a synchronously-fulfilled custom thenable" type="Error">
Error: No test found in suite `y` is a synchronously-fulfilled custom thenable for a synchronously-fulfilled custom thenable
            </failure>
        </testcase>
        <testcase classname="test/a-plus.spec.ts" name="`then` calls `resolvePromise` synchronously" time="0">
            <failure message="No test found in suite `then` calls `resolvePromise` synchronously" type="Error">
Error: No test found in suite `then` calls `resolvePromise` synchronously
            </failure>
        </testcase>
        <testcase classname="test/a-plus.spec.ts" name="via return from a fulfilled promise" time="0">
            <failure message="No test found in suite via return from a fulfilled promise" type="Error">
Error: No test found in suite via return from a fulfilled promise
            </failure>
        </testcase>
        <testcase classname="test/a-plus.spec.ts" name="via return from a rejected promise" time="0">
            <failure message="No test found in suite via return from a rejected promise" type="Error">
Error: No test found in suite via return from a rejected promise
            </failure>
        </testcase>
        <testcase classname="test/a-plus.spec.ts" name="`then` calls `resolvePromise` asynchronously" time="0">
            <failure message="No test found in suite `then` calls `resolvePromise` asynchronously" type="Error">
Error: No test found in suite `then` calls `resolvePromise` asynchronously
            </failure>
        </testcase>
        <testcase classname="test/a-plus.spec.ts" name="via return from a fulfilled promise" time="0">
            <failure message="No test found in suite via return from a fulfilled promise" type="Error">
Error: No test found in suite via return from a fulfilled promise
            </failure>
        </testcase>
        <testcase classname="test/a-plus.spec.ts" name="via return from a rejected promise" time="0">
            <failure message="No test found in suite via return from a rejected promise" type="Error">
Error: No test found in suite via return from a rejected promise
            </failure>
        </testcase>
        <testcase classname="test/a-plus.spec.ts" name="`y` is a synchronously-fulfilled custom thenable for an asynchronously-fulfilled custom thenable" time="0.001">
            <failure message="No test found in suite `y` is a synchronously-fulfilled custom thenable for an asynchronously-fulfilled custom thenable" type="Error">
Error: No test found in suite `y` is a synchronously-fulfilled custom thenable for an asynchronously-fulfilled custom thenable
            </failure>
        </testcase>
        <testcase classname="test/a-plus.spec.ts" name="`then` calls `resolvePromise` synchronously" time="0">
            <failure message="No test found in suite `then` calls `resolvePromise` synchronously" type="Error">
Error: No test found in suite `then` calls `resolvePromise` synchronously
            </failure>
        </testcase>
        <testcase classname="test/a-plus.spec.ts" name="via return from a fulfilled promise" time="0">
            <failure message="No test found in suite via return from a fulfilled promise" type="Error">
Error: No test found in suite via return from a fulfilled promise
            </failure>
        </testcase>
        <testcase classname="test/a-plus.spec.ts" name="via return from a rejected promise" time="0">
            <failure message="No test found in suite via return from a rejected promise" type="Error">
Error: No test found in suite via return from a rejected promise
            </failure>
        </testcase>
        <testcase classname="test/a-plus.spec.ts" name="`then` calls `resolvePromise` asynchronously" time="0.001">
            <failure message="No test found in suite `then` calls `resolvePromise` asynchronously" type="Error">
Error: No test found in suite `then` calls `resolvePromise` asynchronously
            </failure>
        </testcase>
        <testcase classname="test/a-plus.spec.ts" name="via return from a fulfilled promise" time="0">
            <failure message="No test found in suite via return from a fulfilled promise" type="Error">
Error: No test found in suite via return from a fulfilled promise
            </failure>
        </testcase>
        <testcase classname="test/a-plus.spec.ts" name="via return from a rejected promise" time="0.001">
            <failure message="No test found in suite via return from a rejected promise" type="Error">
Error: No test found in suite via return from a rejected promise
            </failure>
        </testcase>
        <testcase classname="test/a-plus.spec.ts" name="`y` is a synchronously-fulfilled custom thenable for a synchronously-fulfilled one-time thenable" time="0">
            <failure message="No test found in suite `y` is a synchronously-fulfilled custom thenable for a synchronously-fulfilled one-time thenable" type="Error">
Error: No test found in suite `y` is a synchronously-fulfilled custom thenable for a synchronously-fulfilled one-time thenable
            </failure>
        </testcase>
        <testcase classname="test/a-plus.spec.ts" name="`then` calls `resolvePromise` synchronously" time="0">
            <failure message="No test found in suite `then` calls `resolvePromise` synchronously" type="Error">
Error: No test found in suite `then` calls `resolvePromise` synchronously
            </failure>
        </testcase>
        <testcase classname="test/a-plus.spec.ts" name="via return from a fulfilled promise" time="0">
            <failure message="No test found in suite via return from a fulfilled promise" type="Error">
Error: No test found in suite via return from a fulfilled promise
            </failure>
        </testcase>
        <testcase classname="test/a-plus.spec.ts" name="via return from a rejected promise" time="0">
            <failure message="No test found in suite via return from a rejected promise" type="Error">
Error: No test found in suite via return from a rejected promise
            </failure>
        </testcase>
        <testcase classname="test/a-plus.spec.ts" name="`then` calls `resolvePromise` asynchronously" time="0">
            <failure message="No test found in suite `then` calls `resolvePromise` asynchronously" type="Error">
Error: No test found in suite `then` calls `resolvePromise` asynchronously
            </failure>
        </testcase>
        <testcase classname="test/a-plus.spec.ts" name="via return from a fulfilled promise" time="0">
            <failure message="No test found in suite via return from a fulfilled promise" type="Error">
Error: No test found in suite via return from a fulfilled promise
            </failure>
        </testcase>
        <testcase classname="test/a-plus.spec.ts" name="via return from a rejected promise" time="0">
            <failure message="No test found in suite via return from a rejected promise" type="Error">
Error: No test found in suite via return from a rejected promise
            </failure>
        </testcase>
        <testcase classname="test/a-plus.spec.ts" name="`y` is a synchronously-fulfilled custom thenable for a thenable that tries to fulfill twice" time="0.001">
            <failure message="No test found in suite `y` is a synchronously-fulfilled custom thenable for a thenable that tries to fulfill twice" type="Error">
Error: No test found in suite `y` is a synchronously-fulfilled custom thenable for a thenable that tries to fulfill twice
            </failure>
        </testcase>
        <testcase classname="test/a-plus.spec.ts" name="`then` calls `resolvePromise` synchronously" time="0">
            <failure message="No test found in suite `then` calls `resolvePromise` synchronously" type="Error">
Error: No test found in suite `then` calls `resolvePromise` synchronously
            </failure>
        </testcase>
        <testcase classname="test/a-plus.spec.ts" name="via return from a fulfilled promise" time="0">
            <failure message="No test found in suite via return from a fulfilled promise" type="Error">
Error: No test found in suite via return from a fulfilled promise
            </failure>
        </testcase>
        <testcase classname="test/a-plus.spec.ts" name="via return from a rejected promise" time="0">
            <failure message="No test found in suite via return from a rejected promise" type="Error">
Error: No test found in suite via return from a rejected promise
            </failure>
        </testcase>
        <testcase classname="test/a-plus.spec.ts" name="`then` calls `resolvePromise` asynchronously" time="0">
            <failure message="No test found in suite `then` calls `resolvePromise` asynchronously" type="Error">
Error: No test found in suite `then` calls `resolvePromise` asynchronously
            </failure>
        </testcase>
        <testcase classname="test/a-plus.spec.ts" name="via return from a fulfilled promise" time="0">
            <failure message="No test found in suite via return from a fulfilled promise" type="Error">
Error: No test found in suite via return from a fulfilled promise
            </failure>
        </testcase>
        <testcase classname="test/a-plus.spec.ts" name="via return from a rejected promise" time="0">
            <failure message="No test found in suite via return from a rejected promise" type="Error">
Error: No test found in suite via return from a rejected promise
            </failure>
        </testcase>
        <testcase classname="test/a-plus.spec.ts" name="`y` is a synchronously-fulfilled custom thenable for a thenable that fulfills but then throws" time="0">
            <failure message="No test found in suite `y` is a synchronously-fulfilled custom thenable for a thenable that fulfills but then throws" type="Error">
Error: No test found in suite `y` is a synchronously-fulfilled custom thenable for a thenable that fulfills but then throws
            </failure>
        </testcase>
        <testcase classname="test/a-plus.spec.ts" name="`then` calls `resolvePromise` synchronously" time="0">
            <failure message="No test found in suite `then` calls `resolvePromise` synchronously" type="Error">
Error: No test found in suite `then` calls `resolvePromise` synchronously
            </failure>
        </testcase>
        <testcase classname="test/a-plus.spec.ts" name="via return from a fulfilled promise" time="0">
            <failure message="No test found in suite via return from a fulfilled promise" type="Error">
Error: No test found in suite via return from a fulfilled promise
            </failure>
        </testcase>
        <testcase classname="test/a-plus.spec.ts" name="via return from a rejected promise" time="0">
            <failure message="No test found in suite via return from a rejected promise" type="Error">
Error: No test found in suite via return from a rejected promise
            </failure>
        </testcase>
        <testcase classname="test/a-plus.spec.ts" name="`then` calls `resolvePromise` asynchronously" time="0">
            <failure message="No test found in suite `then` calls `resolvePromise` asynchronously" type="Error">
Error: No test found in suite `then` calls `resolvePromise` asynchronously
            </failure>
        </testcase>
        <testcase classname="test/a-plus.spec.ts" name="via return from a fulfilled promise" time="0">
            <failure message="No test found in suite via return from a fulfilled promise" type="Error">
Error: No test found in suite via return from a fulfilled promise
            </failure>
        </testcase>
        <testcase classname="test/a-plus.spec.ts" name="via return from a rejected promise" time="0">
            <failure message="No test found in suite via return from a rejected promise" type="Error">
Error: No test found in suite via return from a rejected promise
            </failure>
        </testcase>
        <testcase classname="test/a-plus.spec.ts" name="`y` is a synchronously-fulfilled custom thenable for an already-fulfilled promise" time="0">
            <failure message="No test found in suite `y` is a synchronously-fulfilled custom thenable for an already-fulfilled promise" type="Error">
Error: No test found in suite `y` is a synchronously-fulfilled custom thenable for an already-fulfilled promise
            </failure>
        </testcase>
        <testcase classname="test/a-plus.spec.ts" name="`then` calls `resolvePromise` synchronously" time="0">
            <failure message="No test found in suite `then` calls `resolvePromise` synchronously" type="Error">
Error: No test found in suite `then` calls `resolvePromise` synchronously
            </failure>
        </testcase>
        <testcase classname="test/a-plus.spec.ts" name="via return from a fulfilled promise" time="0">
            <failure message="No test found in suite via return from a fulfilled promise" type="Error">
Error: No test found in suite via return from a fulfilled promise
            </failure>
        </testcase>
        <testcase classname="test/a-plus.spec.ts" name="via return from a rejected promise" time="0">
            <failure message="No test found in suite via return from a rejected promise" type="Error">
Error: No test found in suite via return from a rejected promise
            </failure>
        </testcase>
        <testcase classname="test/a-plus.spec.ts" name="`then` calls `resolvePromise` asynchronously" time="0">
            <failure message="No test found in suite `then` calls `resolvePromise` asynchronously" type="Error">
Error: No test found in suite `then` calls `resolvePromise` asynchronously
            </failure>
        </testcase>
        <testcase classname="test/a-plus.spec.ts" name="via return from a fulfilled promise" time="0">
            <failure message="No test found in suite via return from a fulfilled promise" type="Error">
Error: No test found in suite via return from a fulfilled promise
            </failure>
        </testcase>
        <testcase classname="test/a-plus.spec.ts" name="via return from a rejected promise" time="0">
            <failure message="No test found in suite via return from a rejected promise" type="Error">
Error: No test found in suite via return from a rejected promise
            </failure>
        </testcase>
        <testcase classname="test/a-plus.spec.ts" name="`y` is a synchronously-fulfilled custom thenable for an eventually-fulfilled promise" time="0.001">
            <failure message="No test found in suite `y` is a synchronously-fulfilled custom thenable for an eventually-fulfilled promise" type="Error">
Error: No test found in suite `y` is a synchronously-fulfilled custom thenable for an eventually-fulfilled promise
            </failure>
        </testcase>
        <testcase classname="test/a-plus.spec.ts" name="`then` calls `resolvePromise` synchronously" time="0.001">
            <failure message="No test found in suite `then` calls `resolvePromise` synchronously" type="Error">
Error: No test found in suite `then` calls `resolvePromise` synchronously
            </failure>
        </testcase>
        <testcase classname="test/a-plus.spec.ts" name="via return from a fulfilled promise" time="0.001">
            <failure message="No test found in suite via return from a fulfilled promise" type="Error">
Error: No test found in suite via return from a fulfilled promise
            </failure>
        </testcase>
        <testcase classname="test/a-plus.spec.ts" name="via return from a rejected promise" time="0">
            <failure message="No test found in suite via return from a rejected promise" type="Error">
Error: No test found in suite via return from a rejected promise
            </failure>
        </testcase>
        <testcase classname="test/a-plus.spec.ts" name="`then` calls `resolvePromise` asynchronously" time="0">
            <failure message="No test found in suite `then` calls `resolvePromise` asynchronously" type="Error">
Error: No test found in suite `then` calls `resolvePromise` asynchronously
            </failure>
        </testcase>
        <testcase classname="test/a-plus.spec.ts" name="via return from a fulfilled promise" time="0">
            <failure message="No test found in suite via return from a fulfilled promise" type="Error">
Error: No test found in suite via return from a fulfilled promise
            </failure>
        </testcase>
        <testcase classname="test/a-plus.spec.ts" name="via return from a rejected promise" time="0">
            <failure message="No test found in suite via return from a rejected promise" type="Error">
Error: No test found in suite via return from a rejected promise
            </failure>
        </testcase>
        <testcase classname="test/a-plus.spec.ts" name="`y` is a synchronously-fulfilled custom thenable for a synchronously-rejected custom thenable" time="0">
            <failure message="No test found in suite `y` is a synchronously-fulfilled custom thenable for a synchronously-rejected custom thenable" type="Error">
Error: No test found in suite `y` is a synchronously-fulfilled custom thenable for a synchronously-rejected custom thenable
            </failure>
        </testcase>
        <testcase classname="test/a-plus.spec.ts" name="`then` calls `resolvePromise` synchronously" time="0">
            <failure message="No test found in suite `then` calls `resolvePromise` synchronously" type="Error">
Error: No test found in suite `then` calls `resolvePromise` synchronously
            </failure>
        </testcase>
        <testcase classname="test/a-plus.spec.ts" name="via return from a fulfilled promise" time="0">
            <failure message="No test found in suite via return from a fulfilled promise" type="Error">
Error: No test found in suite via return from a fulfilled promise
            </failure>
        </testcase>
        <testcase classname="test/a-plus.spec.ts" name="via return from a rejected promise" time="0">
            <failure message="No test found in suite via return from a rejected promise" type="Error">
Error: No test found in suite via return from a rejected promise
            </failure>
        </testcase>
        <testcase classname="test/a-plus.spec.ts" name="`then` calls `resolvePromise` asynchronously" time="0">
            <failure message="No test found in suite `then` calls `resolvePromise` asynchronously" type="Error">
Error: No test found in suite `then` calls `resolvePromise` asynchronously
            </failure>
        </testcase>
        <testcase classname="test/a-plus.spec.ts" name="via return from a fulfilled promise" time="0">
            <failure message="No test found in suite via return from a fulfilled promise" type="Error">
Error: No test found in suite via return from a fulfilled promise
            </failure>
        </testcase>
        <testcase classname="test/a-plus.spec.ts" name="via return from a rejected promise" time="0">
            <failure message="No test found in suite via return from a rejected promise" type="Error">
Error: No test found in suite via return from a rejected promise
            </failure>
        </testcase>
        <testcase classname="test/a-plus.spec.ts" name="`y` is a synchronously-fulfilled custom thenable for an asynchronously-rejected custom thenable" time="0.001">
            <failure message="No test found in suite `y` is a synchronously-fulfilled custom thenable for an asynchronously-rejected custom thenable" type="Error">
Error: No test found in suite `y` is a synchronously-fulfilled custom thenable for an asynchronously-rejected custom thenable
            </failure>
        </testcase>
        <testcase classname="test/a-plus.spec.ts" name="`then` calls `resolvePromise` synchronously" time="0">
            <failure message="No test found in suite `then` calls `resolvePromise` synchronously" type="Error">
Error: No test found in suite `then` calls `resolvePromise` synchronously
            </failure>
        </testcase>
        <testcase classname="test/a-plus.spec.ts" name="via return from a fulfilled promise" time="0">
            <failure message="No test found in suite via return from a fulfilled promise" type="Error">
Error: No test found in suite via return from a fulfilled promise
            </failure>
        </testcase>
        <testcase classname="test/a-plus.spec.ts" name="via return from a rejected promise" time="0">
            <failure message="No test found in suite via return from a rejected promise" type="Error">
Error: No test found in suite via return from a rejected promise
            </failure>
        </testcase>
        <testcase classname="test/a-plus.spec.ts" name="`then` calls `resolvePromise` asynchronously" time="0.001">
            <failure message="No test found in suite `then` calls `resolvePromise` asynchronously" type="Error">
Error: No test found in suite `then` calls `resolvePromise` asynchronously
            </failure>
        </testcase>
        <testcase classname="test/a-plus.spec.ts" name="via return from a fulfilled promise" time="0.001">
            <failure message="No test found in suite via return from a fulfilled promise" type="Error">
Error: No test found in suite via return from a fulfilled promise
            </failure>
        </testcase>
        <testcase classname="test/a-plus.spec.ts" name="via return from a rejected promise" time="0">
            <failure message="No test found in suite via return from a rejected promise" type="Error">
Error: No test found in suite via return from a rejected promise
            </failure>
        </testcase>
        <testcase classname="test/a-plus.spec.ts" name="`y` is a synchronously-fulfilled custom thenable for a synchronously-rejected one-time thenable" time="0.003">
            <failure message="No test found in suite `y` is a synchronously-fulfilled custom thenable for a synchronously-rejected one-time thenable" type="Error">
Error: No test found in suite `y` is a synchronously-fulfilled custom thenable for a synchronously-rejected one-time thenable
            </failure>
        </testcase>
        <testcase classname="test/a-plus.spec.ts" name="`then` calls `resolvePromise` synchronously" time="0.003">
            <failure message="No test found in suite `then` calls `resolvePromise` synchronously" type="Error">
Error: No test found in suite `then` calls `resolvePromise` synchronously
            </failure>
        </testcase>
        <testcase classname="test/a-plus.spec.ts" name="via return from a fulfilled promise" time="0">
            <failure message="No test found in suite via return from a fulfilled promise" type="Error">
Error: No test found in suite via return from a fulfilled promise
            </failure>
        </testcase>
        <testcase classname="test/a-plus.spec.ts" name="via return from a rejected promise" time="0.002">
            <failure message="No test found in suite via return from a rejected promise" type="Error">
Error: No test found in suite via return from a rejected promise
            </failure>
        </testcase>
        <testcase classname="test/a-plus.spec.ts" name="`then` calls `resolvePromise` asynchronously" time="0">
            <failure message="No test found in suite `then` calls `resolvePromise` asynchronously" type="Error">
Error: No test found in suite `then` calls `resolvePromise` asynchronously
            </failure>
        </testcase>
        <testcase classname="test/a-plus.spec.ts" name="via return from a fulfilled promise" time="0">
            <failure message="No test found in suite via return from a fulfilled promise" type="Error">
Error: No test found in suite via return from a fulfilled promise
            </failure>
        </testcase>
        <testcase classname="test/a-plus.spec.ts" name="via return from a rejected promise" time="0">
            <failure message="No test found in suite via return from a rejected promise" type="Error">
Error: No test found in suite via return from a rejected promise
            </failure>
        </testcase>
        <testcase classname="test/a-plus.spec.ts" name="`y` is a synchronously-fulfilled custom thenable for a thenable that immediately throws in `then`" time="0">
            <failure message="No test found in suite `y` is a synchronously-fulfilled custom thenable for a thenable that immediately throws in `then`" type="Error">
Error: No test found in suite `y` is a synchronously-fulfilled custom thenable for a thenable that immediately throws in `then`
            </failure>
        </testcase>
        <testcase classname="test/a-plus.spec.ts" name="`then` calls `resolvePromise` synchronously" time="0">
            <failure message="No test found in suite `then` calls `resolvePromise` synchronously" type="Error">
Error: No test found in suite `then` calls `resolvePromise` synchronously
            </failure>
        </testcase>
        <testcase classname="test/a-plus.spec.ts" name="via return from a fulfilled promise" time="0">
            <failure message="No test found in suite via return from a fulfilled promise" type="Error">
Error: No test found in suite via return from a fulfilled promise
            </failure>
        </testcase>
        <testcase classname="test/a-plus.spec.ts" name="via return from a rejected promise" time="0">
            <failure message="No test found in suite via return from a rejected promise" type="Error">
Error: No test found in suite via return from a rejected promise
            </failure>
        </testcase>
        <testcase classname="test/a-plus.spec.ts" name="`then` calls `resolvePromise` asynchronously" time="0">
            <failure message="No test found in suite `then` calls `resolvePromise` asynchronously" type="Error">
Error: No test found in suite `then` calls `resolvePromise` asynchronously
            </failure>
        </testcase>
        <testcase classname="test/a-plus.spec.ts" name="via return from a fulfilled promise" time="0">
            <failure message="No test found in suite via return from a fulfilled promise" type="Error">
Error: No test found in suite via return from a fulfilled promise
            </failure>
        </testcase>
        <testcase classname="test/a-plus.spec.ts" name="via return from a rejected promise" time="0">
            <failure message="No test found in suite via return from a rejected promise" type="Error">
Error: No test found in suite via return from a rejected promise
            </failure>
        </testcase>
        <testcase classname="test/a-plus.spec.ts" name="`y` is a synchronously-fulfilled custom thenable for an object with a throwing `then` accessor" time="0.002">
            <failure message="No test found in suite `y` is a synchronously-fulfilled custom thenable for an object with a throwing `then` accessor" type="Error">
Error: No test found in suite `y` is a synchronously-fulfilled custom thenable for an object with a throwing `then` accessor
            </failure>
        </testcase>
        <testcase classname="test/a-plus.spec.ts" name="`then` calls `resolvePromise` synchronously" time="0">
            <failure message="No test found in suite `then` calls `resolvePromise` synchronously" type="Error">
Error: No test found in suite `then` calls `resolvePromise` synchronously
            </failure>
        </testcase>
        <testcase classname="test/a-plus.spec.ts" name="via return from a fulfilled promise" time="0">
            <failure message="No test found in suite via return from a fulfilled promise" type="Error">
Error: No test found in suite via return from a fulfilled promise
            </failure>
        </testcase>
        <testcase classname="test/a-plus.spec.ts" name="via return from a rejected promise" time="0">
            <failure message="No test found in suite via return from a rejected promise" type="Error">
Error: No test found in suite via return from a rejected promise
            </failure>
        </testcase>
        <testcase classname="test/a-plus.spec.ts" name="`then` calls `resolvePromise` asynchronously" time="0.002">
            <failure message="No test found in suite `then` calls `resolvePromise` asynchronously" type="Error">
Error: No test found in suite `then` calls `resolvePromise` asynchronously
            </failure>
        </testcase>
        <testcase classname="test/a-plus.spec.ts" name="via return from a fulfilled promise" time="0.001">
            <failure message="No test found in suite via return from a fulfilled promise" type="Error">
Error: No test found in suite via return from a fulfilled promise
            </failure>
        </testcase>
        <testcase classname="test/a-plus.spec.ts" name="via return from a rejected promise" time="0">
            <failure message="No test found in suite via return from a rejected promise" type="Error">
Error: No test found in suite via return from a rejected promise
            </failure>
        </testcase>
        <testcase classname="test/a-plus.spec.ts" name="`y` is a synchronously-fulfilled custom thenable for an already-rejected promise" time="0">
            <failure message="No test found in suite `y` is a synchronously-fulfilled custom thenable for an already-rejected promise" type="Error">
Error: No test found in suite `y` is a synchronously-fulfilled custom thenable for an already-rejected promise
            </failure>
        </testcase>
        <testcase classname="test/a-plus.spec.ts" name="`then` calls `resolvePromise` synchronously" time="0">
            <failure message="No test found in suite `then` calls `resolvePromise` synchronously" type="Error">
Error: No test found in suite `then` calls `resolvePromise` synchronously
            </failure>
        </testcase>
        <testcase classname="test/a-plus.spec.ts" name="via return from a fulfilled promise" time="0">
            <failure message="No test found in suite via return from a fulfilled promise" type="Error">
Error: No test found in suite via return from a fulfilled promise
            </failure>
        </testcase>
        <testcase classname="test/a-plus.spec.ts" name="via return from a rejected promise" time="0">
            <failure message="No test found in suite via return from a rejected promise" type="Error">
Error: No test found in suite via return from a rejected promise
            </failure>
        </testcase>
        <testcase classname="test/a-plus.spec.ts" name="`then` calls `resolvePromise` asynchronously" time="0">
            <failure message="No test found in suite `then` calls `resolvePromise` asynchronously" type="Error">
Error: No test found in suite `then` calls `resolvePromise` asynchronously
            </failure>
        </testcase>
        <testcase classname="test/a-plus.spec.ts" name="via return from a fulfilled promise" time="0">
            <failure message="No test found in suite via return from a fulfilled promise" type="Error">
Error: No test found in suite via return from a fulfilled promise
            </failure>
        </testcase>
        <testcase classname="test/a-plus.spec.ts" name="via return from a rejected promise" time="0">
            <failure message="No test found in suite via return from a rejected promise" type="Error">
Error: No test found in suite via return from a rejected promise
            </failure>
        </testcase>
        <testcase classname="test/a-plus.spec.ts" name="`y` is a synchronously-fulfilled custom thenable for an eventually-rejected promise" time="0.001">
            <failure message="No test found in suite `y` is a synchronously-fulfilled custom thenable for an eventually-rejected promise" type="Error">
Error: No test found in suite `y` is a synchronously-fulfilled custom thenable for an eventually-rejected promise
            </failure>
        </testcase>
        <testcase classname="test/a-plus.spec.ts" name="`then` calls `resolvePromise` synchronously" time="0.001">
            <failure message="No test found in suite `then` calls `resolvePromise` synchronously" type="Error">
Error: No test found in suite `then` calls `resolvePromise` synchronously
            </failure>
        </testcase>
        <testcase classname="test/a-plus.spec.ts" name="via return from a fulfilled promise" time="0">
            <failure message="No test found in suite via return from a fulfilled promise" type="Error">
Error: No test found in suite via return from a fulfilled promise
            </failure>
        </testcase>
        <testcase classname="test/a-plus.spec.ts" name="via return from a rejected promise" time="0.001">
            <failure message="No test found in suite via return from a rejected promise" type="Error">
Error: No test found in suite via return from a rejected promise
            </failure>
        </testcase>
        <testcase classname="test/a-plus.spec.ts" name="`then` calls `resolvePromise` asynchronously" time="0">
            <failure message="No test found in suite `then` calls `resolvePromise` asynchronously" type="Error">
Error: No test found in suite `then` calls `resolvePromise` asynchronously
            </failure>
        </testcase>
        <testcase classname="test/a-plus.spec.ts" name="via return from a fulfilled promise" time="0">
            <failure message="No test found in suite via return from a fulfilled promise" type="Error">
Error: No test found in suite via return from a fulfilled promise
            </failure>
        </testcase>
        <testcase classname="test/a-plus.spec.ts" name="via return from a rejected promise" time="0">
            <failure message="No test found in suite via return from a rejected promise" type="Error">
Error: No test found in suite via return from a rejected promise
            </failure>
        </testcase>
        <testcase classname="test/a-plus.spec.ts" name="`y` is an asynchronously-fulfilled custom thenable for a synchronously-fulfilled custom thenable" time="0">
            <failure message="No test found in suite `y` is an asynchronously-fulfilled custom thenable for a synchronously-fulfilled custom thenable" type="Error">
Error: No test found in suite `y` is an asynchronously-fulfilled custom thenable for a synchronously-fulfilled custom thenable
            </failure>
        </testcase>
        <testcase classname="test/a-plus.spec.ts" name="`then` calls `resolvePromise` synchronously" time="0">
            <failure message="No test found in suite `then` calls `resolvePromise` synchronously" type="Error">
Error: No test found in suite `then` calls `resolvePromise` synchronously
            </failure>
        </testcase>
        <testcase classname="test/a-plus.spec.ts" name="via return from a fulfilled promise" time="0">
            <failure message="No test found in suite via return from a fulfilled promise" type="Error">
Error: No test found in suite via return from a fulfilled promise
            </failure>
        </testcase>
        <testcase classname="test/a-plus.spec.ts" name="via return from a rejected promise" time="0">
            <failure message="No test found in suite via return from a rejected promise" type="Error">
Error: No test found in suite via return from a rejected promise
            </failure>
        </testcase>
        <testcase classname="test/a-plus.spec.ts" name="`then` calls `resolvePromise` asynchronously" time="0">
            <failure message="No test found in suite `then` calls `resolvePromise` asynchronously" type="Error">
Error: No test found in suite `then` calls `resolvePromise` asynchronously
            </failure>
        </testcase>
        <testcase classname="test/a-plus.spec.ts" name="via return from a fulfilled promise" time="0">
            <failure message="No test found in suite via return from a fulfilled promise" type="Error">
Error: No test found in suite via return from a fulfilled promise
            </failure>
        </testcase>
        <testcase classname="test/a-plus.spec.ts" name="via return from a rejected promise" time="0">
            <failure message="No test found in suite via return from a rejected promise" type="Error">
Error: No test found in suite via return from a rejected promise
            </failure>
        </testcase>
        <testcase classname="test/a-plus.spec.ts" name="`y` is an asynchronously-fulfilled custom thenable for an asynchronously-fulfilled custom thenable" time="0.001">
            <failure message="No test found in suite `y` is an asynchronously-fulfilled custom thenable for an asynchronously-fulfilled custom thenable" type="Error">
Error: No test found in suite `y` is an asynchronously-fulfilled custom thenable for an asynchronously-fulfilled custom thenable
            </failure>
        </testcase>
        <testcase classname="test/a-plus.spec.ts" name="`then` calls `resolvePromise` synchronously" time="0.001">
            <failure message="No test found in suite `then` calls `resolvePromise` synchronously" type="Error">
Error: No test found in suite `then` calls `resolvePromise` synchronously
            </failure>
        </testcase>
        <testcase classname="test/a-plus.spec.ts" name="via return from a fulfilled promise" time="0">
            <failure message="No test found in suite via return from a fulfilled promise" type="Error">
Error: No test found in suite via return from a fulfilled promise
            </failure>
        </testcase>
        <testcase classname="test/a-plus.spec.ts" name="via return from a rejected promise" time="0">
            <failure message="No test found in suite via return from a rejected promise" type="Error">
Error: No test found in suite via return from a rejected promise
            </failure>
        </testcase>
        <testcase classname="test/a-plus.spec.ts" name="`then` calls `resolvePromise` asynchronously" time="0">
            <failure message="No test found in suite `then` calls `resolvePromise` asynchronously" type="Error">
Error: No test found in suite `then` calls `resolvePromise` asynchronously
            </failure>
        </testcase>
        <testcase classname="test/a-plus.spec.ts" name="via return from a fulfilled promise" time="0">
            <failure message="No test found in suite via return from a fulfilled promise" type="Error">
Error: No test found in suite via return from a fulfilled promise
            </failure>
        </testcase>
        <testcase classname="test/a-plus.spec.ts" name="via return from a rejected promise" time="0">
            <failure message="No test found in suite via return from a rejected promise" type="Error">
Error: No test found in suite via return from a rejected promise
            </failure>
        </testcase>
        <testcase classname="test/a-plus.spec.ts" name="`y` is an asynchronously-fulfilled custom thenable for a synchronously-fulfilled one-time thenable" time="0">
            <failure message="No test found in suite `y` is an asynchronously-fulfilled custom thenable for a synchronously-fulfilled one-time thenable" type="Error">
Error: No test found in suite `y` is an asynchronously-fulfilled custom thenable for a synchronously-fulfilled one-time thenable
            </failure>
        </testcase>
        <testcase classname="test/a-plus.spec.ts" name="`then` calls `resolvePromise` synchronously" time="0">
            <failure message="No test found in suite `then` calls `resolvePromise` synchronously" type="Error">
Error: No test found in suite `then` calls `resolvePromise` synchronously
            </failure>
        </testcase>
        <testcase classname="test/a-plus.spec.ts" name="via return from a fulfilled promise" time="0">
            <failure message="No test found in suite via return from a fulfilled promise" type="Error">
Error: No test found in suite via return from a fulfilled promise
            </failure>
        </testcase>
        <testcase classname="test/a-plus.spec.ts" name="via return from a rejected promise" time="0">
            <failure message="No test found in suite via return from a rejected promise" type="Error">
Error: No test found in suite via return from a rejected promise
            </failure>
        </testcase>
        <testcase classname="test/a-plus.spec.ts" name="`then` calls `resolvePromise` asynchronously" time="0">
            <failure message="No test found in suite `then` calls `resolvePromise` asynchronously" type="Error">
Error: No test found in suite `then` calls `resolvePromise` asynchronously
            </failure>
        </testcase>
        <testcase classname="test/a-plus.spec.ts" name="via return from a fulfilled promise" time="0">
            <failure message="No test found in suite via return from a fulfilled promise" type="Error">
Error: No test found in suite via return from a fulfilled promise
            </failure>
        </testcase>
        <testcase classname="test/a-plus.spec.ts" name="via return from a rejected promise" time="0">
            <failure message="No test found in suite via return from a rejected promise" type="Error">
Error: No test found in suite via return from a rejected promise
            </failure>
        </testcase>
        <testcase classname="test/a-plus.spec.ts" name="`y` is an asynchronously-fulfilled custom thenable for a thenable that tries to fulfill twice" time="0.001">
            <failure message="No test found in suite `y` is an asynchronously-fulfilled custom thenable for a thenable that tries to fulfill twice" type="Error">
Error: No test found in suite `y` is an asynchronously-fulfilled custom thenable for a thenable that tries to fulfill twice
            </failure>
        </testcase>
        <testcase classname="test/a-plus.spec.ts" name="`then` calls `resolvePromise` synchronously" time="0">
            <failure message="No test found in suite `then` calls `resolvePromise` synchronously" type="Error">
Error: No test found in suite `then` calls `resolvePromise` synchronously
            </failure>
        </testcase>
        <testcase classname="test/a-plus.spec.ts" name="via return from a fulfilled promise" time="0">
            <failure message="No test found in suite via return from a fulfilled promise" type="Error">
Error: No test found in suite via return from a fulfilled promise
            </failure>
        </testcase>
        <testcase classname="test/a-plus.spec.ts" name="via return from a rejected promise" time="0">
            <failure message="No test found in suite via return from a rejected promise" type="Error">
Error: No test found in suite via return from a rejected promise
            </failure>
        </testcase>
        <testcase classname="test/a-plus.spec.ts" name="`then` calls `resolvePromise` asynchronously" time="0.001">
            <failure message="No test found in suite `then` calls `resolvePromise` asynchronously" type="Error">
Error: No test found in suite `then` calls `resolvePromise` asynchronously
            </failure>
        </testcase>
        <testcase classname="test/a-plus.spec.ts" name="via return from a fulfilled promise" time="0.001">
            <failure message="No test found in suite via return from a fulfilled promise" type="Error">
Error: No test found in suite via return from a fulfilled promise
            </failure>
        </testcase>
        <testcase classname="test/a-plus.spec.ts" name="via return from a rejected promise" time="0">
            <failure message="No test found in suite via return from a rejected promise" type="Error">
Error: No test found in suite via return from a rejected promise
            </failure>
        </testcase>
        <testcase classname="test/a-plus.spec.ts" name="`y` is an asynchronously-fulfilled custom thenable for a thenable that fulfills but then throws" time="0">
            <failure message="No test found in suite `y` is an asynchronously-fulfilled custom thenable for a thenable that fulfills but then throws" type="Error">
Error: No test found in suite `y` is an asynchronously-fulfilled custom thenable for a thenable that fulfills but then throws
            </failure>
        </testcase>
        <testcase classname="test/a-plus.spec.ts" name="`then` calls `resolvePromise` synchronously" time="0">
            <failure message="No test found in suite `then` calls `resolvePromise` synchronously" type="Error">
Error: No test found in suite `then` calls `resolvePromise` synchronously
            </failure>
        </testcase>
        <testcase classname="test/a-plus.spec.ts" name="via return from a fulfilled promise" time="0">
            <failure message="No test found in suite via return from a fulfilled promise" type="Error">
Error: No test found in suite via return from a fulfilled promise
            </failure>
        </testcase>
        <testcase classname="test/a-plus.spec.ts" name="via return from a rejected promise" time="0">
            <failure message="No test found in suite via return from a rejected promise" type="Error">
Error: No test found in suite via return from a rejected promise
            </failure>
        </testcase>
        <testcase classname="test/a-plus.spec.ts" name="`then` calls `resolvePromise` asynchronously" time="0">
            <failure message="No test found in suite `then` calls `resolvePromise` asynchronously" type="Error">
Error: No test found in suite `then` calls `resolvePromise` asynchronously
            </failure>
        </testcase>
        <testcase classname="test/a-plus.spec.ts" name="via return from a fulfilled promise" time="0">
            <failure message="No test found in suite via return from a fulfilled promise" type="Error">
Error: No test found in suite via return from a fulfilled promise
            </failure>
        </testcase>
        <testcase classname="test/a-plus.spec.ts" name="via return from a rejected promise" time="0">
            <failure message="No test found in suite via return from a rejected promise" type="Error">
Error: No test found in suite via return from a rejected promise
            </failure>
        </testcase>
        <testcase classname="test/a-plus.spec.ts" name="`y` is an asynchronously-fulfilled custom thenable for an already-fulfilled promise" time="0.001">
            <failure message="No test found in suite `y` is an asynchronously-fulfilled custom thenable for an already-fulfilled promise" type="Error">
Error: No test found in suite `y` is an asynchronously-fulfilled custom thenable for an already-fulfilled promise
            </failure>
        </testcase>
        <testcase classname="test/a-plus.spec.ts" name="`then` calls `resolvePromise` synchronously" time="0.001">
            <failure message="No test found in suite `then` calls `resolvePromise` synchronously" type="Error">
Error: No test found in suite `then` calls `resolvePromise` synchronously
            </failure>
        </testcase>
        <testcase classname="test/a-plus.spec.ts" name="via return from a fulfilled promise" time="0.001">
            <failure message="No test found in suite via return from a fulfilled promise" type="Error">
Error: No test found in suite via return from a fulfilled promise
            </failure>
        </testcase>
        <testcase classname="test/a-plus.spec.ts" name="via return from a rejected promise" time="0">
            <failure message="No test found in suite via return from a rejected promise" type="Error">
Error: No test found in suite via return from a rejected promise
            </failure>
        </testcase>
        <testcase classname="test/a-plus.spec.ts" name="`then` calls `resolvePromise` asynchronously" time="0">
            <failure message="No test found in suite `then` calls `resolvePromise` asynchronously" type="Error">
Error: No test found in suite `then` calls `resolvePromise` asynchronously
            </failure>
        </testcase>
        <testcase classname="test/a-plus.spec.ts" name="via return from a fulfilled promise" time="0">
            <failure message="No test found in suite via return from a fulfilled promise" type="Error">
Error: No test found in suite via return from a fulfilled promise
            </failure>
        </testcase>
        <testcase classname="test/a-plus.spec.ts" name="via return from a rejected promise" time="0">
            <failure message="No test found in suite via return from a rejected promise" type="Error">
Error: No test found in suite via return from a rejected promise
            </failure>
        </testcase>
        <testcase classname="test/a-plus.spec.ts" name="`y` is an asynchronously-fulfilled custom thenable for an eventually-fulfilled promise" time="0">
            <failure message="No test found in suite `y` is an asynchronously-fulfilled custom thenable for an eventually-fulfilled promise" type="Error">
Error: No test found in suite `y` is an asynchronously-fulfilled custom thenable for an eventually-fulfilled promise
            </failure>
        </testcase>
        <testcase classname="test/a-plus.spec.ts" name="`then` calls `resolvePromise` synchronously" time="0">
            <failure message="No test found in suite `then` calls `resolvePromise` synchronously" type="Error">
Error: No test found in suite `then` calls `resolvePromise` synchronously
            </failure>
        </testcase>
        <testcase classname="test/a-plus.spec.ts" name="via return from a fulfilled promise" time="0">
            <failure message="No test found in suite via return from a fulfilled promise" type="Error">
Error: No test found in suite via return from a fulfilled promise
            </failure>
        </testcase>
        <testcase classname="test/a-plus.spec.ts" name="via return from a rejected promise" time="0">
            <failure message="No test found in suite via return from a rejected promise" type="Error">
Error: No test found in suite via return from a rejected promise
            </failure>
        </testcase>
        <testcase classname="test/a-plus.spec.ts" name="`then` calls `resolvePromise` asynchronously" time="0">
            <failure message="No test found in suite `then` calls `resolvePromise` asynchronously" type="Error">
Error: No test found in suite `then` calls `resolvePromise` asynchronously
            </failure>
        </testcase>
        <testcase classname="test/a-plus.spec.ts" name="via return from a fulfilled promise" time="0">
            <failure message="No test found in suite via return from a fulfilled promise" type="Error">
Error: No test found in suite via return from a fulfilled promise
            </failure>
        </testcase>
        <testcase classname="test/a-plus.spec.ts" name="via return from a rejected promise" time="0">
            <failure message="No test found in suite via return from a rejected promise" type="Error">
Error: No test found in suite via return from a rejected promise
            </failure>
        </testcase>
        <testcase classname="test/a-plus.spec.ts" name="`y` is an asynchronously-fulfilled custom thenable for a synchronously-rejected custom thenable" time="0.001">
            <failure message="No test found in suite `y` is an asynchronously-fulfilled custom thenable for a synchronously-rejected custom thenable" type="Error">
Error: No test found in suite `y` is an asynchronously-fulfilled custom thenable for a synchronously-rejected custom thenable
            </failure>
        </testcase>
        <testcase classname="test/a-plus.spec.ts" name="`then` calls `resolvePromise` synchronously" time="0.001">
            <failure message="No test found in suite `then` calls `resolvePromise` synchronously" type="Error">
Error: No test found in suite `then` calls `resolvePromise` synchronously
            </failure>
        </testcase>
        <testcase classname="test/a-plus.spec.ts" name="via return from a fulfilled promise" time="0">
            <failure message="No test found in suite via return from a fulfilled promise" type="Error">
Error: No test found in suite via return from a fulfilled promise
            </failure>
        </testcase>
        <testcase classname="test/a-plus.spec.ts" name="via return from a rejected promise" time="0">
            <failure message="No test found in suite via return from a rejected promise" type="Error">
Error: No test found in suite via return from a rejected promise
            </failure>
        </testcase>
        <testcase classname="test/a-plus.spec.ts" name="`then` calls `resolvePromise` asynchronously" time="0">
            <failure message="No test found in suite `then` calls `resolvePromise` asynchronously" type="Error">
Error: No test found in suite `then` calls `resolvePromise` asynchronously
            </failure>
        </testcase>
        <testcase classname="test/a-plus.spec.ts" name="via return from a fulfilled promise" time="0">
            <failure message="No test found in suite via return from a fulfilled promise" type="Error">
Error: No test found in suite via return from a fulfilled promise
            </failure>
        </testcase>
        <testcase classname="test/a-plus.spec.ts" name="via return from a rejected promise" time="0">
            <failure message="No test found in suite via return from a rejected promise" type="Error">
Error: No test found in suite via return from a rejected promise
            </failure>
        </testcase>
        <testcase classname="test/a-plus.spec.ts" name="`y` is an asynchronously-fulfilled custom thenable for an asynchronously-rejected custom thenable" time="0">
            <failure message="No test found in suite `y` is an asynchronously-fulfilled custom thenable for an asynchronously-rejected custom thenable" type="Error">
Error: No test found in suite `y` is an asynchronously-fulfilled custom thenable for an asynchronously-rejected custom thenable
            </failure>
        </testcase>
        <testcase classname="test/a-plus.spec.ts" name="`then` calls `resolvePromise` synchronously" time="0">
            <failure message="No test found in suite `then` calls `resolvePromise` synchronously" type="Error">
Error: No test found in suite `then` calls `resolvePromise` synchronously
            </failure>
        </testcase>
        <testcase classname="test/a-plus.spec.ts" name="via return from a fulfilled promise" time="0">
            <failure message="No test found in suite via return from a fulfilled promise" type="Error">
Error: No test found in suite via return from a fulfilled promise
            </failure>
        </testcase>
        <testcase classname="test/a-plus.spec.ts" name="via return from a rejected promise" time="0">
            <failure message="No test found in suite via return from a rejected promise" type="Error">
Error: No test found in suite via return from a rejected promise
            </failure>
        </testcase>
        <testcase classname="test/a-plus.spec.ts" name="`then` calls `resolvePromise` asynchronously" time="0">
            <failure message="No test found in suite `then` calls `resolvePromise` asynchronously" type="Error">
Error: No test found in suite `then` calls `resolvePromise` asynchronously
            </failure>
        </testcase>
        <testcase classname="test/a-plus.spec.ts" name="via return from a fulfilled promise" time="0">
            <failure message="No test found in suite via return from a fulfilled promise" type="Error">
Error: No test found in suite via return from a fulfilled promise
            </failure>
        </testcase>
        <testcase classname="test/a-plus.spec.ts" name="via return from a rejected promise" time="0">
            <failure message="No test found in suite via return from a rejected promise" type="Error">
Error: No test found in suite via return from a rejected promise
            </failure>
        </testcase>
        <testcase classname="test/a-plus.spec.ts" name="`y` is an asynchronously-fulfilled custom thenable for a synchronously-rejected one-time thenable" time="0.001">
            <failure message="No test found in suite `y` is an asynchronously-fulfilled custom thenable for a synchronously-rejected one-time thenable" type="Error">
Error: No test found in suite `y` is an asynchronously-fulfilled custom thenable for a synchronously-rejected one-time thenable
            </failure>
        </testcase>
        <testcase classname="test/a-plus.spec.ts" name="`then` calls `resolvePromise` synchronously" time="0">
            <failure message="No test found in suite `then` calls `resolvePromise` synchronously" type="Error">
Error: No test found in suite `then` calls `resolvePromise` synchronously
            </failure>
        </testcase>
        <testcase classname="test/a-plus.spec.ts" name="via return from a fulfilled promise" time="0">
            <failure message="No test found in suite via return from a fulfilled promise" type="Error">
Error: No test found in suite via return from a fulfilled promise
            </failure>
        </testcase>
        <testcase classname="test/a-plus.spec.ts" name="via return from a rejected promise" time="0">
            <failure message="No test found in suite via return from a rejected promise" type="Error">
Error: No test found in suite via return from a rejected promise
            </failure>
        </testcase>
        <testcase classname="test/a-plus.spec.ts" name="`then` calls `resolvePromise` asynchronously" time="0.001">
            <failure message="No test found in suite `then` calls `resolvePromise` asynchronously" type="Error">
Error: No test found in suite `then` calls `resolvePromise` asynchronously
            </failure>
        </testcase>
        <testcase classname="test/a-plus.spec.ts" name="via return from a fulfilled promise" time="0">
            <failure message="No test found in suite via return from a fulfilled promise" type="Error">
Error: No test found in suite via return from a fulfilled promise
            </failure>
        </testcase>
        <testcase classname="test/a-plus.spec.ts" name="via return from a rejected promise" time="0.001">
            <failure message="No test found in suite via return from a rejected promise" type="Error">
Error: No test found in suite via return from a rejected promise
            </failure>
        </testcase>
        <testcase classname="test/a-plus.spec.ts" name="`y` is an asynchronously-fulfilled custom thenable for a thenable that immediately throws in `then`" time="0">
            <failure message="No test found in suite `y` is an asynchronously-fulfilled custom thenable for a thenable that immediately throws in `then`" type="Error">
Error: No test found in suite `y` is an asynchronously-fulfilled custom thenable for a thenable that immediately throws in `then`
            </failure>
        </testcase>
        <testcase classname="test/a-plus.spec.ts" name="`then` calls `resolvePromise` synchronously" time="0">
            <failure message="No test found in suite `then` calls `resolvePromise` synchronously" type="Error">
Error: No test found in suite `then` calls `resolvePromise` synchronously
            </failure>
        </testcase>
        <testcase classname="test/a-plus.spec.ts" name="via return from a fulfilled promise" time="0">
            <failure message="No test found in suite via return from a fulfilled promise" type="Error">
Error: No test found in suite via return from a fulfilled promise
            </failure>
        </testcase>
        <testcase classname="test/a-plus.spec.ts" name="via return from a rejected promise" time="0">
            <failure message="No test found in suite via return from a rejected promise" type="Error">
Error: No test found in suite via return from a rejected promise
            </failure>
        </testcase>
        <testcase classname="test/a-plus.spec.ts" name="`then` calls `resolvePromise` asynchronously" time="0">
            <failure message="No test found in suite `then` calls `resolvePromise` asynchronously" type="Error">
Error: No test found in suite `then` calls `resolvePromise` asynchronously
            </failure>
        </testcase>
        <testcase classname="test/a-plus.spec.ts" name="via return from a fulfilled promise" time="0">
            <failure message="No test found in suite via return from a fulfilled promise" type="Error">
Error: No test found in suite via return from a fulfilled promise
            </failure>
        </testcase>
        <testcase classname="test/a-plus.spec.ts" name="via return from a rejected promise" time="0">
            <failure message="No test found in suite via return from a rejected promise" type="Error">
Error: No test found in suite via return from a rejected promise
            </failure>
        </testcase>
        <testcase classname="test/a-plus.spec.ts" name="`y` is an asynchronously-fulfilled custom thenable for an object with a throwing `then` accessor" time="0">
            <failure message="No test found in suite `y` is an asynchronously-fulfilled custom thenable for an object with a throwing `then` accessor" type="Error">
Error: No test found in suite `y` is an asynchronously-fulfilled custom thenable for an object with a throwing `then` accessor
            </failure>
        </testcase>
        <testcase classname="test/a-plus.spec.ts" name="`then` calls `resolvePromise` synchronously" time="0">
            <failure message="No test found in suite `then` calls `resolvePromise` synchronously" type="Error">
Error: No test found in suite `then` calls `resolvePromise` synchronously
            </failure>
        </testcase>
        <testcase classname="test/a-plus.spec.ts" name="via return from a fulfilled promise" time="0">
            <failure message="No test found in suite via return from a fulfilled promise" type="Error">
Error: No test found in suite via return from a fulfilled promise
            </failure>
        </testcase>
        <testcase classname="test/a-plus.spec.ts" name="via return from a rejected promise" time="0">
            <failure message="No test found in suite via return from a rejected promise" type="Error">
Error: No test found in suite via return from a rejected promise
            </failure>
        </testcase>
        <testcase classname="test/a-plus.spec.ts" name="`then` calls `resolvePromise` asynchronously" time="0">
            <failure message="No test found in suite `then` calls `resolvePromise` asynchronously" type="Error">
Error: No test found in suite `then` calls `resolvePromise` asynchronously
            </failure>
        </testcase>
        <testcase classname="test/a-plus.spec.ts" name="via return from a fulfilled promise" time="0">
            <failure message="No test found in suite via return from a fulfilled promise" type="Error">
Error: No test found in suite via return from a fulfilled promise
            </failure>
        </testcase>
        <testcase classname="test/a-plus.spec.ts" name="via return from a rejected promise" time="0">
            <failure message="No test found in suite via return from a rejected promise" type="Error">
Error: No test found in suite via return from a rejected promise
            </failure>
        </testcase>
        <testcase classname="test/a-plus.spec.ts" name="`y` is an asynchronously-fulfilled custom thenable for an already-rejected promise" time="0.001">
            <failure message="No test found in suite `y` is an asynchronously-fulfilled custom thenable for an already-rejected promise" type="Error">
Error: No test found in suite `y` is an asynchronously-fulfilled custom thenable for an already-rejected promise
            </failure>
        </testcase>
        <testcase classname="test/a-plus.spec.ts" name="`then` calls `resolvePromise` synchronously" time="0.001">
            <failure message="No test found in suite `then` calls `resolvePromise` synchronously" type="Error">
Error: No test found in suite `then` calls `resolvePromise` synchronously
            </failure>
        </testcase>
        <testcase classname="test/a-plus.spec.ts" name="via return from a fulfilled promise" time="0">
            <failure message="No test found in suite via return from a fulfilled promise" type="Error">
Error: No test found in suite via return from a fulfilled promise
            </failure>
        </testcase>
        <testcase classname="test/a-plus.spec.ts" name="via return from a rejected promise" time="0.001">
            <failure message="No test found in suite via return from a rejected promise" type="Error">
Error: No test found in suite via return from a rejected promise
            </failure>
        </testcase>
        <testcase classname="test/a-plus.spec.ts" name="`then` calls `resolvePromise` asynchronously" time="0">
            <failure message="No test found in suite `then` calls `resolvePromise` asynchronously" type="Error">
Error: No test found in suite `then` calls `resolvePromise` asynchronously
            </failure>
        </testcase>
        <testcase classname="test/a-plus.spec.ts" name="via return from a fulfilled promise" time="0">
            <failure message="No test found in suite via return from a fulfilled promise" type="Error">
Error: No test found in suite via return from a fulfilled promise
            </failure>
        </testcase>
        <testcase classname="test/a-plus.spec.ts" name="via return from a rejected promise" time="0">
            <failure message="No test found in suite via return from a rejected promise" type="Error">
Error: No test found in suite via return from a rejected promise
            </failure>
        </testcase>
        <testcase classname="test/a-plus.spec.ts" name="`y` is an asynchronously-fulfilled custom thenable for an eventually-rejected promise" time="0">
            <failure message="No test found in suite `y` is an asynchronously-fulfilled custom thenable for an eventually-rejected promise" type="Error">
Error: No test found in suite `y` is an asynchronously-fulfilled custom thenable for an eventually-rejected promise
            </failure>
        </testcase>
        <testcase classname="test/a-plus.spec.ts" name="`then` calls `resolvePromise` synchronously" time="0">
            <failure message="No test found in suite `then` calls `resolvePromise` synchronously" type="Error">
Error: No test found in suite `then` calls `resolvePromise` synchronously
            </failure>
        </testcase>
        <testcase classname="test/a-plus.spec.ts" name="via return from a fulfilled promise" time="0">
            <failure message="No test found in suite via return from a fulfilled promise" type="Error">
Error: No test found in suite via return from a fulfilled promise
            </failure>
        </testcase>
        <testcase classname="test/a-plus.spec.ts" name="via return from a rejected promise" time="0">
            <failure message="No test found in suite via return from a rejected promise" type="Error">
Error: No test found in suite via return from a rejected promise
            </failure>
        </testcase>
        <testcase classname="test/a-plus.spec.ts" name="`then` calls `resolvePromise` asynchronously" time="0">
            <failure message="No test found in suite `then` calls `resolvePromise` asynchronously" type="Error">
Error: No test found in suite `then` calls `resolvePromise` asynchronously
            </failure>
        </testcase>
        <testcase classname="test/a-plus.spec.ts" name="via return from a fulfilled promise" time="0">
            <failure message="No test found in suite via return from a fulfilled promise" type="Error">
Error: No test found in suite via return from a fulfilled promise
            </failure>
        </testcase>
        <testcase classname="test/a-plus.spec.ts" name="via return from a rejected promise" time="0">
            <failure message="No test found in suite via return from a rejected promise" type="Error">
Error: No test found in suite via return from a rejected promise
            </failure>
        </testcase>
        <testcase classname="test/a-plus.spec.ts" name="`y` is a synchronously-fulfilled one-time thenable for a synchronously-fulfilled custom thenable" time="0.001">
            <failure message="No test found in suite `y` is a synchronously-fulfilled one-time thenable for a synchronously-fulfilled custom thenable" type="Error">
Error: No test found in suite `y` is a synchronously-fulfilled one-time thenable for a synchronously-fulfilled custom thenable
            </failure>
        </testcase>
        <testcase classname="test/a-plus.spec.ts" name="`then` calls `resolvePromise` synchronously" time="0">
            <failure message="No test found in suite `then` calls `resolvePromise` synchronously" type="Error">
Error: No test found in suite `then` calls `resolvePromise` synchronously
            </failure>
        </testcase>
        <testcase classname="test/a-plus.spec.ts" name="via return from a fulfilled promise" time="0">
            <failure message="No test found in suite via return from a fulfilled promise" type="Error">
Error: No test found in suite via return from a fulfilled promise
            </failure>
        </testcase>
        <testcase classname="test/a-plus.spec.ts" name="via return from a rejected promise" time="0">
            <failure message="No test found in suite via return from a rejected promise" type="Error">
Error: No test found in suite via return from a rejected promise
            </failure>
        </testcase>
        <testcase classname="test/a-plus.spec.ts" name="`then` calls `resolvePromise` asynchronously" time="0.001">
            <failure message="No test found in suite `then` calls `resolvePromise` asynchronously" type="Error">
Error: No test found in suite `then` calls `resolvePromise` asynchronously
            </failure>
        </testcase>
        <testcase classname="test/a-plus.spec.ts" name="via return from a fulfilled promise" time="0">
            <failure message="No test found in suite via return from a fulfilled promise" type="Error">
Error: No test found in suite via return from a fulfilled promise
            </failure>
        </testcase>
        <testcase classname="test/a-plus.spec.ts" name="via return from a rejected promise" time="0">
            <failure message="No test found in suite via return from a rejected promise" type="Error">
Error: No test found in suite via return from a rejected promise
            </failure>
        </testcase>
        <testcase classname="test/a-plus.spec.ts" name="`y` is a synchronously-fulfilled one-time thenable for an asynchronously-fulfilled custom thenable" time="0">
            <failure message="No test found in suite `y` is a synchronously-fulfilled one-time thenable for an asynchronously-fulfilled custom thenable" type="Error">
Error: No test found in suite `y` is a synchronously-fulfilled one-time thenable for an asynchronously-fulfilled custom thenable
            </failure>
        </testcase>
        <testcase classname="test/a-plus.spec.ts" name="`then` calls `resolvePromise` synchronously" time="0">
            <failure message="No test found in suite `then` calls `resolvePromise` synchronously" type="Error">
Error: No test found in suite `then` calls `resolvePromise` synchronously
            </failure>
        </testcase>
        <testcase classname="test/a-plus.spec.ts" name="via return from a fulfilled promise" time="0">
            <failure message="No test found in suite via return from a fulfilled promise" type="Error">
Error: No test found in suite via return from a fulfilled promise
            </failure>
        </testcase>
        <testcase classname="test/a-plus.spec.ts" name="via return from a rejected promise" time="0">
            <failure message="No test found in suite via return from a rejected promise" type="Error">
Error: No test found in suite via return from a rejected promise
            </failure>
        </testcase>
        <testcase classname="test/a-plus.spec.ts" name="`then` calls `resolvePromise` asynchronously" time="0">
            <failure message="No test found in suite `then` calls `resolvePromise` asynchronously" type="Error">
Error: No test found in suite `then` calls `resolvePromise` asynchronously
            </failure>
        </testcase>
        <testcase classname="test/a-plus.spec.ts" name="via return from a fulfilled promise" time="0">
            <failure message="No test found in suite via return from a fulfilled promise" type="Error">
Error: No test found in suite via return from a fulfilled promise
            </failure>
        </testcase>
        <testcase classname="test/a-plus.spec.ts" name="via return from a rejected promise" time="0">
            <failure message="No test found in suite via return from a rejected promise" type="Error">
Error: No test found in suite via return from a rejected promise
            </failure>
        </testcase>
        <testcase classname="test/a-plus.spec.ts" name="`y` is a synchronously-fulfilled one-time thenable for a synchronously-fulfilled one-time thenable" time="0">
            <failure message="No test found in suite `y` is a synchronously-fulfilled one-time thenable for a synchronously-fulfilled one-time thenable" type="Error">
Error: No test found in suite `y` is a synchronously-fulfilled one-time thenable for a synchronously-fulfilled one-time thenable
            </failure>
        </testcase>
        <testcase classname="test/a-plus.spec.ts" name="`then` calls `resolvePromise` synchronously" time="0">
            <failure message="No test found in suite `then` calls `resolvePromise` synchronously" type="Error">
Error: No test found in suite `then` calls `resolvePromise` synchronously
            </failure>
        </testcase>
        <testcase classname="test/a-plus.spec.ts" name="via return from a fulfilled promise" time="0">
            <failure message="No test found in suite via return from a fulfilled promise" type="Error">
Error: No test found in suite via return from a fulfilled promise
            </failure>
        </testcase>
        <testcase classname="test/a-plus.spec.ts" name="via return from a rejected promise" time="0">
            <failure message="No test found in suite via return from a rejected promise" type="Error">
Error: No test found in suite via return from a rejected promise
            </failure>
        </testcase>
        <testcase classname="test/a-plus.spec.ts" name="`then` calls `resolvePromise` asynchronously" time="0">
            <failure message="No test found in suite `then` calls `resolvePromise` asynchronously" type="Error">
Error: No test found in suite `then` calls `resolvePromise` asynchronously
            </failure>
        </testcase>
        <testcase classname="test/a-plus.spec.ts" name="via return from a fulfilled promise" time="0">
            <failure message="No test found in suite via return from a fulfilled promise" type="Error">
Error: No test found in suite via return from a fulfilled promise
            </failure>
        </testcase>
        <testcase classname="test/a-plus.spec.ts" name="via return from a rejected promise" time="0">
            <failure message="No test found in suite via return from a rejected promise" type="Error">
Error: No test found in suite via return from a rejected promise
            </failure>
        </testcase>
        <testcase classname="test/a-plus.spec.ts" name="`y` is a synchronously-fulfilled one-time thenable for a thenable that tries to fulfill twice" time="0.001">
            <failure message="No test found in suite `y` is a synchronously-fulfilled one-time thenable for a thenable that tries to fulfill twice" type="Error">
Error: No test found in suite `y` is a synchronously-fulfilled one-time thenable for a thenable that tries to fulfill twice
            </failure>
        </testcase>
        <testcase classname="test/a-plus.spec.ts" name="`then` calls `resolvePromise` synchronously" time="0">
            <failure message="No test found in suite `then` calls `resolvePromise` synchronously" type="Error">
Error: No test found in suite `then` calls `resolvePromise` synchronously
            </failure>
        </testcase>
        <testcase classname="test/a-plus.spec.ts" name="via return from a fulfilled promise" time="0">
            <failure message="No test found in suite via return from a fulfilled promise" type="Error">
Error: No test found in suite via return from a fulfilled promise
            </failure>
        </testcase>
        <testcase classname="test/a-plus.spec.ts" name="via return from a rejected promise" time="0">
            <failure message="No test found in suite via return from a rejected promise" type="Error">
Error: No test found in suite via return from a rejected promise
            </failure>
        </testcase>
        <testcase classname="test/a-plus.spec.ts" name="`then` calls `resolvePromise` asynchronously" time="0.001">
            <failure message="No test found in suite `then` calls `resolvePromise` asynchronously" type="Error">
Error: No test found in suite `then` calls `resolvePromise` asynchronously
            </failure>
        </testcase>
        <testcase classname="test/a-plus.spec.ts" name="via return from a fulfilled promise" time="0.001">
            <failure message="No test found in suite via return from a fulfilled promise" type="Error">
Error: No test found in suite via return from a fulfilled promise
            </failure>
        </testcase>
        <testcase classname="test/a-plus.spec.ts" name="via return from a rejected promise" time="0">
            <failure message="No test found in suite via return from a rejected promise" type="Error">
Error: No test found in suite via return from a rejected promise
            </failure>
        </testcase>
        <testcase classname="test/a-plus.spec.ts" name="`y` is a synchronously-fulfilled one-time thenable for a thenable that fulfills but then throws" time="0.001">
            <failure message="No test found in suite `y` is a synchronously-fulfilled one-time thenable for a thenable that fulfills but then throws" type="Error">
Error: No test found in suite `y` is a synchronously-fulfilled one-time thenable for a thenable that fulfills but then throws
            </failure>
        </testcase>
        <testcase classname="test/a-plus.spec.ts" name="`then` calls `resolvePromise` synchronously" time="0.001">
            <failure message="No test found in suite `then` calls `resolvePromise` synchronously" type="Error">
Error: No test found in suite `then` calls `resolvePromise` synchronously
            </failure>
        </testcase>
        <testcase classname="test/a-plus.spec.ts" name="via return from a fulfilled promise" time="0">
            <failure message="No test found in suite via return from a fulfilled promise" type="Error">
Error: No test found in suite via return from a fulfilled promise
            </failure>
        </testcase>
        <testcase classname="test/a-plus.spec.ts" name="via return from a rejected promise" time="0">
            <failure message="No test found in suite via return from a rejected promise" type="Error">
Error: No test found in suite via return from a rejected promise
            </failure>
        </testcase>
        <testcase classname="test/a-plus.spec.ts" name="`then` calls `resolvePromise` asynchronously" time="0">
            <failure message="No test found in suite `then` calls `resolvePromise` asynchronously" type="Error">
Error: No test found in suite `then` calls `resolvePromise` asynchronously
            </failure>
        </testcase>
        <testcase classname="test/a-plus.spec.ts" name="via return from a fulfilled promise" time="0">
            <failure message="No test found in suite via return from a fulfilled promise" type="Error">
Error: No test found in suite via return from a fulfilled promise
            </failure>
        </testcase>
        <testcase classname="test/a-plus.spec.ts" name="via return from a rejected promise" time="0">
            <failure message="No test found in suite via return from a rejected promise" type="Error">
Error: No test found in suite via return from a rejected promise
            </failure>
        </testcase>
        <testcase classname="test/a-plus.spec.ts" name="`y` is a synchronously-fulfilled one-time thenable for an already-fulfilled promise" time="0">
            <failure message="No test found in suite `y` is a synchronously-fulfilled one-time thenable for an already-fulfilled promise" type="Error">
Error: No test found in suite `y` is a synchronously-fulfilled one-time thenable for an already-fulfilled promise
            </failure>
        </testcase>
        <testcase classname="test/a-plus.spec.ts" name="`then` calls `resolvePromise` synchronously" time="0">
            <failure message="No test found in suite `then` calls `resolvePromise` synchronously" type="Error">
Error: No test found in suite `then` calls `resolvePromise` synchronously
            </failure>
        </testcase>
        <testcase classname="test/a-plus.spec.ts" name="via return from a fulfilled promise" time="0">
            <failure message="No test found in suite via return from a fulfilled promise" type="Error">
Error: No test found in suite via return from a fulfilled promise
            </failure>
        </testcase>
        <testcase classname="test/a-plus.spec.ts" name="via return from a rejected promise" time="0">
            <failure message="No test found in suite via return from a rejected promise" type="Error">
Error: No test found in suite via return from a rejected promise
            </failure>
        </testcase>
        <testcase classname="test/a-plus.spec.ts" name="`then` calls `resolvePromise` asynchronously" time="0">
            <failure message="No test found in suite `then` calls `resolvePromise` asynchronously" type="Error">
Error: No test found in suite `then` calls `resolvePromise` asynchronously
            </failure>
        </testcase>
        <testcase classname="test/a-plus.spec.ts" name="via return from a fulfilled promise" time="0">
            <failure message="No test found in suite via return from a fulfilled promise" type="Error">
Error: No test found in suite via return from a fulfilled promise
            </failure>
        </testcase>
        <testcase classname="test/a-plus.spec.ts" name="via return from a rejected promise" time="0">
            <failure message="No test found in suite via return from a rejected promise" type="Error">
Error: No test found in suite via return from a rejected promise
            </failure>
        </testcase>
        <testcase classname="test/a-plus.spec.ts" name="`y` is a synchronously-fulfilled one-time thenable for an eventually-fulfilled promise" time="0.001">
            <failure message="No test found in suite `y` is a synchronously-fulfilled one-time thenable for an eventually-fulfilled promise" type="Error">
Error: No test found in suite `y` is a synchronously-fulfilled one-time thenable for an eventually-fulfilled promise
            </failure>
        </testcase>
        <testcase classname="test/a-plus.spec.ts" name="`then` calls `resolvePromise` synchronously" time="0">
            <failure message="No test found in suite `then` calls `resolvePromise` synchronously" type="Error">
Error: No test found in suite `then` calls `resolvePromise` synchronously
            </failure>
        </testcase>
        <testcase classname="test/a-plus.spec.ts" name="via return from a fulfilled promise" time="0">
            <failure message="No test found in suite via return from a fulfilled promise" type="Error">
Error: No test found in suite via return from a fulfilled promise
            </failure>
        </testcase>
        <testcase classname="test/a-plus.spec.ts" name="via return from a rejected promise" time="0">
            <failure message="No test found in suite via return from a rejected promise" type="Error">
Error: No test found in suite via return from a rejected promise
            </failure>
        </testcase>
        <testcase classname="test/a-plus.spec.ts" name="`then` calls `resolvePromise` asynchronously" time="0.001">
            <failure message="No test found in suite `then` calls `resolvePromise` asynchronously" type="Error">
Error: No test found in suite `then` calls `resolvePromise` asynchronously
            </failure>
        </testcase>
        <testcase classname="test/a-plus.spec.ts" name="via return from a fulfilled promise" time="0">
            <failure message="No test found in suite via return from a fulfilled promise" type="Error">
Error: No test found in suite via return from a fulfilled promise
            </failure>
        </testcase>
        <testcase classname="test/a-plus.spec.ts" name="via return from a rejected promise" time="0">
            <failure message="No test found in suite via return from a rejected promise" type="Error">
Error: No test found in suite via return from a rejected promise
            </failure>
        </testcase>
        <testcase classname="test/a-plus.spec.ts" name="`y` is a synchronously-fulfilled one-time thenable for a synchronously-rejected custom thenable" time="0">
            <failure message="No test found in suite `y` is a synchronously-fulfilled one-time thenable for a synchronously-rejected custom thenable" type="Error">
Error: No test found in suite `y` is a synchronously-fulfilled one-time thenable for a synchronously-rejected custom thenable
            </failure>
        </testcase>
        <testcase classname="test/a-plus.spec.ts" name="`then` calls `resolvePromise` synchronously" time="0">
            <failure message="No test found in suite `then` calls `resolvePromise` synchronously" type="Error">
Error: No test found in suite `then` calls `resolvePromise` synchronously
            </failure>
        </testcase>
        <testcase classname="test/a-plus.spec.ts" name="via return from a fulfilled promise" time="0">
            <failure message="No test found in suite via return from a fulfilled promise" type="Error">
Error: No test found in suite via return from a fulfilled promise
            </failure>
        </testcase>
        <testcase classname="test/a-plus.spec.ts" name="via return from a rejected promise" time="0">
            <failure message="No test found in suite via return from a rejected promise" type="Error">
Error: No test found in suite via return from a rejected promise
            </failure>
        </testcase>
        <testcase classname="test/a-plus.spec.ts" name="`then` calls `resolvePromise` asynchronously" time="0">
            <failure message="No test found in suite `then` calls `resolvePromise` asynchronously" type="Error">
Error: No test found in suite `then` calls `resolvePromise` asynchronously
            </failure>
        </testcase>
        <testcase classname="test/a-plus.spec.ts" name="via return from a fulfilled promise" time="0">
            <failure message="No test found in suite via return from a fulfilled promise" type="Error">
Error: No test found in suite via return from a fulfilled promise
            </failure>
        </testcase>
        <testcase classname="test/a-plus.spec.ts" name="via return from a rejected promise" time="0">
            <failure message="No test found in suite via return from a rejected promise" type="Error">
Error: No test found in suite via return from a rejected promise
            </failure>
        </testcase>
        <testcase classname="test/a-plus.spec.ts" name="`y` is a synchronously-fulfilled one-time thenable for an asynchronously-rejected custom thenable" time="0">
            <failure message="No test found in suite `y` is a synchronously-fulfilled one-time thenable for an asynchronously-rejected custom thenable" type="Error">
Error: No test found in suite `y` is a synchronously-fulfilled one-time thenable for an asynchronously-rejected custom thenable
            </failure>
        </testcase>
        <testcase classname="test/a-plus.spec.ts" name="`then` calls `resolvePromise` synchronously" time="0">
            <failure message="No test found in suite `then` calls `resolvePromise` synchronously" type="Error">
Error: No test found in suite `then` calls `resolvePromise` synchronously
            </failure>
        </testcase>
        <testcase classname="test/a-plus.spec.ts" name="via return from a fulfilled promise" time="0">
            <failure message="No test found in suite via return from a fulfilled promise" type="Error">
Error: No test found in suite via return from a fulfilled promise
            </failure>
        </testcase>
        <testcase classname="test/a-plus.spec.ts" name="via return from a rejected promise" time="0">
            <failure message="No test found in suite via return from a rejected promise" type="Error">
Error: No test found in suite via return from a rejected promise
            </failure>
        </testcase>
        <testcase classname="test/a-plus.spec.ts" name="`then` calls `resolvePromise` asynchronously" time="0">
            <failure message="No test found in suite `then` calls `resolvePromise` asynchronously" type="Error">
Error: No test found in suite `then` calls `resolvePromise` asynchronously
            </failure>
        </testcase>
        <testcase classname="test/a-plus.spec.ts" name="via return from a fulfilled promise" time="0">
            <failure message="No test found in suite via return from a fulfilled promise" type="Error">
Error: No test found in suite via return from a fulfilled promise
            </failure>
        </testcase>
        <testcase classname="test/a-plus.spec.ts" name="via return from a rejected promise" time="0">
            <failure message="No test found in suite via return from a rejected promise" type="Error">
Error: No test found in suite via return from a rejected promise
            </failure>
        </testcase>
        <testcase classname="test/a-plus.spec.ts" name="`y` is a synchronously-fulfilled one-time thenable for a synchronously-rejected one-time thenable" time="0.001">
            <failure message="No test found in suite `y` is a synchronously-fulfilled one-time thenable for a synchronously-rejected one-time thenable" type="Error">
Error: No test found in suite `y` is a synchronously-fulfilled one-time thenable for a synchronously-rejected one-time thenable
            </failure>
        </testcase>
        <testcase classname="test/a-plus.spec.ts" name="`then` calls `resolvePromise` synchronously" time="0.001">
            <failure message="No test found in suite `then` calls `resolvePromise` synchronously" type="Error">
Error: No test found in suite `then` calls `resolvePromise` synchronously
            </failure>
        </testcase>
        <testcase classname="test/a-plus.spec.ts" name="via return from a fulfilled promise" time="0">
            <failure message="No test found in suite via return from a fulfilled promise" type="Error">
Error: No test found in suite via return from a fulfilled promise
            </failure>
        </testcase>
        <testcase classname="test/a-plus.spec.ts" name="via return from a rejected promise" time="0.001">
            <failure message="No test found in suite via return from a rejected promise" type="Error">
Error: No test found in suite via return from a rejected promise
            </failure>
        </testcase>
        <testcase classname="test/a-plus.spec.ts" name="`then` calls `resolvePromise` asynchronously" time="0">
            <failure message="No test found in suite `then` calls `resolvePromise` asynchronously" type="Error">
Error: No test found in suite `then` calls `resolvePromise` asynchronously
            </failure>
        </testcase>
        <testcase classname="test/a-plus.spec.ts" name="via return from a fulfilled promise" time="0">
            <failure message="No test found in suite via return from a fulfilled promise" type="Error">
Error: No test found in suite via return from a fulfilled promise
            </failure>
        </testcase>
        <testcase classname="test/a-plus.spec.ts" name="via return from a rejected promise" time="0">
            <failure message="No test found in suite via return from a rejected promise" type="Error">
Error: No test found in suite via return from a rejected promise
            </failure>
        </testcase>
        <testcase classname="test/a-plus.spec.ts" name="`y` is a synchronously-fulfilled one-time thenable for a thenable that immediately throws in `then`" time="0">
            <failure message="No test found in suite `y` is a synchronously-fulfilled one-time thenable for a thenable that immediately throws in `then`" type="Error">
Error: No test found in suite `y` is a synchronously-fulfilled one-time thenable for a thenable that immediately throws in `then`
            </failure>
        </testcase>
        <testcase classname="test/a-plus.spec.ts" name="`then` calls `resolvePromise` synchronously" time="0">
            <failure message="No test found in suite `then` calls `resolvePromise` synchronously" type="Error">
Error: No test found in suite `then` calls `resolvePromise` synchronously
            </failure>
        </testcase>
        <testcase classname="test/a-plus.spec.ts" name="via return from a fulfilled promise" time="0">
            <failure message="No test found in suite via return from a fulfilled promise" type="Error">
Error: No test found in suite via return from a fulfilled promise
            </failure>
        </testcase>
        <testcase classname="test/a-plus.spec.ts" name="via return from a rejected promise" time="0">
            <failure message="No test found in suite via return from a rejected promise" type="Error">
Error: No test found in suite via return from a rejected promise
            </failure>
        </testcase>
        <testcase classname="test/a-plus.spec.ts" name="`then` calls `resolvePromise` asynchronously" time="0">
            <failure message="No test found in suite `then` calls `resolvePromise` asynchronously" type="Error">
Error: No test found in suite `then` calls `resolvePromise` asynchronously
            </failure>
        </testcase>
        <testcase classname="test/a-plus.spec.ts" name="via return from a fulfilled promise" time="0">
            <failure message="No test found in suite via return from a fulfilled promise" type="Error">
Error: No test found in suite via return from a fulfilled promise
            </failure>
        </testcase>
        <testcase classname="test/a-plus.spec.ts" name="via return from a rejected promise" time="0">
            <failure message="No test found in suite via return from a rejected promise" type="Error">
Error: No test found in suite via return from a rejected promise
            </failure>
        </testcase>
        <testcase classname="test/a-plus.spec.ts" name="`y` is a synchronously-fulfilled one-time thenable for an object with a throwing `then` accessor" time="0.001">
            <failure message="No test found in suite `y` is a synchronously-fulfilled one-time thenable for an object with a throwing `then` accessor" type="Error">
Error: No test found in suite `y` is a synchronously-fulfilled one-time thenable for an object with a throwing `then` accessor
            </failure>
        </testcase>
        <testcase classname="test/a-plus.spec.ts" name="`then` calls `resolvePromise` synchronously" time="0">
            <failure message="No test found in suite `then` calls `resolvePromise` synchronously" type="Error">
Error: No test found in suite `then` calls `resolvePromise` synchronously
            </failure>
        </testcase>
        <testcase classname="test/a-plus.spec.ts" name="via return from a fulfilled promise" time="0">
            <failure message="No test found in suite via return from a fulfilled promise" type="Error">
Error: No test found in suite via return from a fulfilled promise
            </failure>
        </testcase>
        <testcase classname="test/a-plus.spec.ts" name="via return from a rejected promise" time="0">
            <failure message="No test found in suite via return from a rejected promise" type="Error">
Error: No test found in suite via return from a rejected promise
            </failure>
        </testcase>
        <testcase classname="test/a-plus.spec.ts" name="`then` calls `resolvePromise` asynchronously" time="0">
            <failure message="No test found in suite `then` calls `resolvePromise` asynchronously" type="Error">
Error: No test found in suite `then` calls `resolvePromise` asynchronously
            </failure>
        </testcase>
        <testcase classname="test/a-plus.spec.ts" name="via return from a fulfilled promise" time="0">
            <failure message="No test found in suite via return from a fulfilled promise" type="Error">
Error: No test found in suite via return from a fulfilled promise
            </failure>
        </testcase>
        <testcase classname="test/a-plus.spec.ts" name="via return from a rejected promise" time="0">
            <failure message="No test found in suite via return from a rejected promise" type="Error">
Error: No test found in suite via return from a rejected promise
            </failure>
        </testcase>
        <testcase classname="test/a-plus.spec.ts" name="`y` is a synchronously-fulfilled one-time thenable for an already-rejected promise" time="0">
            <failure message="No test found in suite `y` is a synchronously-fulfilled one-time thenable for an already-rejected promise" type="Error">
Error: No test found in suite `y` is a synchronously-fulfilled one-time thenable for an already-rejected promise
            </failure>
        </testcase>
        <testcase classname="test/a-plus.spec.ts" name="`then` calls `resolvePromise` synchronously" time="0">
            <failure message="No test found in suite `then` calls `resolvePromise` synchronously" type="Error">
Error: No test found in suite `then` calls `resolvePromise` synchronously
            </failure>
        </testcase>
        <testcase classname="test/a-plus.spec.ts" name="via return from a fulfilled promise" time="0">
            <failure message="No test found in suite via return from a fulfilled promise" type="Error">
Error: No test found in suite via return from a fulfilled promise
            </failure>
        </testcase>
        <testcase classname="test/a-plus.spec.ts" name="via return from a rejected promise" time="0">
            <failure message="No test found in suite via return from a rejected promise" type="Error">
Error: No test found in suite via return from a rejected promise
            </failure>
        </testcase>
        <testcase classname="test/a-plus.spec.ts" name="`then` calls `resolvePromise` asynchronously" time="0">
            <failure message="No test found in suite `then` calls `resolvePromise` asynchronously" type="Error">
Error: No test found in suite `then` calls `resolvePromise` asynchronously
            </failure>
        </testcase>
        <testcase classname="test/a-plus.spec.ts" name="via return from a fulfilled promise" time="0">
            <failure message="No test found in suite via return from a fulfilled promise" type="Error">
Error: No test found in suite via return from a fulfilled promise
            </failure>
        </testcase>
        <testcase classname="test/a-plus.spec.ts" name="via return from a rejected promise" time="0">
            <failure message="No test found in suite via return from a rejected promise" type="Error">
Error: No test found in suite via return from a rejected promise
            </failure>
        </testcase>
        <testcase classname="test/a-plus.spec.ts" name="`y` is a synchronously-fulfilled one-time thenable for an eventually-rejected promise" time="0">
            <failure message="No test found in suite `y` is a synchronously-fulfilled one-time thenable for an eventually-rejected promise" type="Error">
Error: No test found in suite `y` is a synchronously-fulfilled one-time thenable for an eventually-rejected promise
            </failure>
        </testcase>
        <testcase classname="test/a-plus.spec.ts" name="`then` calls `resolvePromise` synchronously" time="0">
            <failure message="No test found in suite `then` calls `resolvePromise` synchronously" type="Error">
Error: No test found in suite `then` calls `resolvePromise` synchronously
            </failure>
        </testcase>
        <testcase classname="test/a-plus.spec.ts" name="via return from a fulfilled promise" time="0">
            <failure message="No test found in suite via return from a fulfilled promise" type="Error">
Error: No test found in suite via return from a fulfilled promise
            </failure>
        </testcase>
        <testcase classname="test/a-plus.spec.ts" name="via return from a rejected promise" time="0">
            <failure message="No test found in suite via return from a rejected promise" type="Error">
Error: No test found in suite via return from a rejected promise
            </failure>
        </testcase>
        <testcase classname="test/a-plus.spec.ts" name="`then` calls `resolvePromise` asynchronously" time="0">
            <failure message="No test found in suite `then` calls `resolvePromise` asynchronously" type="Error">
Error: No test found in suite `then` calls `resolvePromise` asynchronously
            </failure>
        </testcase>
        <testcase classname="test/a-plus.spec.ts" name="via return from a fulfilled promise" time="0">
            <failure message="No test found in suite via return from a fulfilled promise" type="Error">
Error: No test found in suite via return from a fulfilled promise
            </failure>
        </testcase>
        <testcase classname="test/a-plus.spec.ts" name="via return from a rejected promise" time="0">
            <failure message="No test found in suite via return from a rejected promise" type="Error">
Error: No test found in suite via return from a rejected promise
            </failure>
        </testcase>
        <testcase classname="test/a-plus.spec.ts" name="`y` is a thenable that tries to fulfill twice for a synchronously-fulfilled custom thenable" time="0.001">
            <failure message="No test found in suite `y` is a thenable that tries to fulfill twice for a synchronously-fulfilled custom thenable" type="Error">
Error: No test found in suite `y` is a thenable that tries to fulfill twice for a synchronously-fulfilled custom thenable
            </failure>
        </testcase>
        <testcase classname="test/a-plus.spec.ts" name="`then` calls `resolvePromise` synchronously" time="0.001">
            <failure message="No test found in suite `then` calls `resolvePromise` synchronously" type="Error">
Error: No test found in suite `then` calls `resolvePromise` synchronously
            </failure>
        </testcase>
        <testcase classname="test/a-plus.spec.ts" name="via return from a fulfilled promise" time="0">
            <failure message="No test found in suite via return from a fulfilled promise" type="Error">
Error: No test found in suite via return from a fulfilled promise
            </failure>
        </testcase>
        <testcase classname="test/a-plus.spec.ts" name="via return from a rejected promise" time="0.001">
            <failure message="No test found in suite via return from a rejected promise" type="Error">
Error: No test found in suite via return from a rejected promise
            </failure>
        </testcase>
        <testcase classname="test/a-plus.spec.ts" name="`then` calls `resolvePromise` asynchronously" time="0">
            <failure message="No test found in suite `then` calls `resolvePromise` asynchronously" type="Error">
Error: No test found in suite `then` calls `resolvePromise` asynchronously
            </failure>
        </testcase>
        <testcase classname="test/a-plus.spec.ts" name="via return from a fulfilled promise" time="0">
            <failure message="No test found in suite via return from a fulfilled promise" type="Error">
Error: No test found in suite via return from a fulfilled promise
            </failure>
        </testcase>
        <testcase classname="test/a-plus.spec.ts" name="via return from a rejected promise" time="0">
            <failure message="No test found in suite via return from a rejected promise" type="Error">
Error: No test found in suite via return from a rejected promise
            </failure>
        </testcase>
        <testcase classname="test/a-plus.spec.ts" name="`y` is a thenable that tries to fulfill twice for an asynchronously-fulfilled custom thenable" time="0">
            <failure message="No test found in suite `y` is a thenable that tries to fulfill twice for an asynchronously-fulfilled custom thenable" type="Error">
Error: No test found in suite `y` is a thenable that tries to fulfill twice for an asynchronously-fulfilled custom thenable
            </failure>
        </testcase>
        <testcase classname="test/a-plus.spec.ts" name="`then` calls `resolvePromise` synchronously" time="0">
            <failure message="No test found in suite `then` calls `resolvePromise` synchronously" type="Error">
Error: No test found in suite `then` calls `resolvePromise` synchronously
            </failure>
        </testcase>
        <testcase classname="test/a-plus.spec.ts" name="via return from a fulfilled promise" time="0">
            <failure message="No test found in suite via return from a fulfilled promise" type="Error">
Error: No test found in suite via return from a fulfilled promise
            </failure>
        </testcase>
        <testcase classname="test/a-plus.spec.ts" name="via return from a rejected promise" time="0">
            <failure message="No test found in suite via return from a rejected promise" type="Error">
Error: No test found in suite via return from a rejected promise
            </failure>
        </testcase>
        <testcase classname="test/a-plus.spec.ts" name="`then` calls `resolvePromise` asynchronously" time="0">
            <failure message="No test found in suite `then` calls `resolvePromise` asynchronously" type="Error">
Error: No test found in suite `then` calls `resolvePromise` asynchronously
            </failure>
        </testcase>
        <testcase classname="test/a-plus.spec.ts" name="via return from a fulfilled promise" time="0">
            <failure message="No test found in suite via return from a fulfilled promise" type="Error">
Error: No test found in suite via return from a fulfilled promise
            </failure>
        </testcase>
        <testcase classname="test/a-plus.spec.ts" name="via return from a rejected promise" time="0">
            <failure message="No test found in suite via return from a rejected promise" type="Error">
Error: No test found in suite via return from a rejected promise
            </failure>
        </testcase>
        <testcase classname="test/a-plus.spec.ts" name="`y` is a thenable that tries to fulfill twice for a synchronously-fulfilled one-time thenable" time="0.001">
            <failure message="No test found in suite `y` is a thenable that tries to fulfill twice for a synchronously-fulfilled one-time thenable" type="Error">
Error: No test found in suite `y` is a thenable that tries to fulfill twice for a synchronously-fulfilled one-time thenable
            </failure>
        </testcase>
        <testcase classname="test/a-plus.spec.ts" name="`then` calls `resolvePromise` synchronously" time="0">
            <failure message="No test found in suite `then` calls `resolvePromise` synchronously" type="Error">
Error: No test found in suite `then` calls `resolvePromise` synchronously
            </failure>
        </testcase>
        <testcase classname="test/a-plus.spec.ts" name="via return from a fulfilled promise" time="0">
            <failure message="No test found in suite via return from a fulfilled promise" type="Error">
Error: No test found in suite via return from a fulfilled promise
            </failure>
        </testcase>
        <testcase classname="test/a-plus.spec.ts" name="via return from a rejected promise" time="0">
            <failure message="No test found in suite via return from a rejected promise" type="Error">
Error: No test found in suite via return from a rejected promise
            </failure>
        </testcase>
        <testcase classname="test/a-plus.spec.ts" name="`then` calls `resolvePromise` asynchronously" time="0.001">
            <failure message="No test found in suite `then` calls `resolvePromise` asynchronously" type="Error">
Error: No test found in suite `then` calls `resolvePromise` asynchronously
            </failure>
        </testcase>
        <testcase classname="test/a-plus.spec.ts" name="via return from a fulfilled promise" time="0">
            <failure message="No test found in suite via return from a fulfilled promise" type="Error">
Error: No test found in suite via return from a fulfilled promise
            </failure>
        </testcase>
        <testcase classname="test/a-plus.spec.ts" name="via return from a rejected promise" time="0.001">
            <failure message="No test found in suite via return from a rejected promise" type="Error">
Error: No test found in suite via return from a rejected promise
            </failure>
        </testcase>
        <testcase classname="test/a-plus.spec.ts" name="`y` is a thenable that tries to fulfill twice for a thenable that tries to fulfill twice" time="0">
            <failure message="No test found in suite `y` is a thenable that tries to fulfill twice for a thenable that tries to fulfill twice" type="Error">
Error: No test found in suite `y` is a thenable that tries to fulfill twice for a thenable that tries to fulfill twice
            </failure>
        </testcase>
        <testcase classname="test/a-plus.spec.ts" name="`then` calls `resolvePromise` synchronously" time="0">
            <failure message="No test found in suite `then` calls `resolvePromise` synchronously" type="Error">
Error: No test found in suite `then` calls `resolvePromise` synchronously
            </failure>
        </testcase>
        <testcase classname="test/a-plus.spec.ts" name="via return from a fulfilled promise" time="0">
            <failure message="No test found in suite via return from a fulfilled promise" type="Error">
Error: No test found in suite via return from a fulfilled promise
            </failure>
        </testcase>
        <testcase classname="test/a-plus.spec.ts" name="via return from a rejected promise" time="0">
            <failure message="No test found in suite via return from a rejected promise" type="Error">
Error: No test found in suite via return from a rejected promise
            </failure>
        </testcase>
        <testcase classname="test/a-plus.spec.ts" name="`then` calls `resolvePromise` asynchronously" time="0">
            <failure message="No test found in suite `then` calls `resolvePromise` asynchronously" type="Error">
Error: No test found in suite `then` calls `resolvePromise` asynchronously
            </failure>
        </testcase>
        <testcase classname="test/a-plus.spec.ts" name="via return from a fulfilled promise" time="0">
            <failure message="No test found in suite via return from a fulfilled promise" type="Error">
Error: No test found in suite via return from a fulfilled promise
            </failure>
        </testcase>
        <testcase classname="test/a-plus.spec.ts" name="via return from a rejected promise" time="0">
            <failure message="No test found in suite via return from a rejected promise" type="Error">
Error: No test found in suite via return from a rejected promise
            </failure>
        </testcase>
        <testcase classname="test/a-plus.spec.ts" name="`y` is a thenable that tries to fulfill twice for a thenable that fulfills but then throws" time="0">
            <failure message="No test found in suite `y` is a thenable that tries to fulfill twice for a thenable that fulfills but then throws" type="Error">
Error: No test found in suite `y` is a thenable that tries to fulfill twice for a thenable that fulfills but then throws
            </failure>
        </testcase>
        <testcase classname="test/a-plus.spec.ts" name="`then` calls `resolvePromise` synchronously" time="0">
            <failure message="No test found in suite `then` calls `resolvePromise` synchronously" type="Error">
Error: No test found in suite `then` calls `resolvePromise` synchronously
            </failure>
        </testcase>
        <testcase classname="test/a-plus.spec.ts" name="via return from a fulfilled promise" time="0">
            <failure message="No test found in suite via return from a fulfilled promise" type="Error">
Error: No test found in suite via return from a fulfilled promise
            </failure>
        </testcase>
        <testcase classname="test/a-plus.spec.ts" name="via return from a rejected promise" time="0">
            <failure message="No test found in suite via return from a rejected promise" type="Error">
Error: No test found in suite via return from a rejected promise
            </failure>
        </testcase>
        <testcase classname="test/a-plus.spec.ts" name="`then` calls `resolvePromise` asynchronously" time="0">
            <failure message="No test found in suite `then` calls `resolvePromise` asynchronously" type="Error">
Error: No test found in suite `then` calls `resolvePromise` asynchronously
            </failure>
        </testcase>
        <testcase classname="test/a-plus.spec.ts" name="via return from a fulfilled promise" time="0">
            <failure message="No test found in suite via return from a fulfilled promise" type="Error">
Error: No test found in suite via return from a fulfilled promise
            </failure>
        </testcase>
        <testcase classname="test/a-plus.spec.ts" name="via return from a rejected promise" time="0">
            <failure message="No test found in suite via return from a rejected promise" type="Error">
Error: No test found in suite via return from a rejected promise
            </failure>
        </testcase>
        <testcase classname="test/a-plus.spec.ts" name="`y` is a thenable that tries to fulfill twice for an already-fulfilled promise" time="0.001">
            <failure message="No test found in suite `y` is a thenable that tries to fulfill twice for an already-fulfilled promise" type="Error">
Error: No test found in suite `y` is a thenable that tries to fulfill twice for an already-fulfilled promise
            </failure>
        </testcase>
        <testcase classname="test/a-plus.spec.ts" name="`then` calls `resolvePromise` synchronously" time="0.001">
            <failure message="No test found in suite `then` calls `resolvePromise` synchronously" type="Error">
Error: No test found in suite `then` calls `resolvePromise` synchronously
            </failure>
        </testcase>
        <testcase classname="test/a-plus.spec.ts" name="via return from a fulfilled promise" time="0">
            <failure message="No test found in suite via return from a fulfilled promise" type="Error">
Error: No test found in suite via return from a fulfilled promise
            </failure>
        </testcase>
        <testcase classname="test/a-plus.spec.ts" name="via return from a rejected promise" time="0.001">
            <failure message="No test found in suite via return from a rejected promise" type="Error">
Error: No test found in suite via return from a rejected promise
            </failure>
        </testcase>
        <testcase classname="test/a-plus.spec.ts" name="`then` calls `resolvePromise` asynchronously" time="0">
            <failure message="No test found in suite `then` calls `resolvePromise` asynchronously" type="Error">
Error: No test found in suite `then` calls `resolvePromise` asynchronously
            </failure>
        </testcase>
        <testcase classname="test/a-plus.spec.ts" name="via return from a fulfilled promise" time="0">
            <failure message="No test found in suite via return from a fulfilled promise" type="Error">
Error: No test found in suite via return from a fulfilled promise
            </failure>
        </testcase>
        <testcase classname="test/a-plus.spec.ts" name="via return from a rejected promise" time="0">
            <failure message="No test found in suite via return from a rejected promise" type="Error">
Error: No test found in suite via return from a rejected promise
            </failure>
        </testcase>
        <testcase classname="test/a-plus.spec.ts" name="`y` is a thenable that tries to fulfill twice for an eventually-fulfilled promise" time="0">
            <failure message="No test found in suite `y` is a thenable that tries to fulfill twice for an eventually-fulfilled promise" type="Error">
Error: No test found in suite `y` is a thenable that tries to fulfill twice for an eventually-fulfilled promise
            </failure>
        </testcase>
        <testcase classname="test/a-plus.spec.ts" name="`then` calls `resolvePromise` synchronously" time="0">
            <failure message="No test found in suite `then` calls `resolvePromise` synchronously" type="Error">
Error: No test found in suite `then` calls `resolvePromise` synchronously
            </failure>
        </testcase>
        <testcase classname="test/a-plus.spec.ts" name="via return from a fulfilled promise" time="0">
            <failure message="No test found in suite via return from a fulfilled promise" type="Error">
Error: No test found in suite via return from a fulfilled promise
            </failure>
        </testcase>
        <testcase classname="test/a-plus.spec.ts" name="via return from a rejected promise" time="0">
            <failure message="No test found in suite via return from a rejected promise" type="Error">
Error: No test found in suite via return from a rejected promise
            </failure>
        </testcase>
        <testcase classname="test/a-plus.spec.ts" name="`then` calls `resolvePromise` asynchronously" time="0">
            <failure message="No test found in suite `then` calls `resolvePromise` asynchronously" type="Error">
Error: No test found in suite `then` calls `resolvePromise` asynchronously
            </failure>
        </testcase>
        <testcase classname="test/a-plus.spec.ts" name="via return from a fulfilled promise" time="0">
            <failure message="No test found in suite via return from a fulfilled promise" type="Error">
Error: No test found in suite via return from a fulfilled promise
            </failure>
        </testcase>
        <testcase classname="test/a-plus.spec.ts" name="via return from a rejected promise" time="0">
            <failure message="No test found in suite via return from a rejected promise" type="Error">
Error: No test found in suite via return from a rejected promise
            </failure>
        </testcase>
        <testcase classname="test/a-plus.spec.ts" name="`y` is a thenable that tries to fulfill twice for a synchronously-rejected custom thenable" time="0.001">
            <failure message="No test found in suite `y` is a thenable that tries to fulfill twice for a synchronously-rejected custom thenable" type="Error">
Error: No test found in suite `y` is a thenable that tries to fulfill twice for a synchronously-rejected custom thenable
            </failure>
        </testcase>
        <testcase classname="test/a-plus.spec.ts" name="`then` calls `resolvePromise` synchronously" time="0">
            <failure message="No test found in suite `then` calls `resolvePromise` synchronously" type="Error">
Error: No test found in suite `then` calls `resolvePromise` synchronously
            </failure>
        </testcase>
        <testcase classname="test/a-plus.spec.ts" name="via return from a fulfilled promise" time="0">
            <failure message="No test found in suite via return from a fulfilled promise" type="Error">
Error: No test found in suite via return from a fulfilled promise
            </failure>
        </testcase>
        <testcase classname="test/a-plus.spec.ts" name="via return from a rejected promise" time="0">
            <failure message="No test found in suite via return from a rejected promise" type="Error">
Error: No test found in suite via return from a rejected promise
            </failure>
        </testcase>
        <testcase classname="test/a-plus.spec.ts" name="`then` calls `resolvePromise` asynchronously" time="0.001">
            <failure message="No test found in suite `then` calls `resolvePromise` asynchronously" type="Error">
Error: No test found in suite `then` calls `resolvePromise` asynchronously
            </failure>
        </testcase>
        <testcase classname="test/a-plus.spec.ts" name="via return from a fulfilled promise" time="0.001">
            <failure message="No test found in suite via return from a fulfilled promise" type="Error">
Error: No test found in suite via return from a fulfilled promise
            </failure>
        </testcase>
        <testcase classname="test/a-plus.spec.ts" name="via return from a rejected promise" time="0">
            <failure message="No test found in suite via return from a rejected promise" type="Error">
Error: No test found in suite via return from a rejected promise
            </failure>
        </testcase>
        <testcase classname="test/a-plus.spec.ts" name="`y` is a thenable that tries to fulfill twice for an asynchronously-rejected custom thenable" time="0">
            <failure message="No test found in suite `y` is a thenable that tries to fulfill twice for an asynchronously-rejected custom thenable" type="Error">
Error: No test found in suite `y` is a thenable that tries to fulfill twice for an asynchronously-rejected custom thenable
            </failure>
        </testcase>
        <testcase classname="test/a-plus.spec.ts" name="`then` calls `resolvePromise` synchronously" time="0">
            <failure message="No test found in suite `then` calls `resolvePromise` synchronously" type="Error">
Error: No test found in suite `then` calls `resolvePromise` synchronously
            </failure>
        </testcase>
        <testcase classname="test/a-plus.spec.ts" name="via return from a fulfilled promise" time="0">
            <failure message="No test found in suite via return from a fulfilled promise" type="Error">
Error: No test found in suite via return from a fulfilled promise
            </failure>
        </testcase>
        <testcase classname="test/a-plus.spec.ts" name="via return from a rejected promise" time="0">
            <failure message="No test found in suite via return from a rejected promise" type="Error">
Error: No test found in suite via return from a rejected promise
            </failure>
        </testcase>
        <testcase classname="test/a-plus.spec.ts" name="`then` calls `resolvePromise` asynchronously" time="0">
            <failure message="No test found in suite `then` calls `resolvePromise` asynchronously" type="Error">
Error: No test found in suite `then` calls `resolvePromise` asynchronously
            </failure>
        </testcase>
        <testcase classname="test/a-plus.spec.ts" name="via return from a fulfilled promise" time="0">
            <failure message="No test found in suite via return from a fulfilled promise" type="Error">
Error: No test found in suite via return from a fulfilled promise
            </failure>
        </testcase>
        <testcase classname="test/a-plus.spec.ts" name="via return from a rejected promise" time="0">
            <failure message="No test found in suite via return from a rejected promise" type="Error">
Error: No test found in suite via return from a rejected promise
            </failure>
        </testcase>
        <testcase classname="test/a-plus.spec.ts" name="`y` is a thenable that tries to fulfill twice for a synchronously-rejected one-time thenable" time="0">
            <failure message="No test found in suite `y` is a thenable that tries to fulfill twice for a synchronously-rejected one-time thenable" type="Error">
Error: No test found in suite `y` is a thenable that tries to fulfill twice for a synchronously-rejected one-time thenable
            </failure>
        </testcase>
        <testcase classname="test/a-plus.spec.ts" name="`then` calls `resolvePromise` synchronously" time="0">
            <failure message="No test found in suite `then` calls `resolvePromise` synchronously" type="Error">
Error: No test found in suite `then` calls `resolvePromise` synchronously
            </failure>
        </testcase>
        <testcase classname="test/a-plus.spec.ts" name="via return from a fulfilled promise" time="0">
            <failure message="No test found in suite via return from a fulfilled promise" type="Error">
Error: No test found in suite via return from a fulfilled promise
            </failure>
        </testcase>
        <testcase classname="test/a-plus.spec.ts" name="via return from a rejected promise" time="0">
            <failure message="No test found in suite via return from a rejected promise" type="Error">
Error: No test found in suite via return from a rejected promise
            </failure>
        </testcase>
        <testcase classname="test/a-plus.spec.ts" name="`then` calls `resolvePromise` asynchronously" time="0">
            <failure message="No test found in suite `then` calls `resolvePromise` asynchronously" type="Error">
Error: No test found in suite `then` calls `resolvePromise` asynchronously
            </failure>
        </testcase>
        <testcase classname="test/a-plus.spec.ts" name="via return from a fulfilled promise" time="0">
            <failure message="No test found in suite via return from a fulfilled promise" type="Error">
Error: No test found in suite via return from a fulfilled promise
            </failure>
        </testcase>
        <testcase classname="test/a-plus.spec.ts" name="via return from a rejected promise" time="0">
            <failure message="No test found in suite via return from a rejected promise" type="Error">
Error: No test found in suite via return from a rejected promise
            </failure>
        </testcase>
        <testcase classname="test/a-plus.spec.ts" name="`y` is a thenable that tries to fulfill twice for a thenable that immediately throws in `then`" time="0.001">
            <failure message="No test found in suite `y` is a thenable that tries to fulfill twice for a thenable that immediately throws in `then`" type="Error">
Error: No test found in suite `y` is a thenable that tries to fulfill twice for a thenable that immediately throws in `then`
            </failure>
        </testcase>
        <testcase classname="test/a-plus.spec.ts" name="`then` calls `resolvePromise` synchronously" time="0.001">
            <failure message="No test found in suite `then` calls `resolvePromise` synchronously" type="Error">
Error: No test found in suite `then` calls `resolvePromise` synchronously
            </failure>
        </testcase>
        <testcase classname="test/a-plus.spec.ts" name="via return from a fulfilled promise" time="0.001">
            <failure message="No test found in suite via return from a fulfilled promise" type="Error">
Error: No test found in suite via return from a fulfilled promise
            </failure>
        </testcase>
        <testcase classname="test/a-plus.spec.ts" name="via return from a rejected promise" time="0">
            <failure message="No test found in suite via return from a rejected promise" type="Error">
Error: No test found in suite via return from a rejected promise
            </failure>
        </testcase>
        <testcase classname="test/a-plus.spec.ts" name="`then` calls `resolvePromise` asynchronously" time="0">
            <failure message="No test found in suite `then` calls `resolvePromise` asynchronously" type="Error">
Error: No test found in suite `then` calls `resolvePromise` asynchronously
            </failure>
        </testcase>
        <testcase classname="test/a-plus.spec.ts" name="via return from a fulfilled promise" time="0">
            <failure message="No test found in suite via return from a fulfilled promise" type="Error">
Error: No test found in suite via return from a fulfilled promise
            </failure>
        </testcase>
        <testcase classname="test/a-plus.spec.ts" name="via return from a rejected promise" time="0">
            <failure message="No test found in suite via return from a rejected promise" type="Error">
Error: No test found in suite via return from a rejected promise
            </failure>
        </testcase>
        <testcase classname="test/a-plus.spec.ts" name="`y` is a thenable that tries to fulfill twice for an object with a throwing `then` accessor" time="0">
            <failure message="No test found in suite `y` is a thenable that tries to fulfill twice for an object with a throwing `then` accessor" type="Error">
Error: No test found in suite `y` is a thenable that tries to fulfill twice for an object with a throwing `then` accessor
            </failure>
        </testcase>
        <testcase classname="test/a-plus.spec.ts" name="`then` calls `resolvePromise` synchronously" time="0">
            <failure message="No test found in suite `then` calls `resolvePromise` synchronously" type="Error">
Error: No test found in suite `then` calls `resolvePromise` synchronously
            </failure>
        </testcase>
        <testcase classname="test/a-plus.spec.ts" name="via return from a fulfilled promise" time="0">
            <failure message="No test found in suite via return from a fulfilled promise" type="Error">
Error: No test found in suite via return from a fulfilled promise
            </failure>
        </testcase>
        <testcase classname="test/a-plus.spec.ts" name="via return from a rejected promise" time="0">
            <failure message="No test found in suite via return from a rejected promise" type="Error">
Error: No test found in suite via return from a rejected promise
            </failure>
        </testcase>
        <testcase classname="test/a-plus.spec.ts" name="`then` calls `resolvePromise` asynchronously" time="0">
            <failure message="No test found in suite `then` calls `resolvePromise` asynchronously" type="Error">
Error: No test found in suite `then` calls `resolvePromise` asynchronously
            </failure>
        </testcase>
        <testcase classname="test/a-plus.spec.ts" name="via return from a fulfilled promise" time="0">
            <failure message="No test found in suite via return from a fulfilled promise" type="Error">
Error: No test found in suite via return from a fulfilled promise
            </failure>
        </testcase>
        <testcase classname="test/a-plus.spec.ts" name="via return from a rejected promise" time="0">
            <failure message="No test found in suite via return from a rejected promise" type="Error">
Error: No test found in suite via return from a rejected promise
            </failure>
        </testcase>
        <testcase classname="test/a-plus.spec.ts" name="`y` is a thenable that tries to fulfill twice for an already-rejected promise" time="0.001">
            <failure message="No test found in suite `y` is a thenable that tries to fulfill twice for an already-rejected promise" type="Error">
Error: No test found in suite `y` is a thenable that tries to fulfill twice for an already-rejected promise
            </failure>
        </testcase>
        <testcase classname="test/a-plus.spec.ts" name="`then` calls `resolvePromise` synchronously" time="0">
            <failure message="No test found in suite `then` calls `resolvePromise` synchronously" type="Error">
Error: No test found in suite `then` calls `resolvePromise` synchronously
            </failure>
        </testcase>
        <testcase classname="test/a-plus.spec.ts" name="via return from a fulfilled promise" time="0">
            <failure message="No test found in suite via return from a fulfilled promise" type="Error">
Error: No test found in suite via return from a fulfilled promise
            </failure>
        </testcase>
        <testcase classname="test/a-plus.spec.ts" name="via return from a rejected promise" time="0">
            <failure message="No test found in suite via return from a rejected promise" type="Error">
Error: No test found in suite via return from a rejected promise
            </failure>
        </testcase>
        <testcase classname="test/a-plus.spec.ts" name="`then` calls `resolvePromise` asynchronously" time="0">
            <failure message="No test found in suite `then` calls `resolvePromise` asynchronously" type="Error">
Error: No test found in suite `then` calls `resolvePromise` asynchronously
            </failure>
        </testcase>
        <testcase classname="test/a-plus.spec.ts" name="via return from a fulfilled promise" time="0">
            <failure message="No test found in suite via return from a fulfilled promise" type="Error">
Error: No test found in suite via return from a fulfilled promise
            </failure>
        </testcase>
        <testcase classname="test/a-plus.spec.ts" name="via return from a rejected promise" time="0">
            <failure message="No test found in suite via return from a rejected promise" type="Error">
Error: No test found in suite via return from a rejected promise
            </failure>
        </testcase>
        <testcase classname="test/a-plus.spec.ts" name="`y` is a thenable that tries to fulfill twice for an eventually-rejected promise" time="0.001">
            <failure message="No test found in suite `y` is a thenable that tries to fulfill twice for an eventually-rejected promise" type="Error">
Error: No test found in suite `y` is a thenable that tries to fulfill twice for an eventually-rejected promise
            </failure>
        </testcase>
        <testcase classname="test/a-plus.spec.ts" name="`then` calls `resolvePromise` synchronously" time="0.001">
            <failure message="No test found in suite `then` calls `resolvePromise` synchronously" type="Error">
Error: No test found in suite `then` calls `resolvePromise` synchronously
            </failure>
        </testcase>
        <testcase classname="test/a-plus.spec.ts" name="via return from a fulfilled promise" time="0">
            <failure message="No test found in suite via return from a fulfilled promise" type="Error">
Error: No test found in suite via return from a fulfilled promise
            </failure>
        </testcase>
        <testcase classname="test/a-plus.spec.ts" name="via return from a rejected promise" time="0.001">
            <failure message="No test found in suite via return from a rejected promise" type="Error">
Error: No test found in suite via return from a rejected promise
            </failure>
        </testcase>
        <testcase classname="test/a-plus.spec.ts" name="`then` calls `resolvePromise` asynchronously" time="0">
            <failure message="No test found in suite `then` calls `resolvePromise` asynchronously" type="Error">
Error: No test found in suite `then` calls `resolvePromise` asynchronously
            </failure>
        </testcase>
        <testcase classname="test/a-plus.spec.ts" name="via return from a fulfilled promise" time="0">
            <failure message="No test found in suite via return from a fulfilled promise" type="Error">
Error: No test found in suite via return from a fulfilled promise
            </failure>
        </testcase>
        <testcase classname="test/a-plus.spec.ts" name="via return from a rejected promise" time="0">
            <failure message="No test found in suite via return from a rejected promise" type="Error">
Error: No test found in suite via return from a rejected promise
            </failure>
        </testcase>
        <testcase classname="test/a-plus.spec.ts" name="`y` is a thenable that fulfills but then throws for a synchronously-fulfilled custom thenable" time="0.001">
            <failure message="No test found in suite `y` is a thenable that fulfills but then throws for a synchronously-fulfilled custom thenable" type="Error">
Error: No test found in suite `y` is a thenable that fulfills but then throws for a synchronously-fulfilled custom thenable
            </failure>
        </testcase>
        <testcase classname="test/a-plus.spec.ts" name="`then` calls `resolvePromise` synchronously" time="0">
            <failure message="No test found in suite `then` calls `resolvePromise` synchronously" type="Error">
Error: No test found in suite `then` calls `resolvePromise` synchronously
            </failure>
        </testcase>
        <testcase classname="test/a-plus.spec.ts" name="via return from a fulfilled promise" time="0">
            <failure message="No test found in suite via return from a fulfilled promise" type="Error">
Error: No test found in suite via return from a fulfilled promise
            </failure>
        </testcase>
        <testcase classname="test/a-plus.spec.ts" name="via return from a rejected promise" time="0">
            <failure message="No test found in suite via return from a rejected promise" type="Error">
Error: No test found in suite via return from a rejected promise
            </failure>
        </testcase>
        <testcase classname="test/a-plus.spec.ts" name="`then` calls `resolvePromise` asynchronously" time="0">
            <failure message="No test found in suite `then` calls `resolvePromise` asynchronously" type="Error">
Error: No test found in suite `then` calls `resolvePromise` asynchronously
            </failure>
        </testcase>
        <testcase classname="test/a-plus.spec.ts" name="via return from a fulfilled promise" time="0">
            <failure message="No test found in suite via return from a fulfilled promise" type="Error">
Error: No test found in suite via return from a fulfilled promise
            </failure>
        </testcase>
        <testcase classname="test/a-plus.spec.ts" name="via return from a rejected promise" time="0">
            <failure message="No test found in suite via return from a rejected promise" type="Error">
Error: No test found in suite via return from a rejected promise
            </failure>
        </testcase>
        <testcase classname="test/a-plus.spec.ts" name="`y` is a thenable that fulfills but then throws for an asynchronously-fulfilled custom thenable" time="0">
            <failure message="No test found in suite `y` is a thenable that fulfills but then throws for an asynchronously-fulfilled custom thenable" type="Error">
Error: No test found in suite `y` is a thenable that fulfills but then throws for an asynchronously-fulfilled custom thenable
            </failure>
        </testcase>
        <testcase classname="test/a-plus.spec.ts" name="`then` calls `resolvePromise` synchronously" time="0">
            <failure message="No test found in suite `then` calls `resolvePromise` synchronously" type="Error">
Error: No test found in suite `then` calls `resolvePromise` synchronously
            </failure>
        </testcase>
        <testcase classname="test/a-plus.spec.ts" name="via return from a fulfilled promise" time="0">
            <failure message="No test found in suite via return from a fulfilled promise" type="Error">
Error: No test found in suite via return from a fulfilled promise
            </failure>
        </testcase>
        <testcase classname="test/a-plus.spec.ts" name="via return from a rejected promise" time="0">
            <failure message="No test found in suite via return from a rejected promise" type="Error">
Error: No test found in suite via return from a rejected promise
            </failure>
        </testcase>
        <testcase classname="test/a-plus.spec.ts" name="`then` calls `resolvePromise` asynchronously" time="0">
            <failure message="No test found in suite `then` calls `resolvePromise` asynchronously" type="Error">
Error: No test found in suite `then` calls `resolvePromise` asynchronously
            </failure>
        </testcase>
        <testcase classname="test/a-plus.spec.ts" name="via return from a fulfilled promise" time="0">
            <failure message="No test found in suite via return from a fulfilled promise" type="Error">
Error: No test found in suite via return from a fulfilled promise
            </failure>
        </testcase>
        <testcase classname="test/a-plus.spec.ts" name="via return from a rejected promise" time="0">
            <failure message="No test found in suite via return from a rejected promise" type="Error">
Error: No test found in suite via return from a rejected promise
            </failure>
        </testcase>
        <testcase classname="test/a-plus.spec.ts" name="`y` is a thenable that fulfills but then throws for a synchronously-fulfilled one-time thenable" time="0">
            <failure message="No test found in suite `y` is a thenable that fulfills but then throws for a synchronously-fulfilled one-time thenable" type="Error">
Error: No test found in suite `y` is a thenable that fulfills but then throws for a synchronously-fulfilled one-time thenable
            </failure>
        </testcase>
        <testcase classname="test/a-plus.spec.ts" name="`then` calls `resolvePromise` synchronously" time="0">
            <failure message="No test found in suite `then` calls `resolvePromise` synchronously" type="Error">
Error: No test found in suite `then` calls `resolvePromise` synchronously
            </failure>
        </testcase>
        <testcase classname="test/a-plus.spec.ts" name="via return from a fulfilled promise" time="0">
            <failure message="No test found in suite via return from a fulfilled promise" type="Error">
Error: No test found in suite via return from a fulfilled promise
            </failure>
        </testcase>
        <testcase classname="test/a-plus.spec.ts" name="via return from a rejected promise" time="0">
            <failure message="No test found in suite via return from a rejected promise" type="Error">
Error: No test found in suite via return from a rejected promise
            </failure>
        </testcase>
        <testcase classname="test/a-plus.spec.ts" name="`then` calls `resolvePromise` asynchronously" time="0">
            <failure message="No test found in suite `then` calls `resolvePromise` asynchronously" type="Error">
Error: No test found in suite `then` calls `resolvePromise` asynchronously
            </failure>
        </testcase>
        <testcase classname="test/a-plus.spec.ts" name="via return from a fulfilled promise" time="0">
            <failure message="No test found in suite via return from a fulfilled promise" type="Error">
Error: No test found in suite via return from a fulfilled promise
            </failure>
        </testcase>
        <testcase classname="test/a-plus.spec.ts" name="via return from a rejected promise" time="0">
            <failure message="No test found in suite via return from a rejected promise" type="Error">
Error: No test found in suite via return from a rejected promise
            </failure>
        </testcase>
        <testcase classname="test/a-plus.spec.ts" name="`y` is a thenable that fulfills but then throws for a thenable that tries to fulfill twice" time="0.001">
            <failure message="No test found in suite `y` is a thenable that fulfills but then throws for a thenable that tries to fulfill twice" type="Error">
Error: No test found in suite `y` is a thenable that fulfills but then throws for a thenable that tries to fulfill twice
            </failure>
        </testcase>
        <testcase classname="test/a-plus.spec.ts" name="`then` calls `resolvePromise` synchronously" time="0">
            <failure message="No test found in suite `then` calls `resolvePromise` synchronously" type="Error">
Error: No test found in suite `then` calls `resolvePromise` synchronously
            </failure>
        </testcase>
        <testcase classname="test/a-plus.spec.ts" name="via return from a fulfilled promise" time="0">
            <failure message="No test found in suite via return from a fulfilled promise" type="Error">
Error: No test found in suite via return from a fulfilled promise
            </failure>
        </testcase>
        <testcase classname="test/a-plus.spec.ts" name="via return from a rejected promise" time="0">
            <failure message="No test found in suite via return from a rejected promise" type="Error">
Error: No test found in suite via return from a rejected promise
            </failure>
        </testcase>
        <testcase classname="test/a-plus.spec.ts" name="`then` calls `resolvePromise` asynchronously" time="0.001">
            <failure message="No test found in suite `then` calls `resolvePromise` asynchronously" type="Error">
Error: No test found in suite `then` calls `resolvePromise` asynchronously
            </failure>
        </testcase>
        <testcase classname="test/a-plus.spec.ts" name="via return from a fulfilled promise" time="0">
            <failure message="No test found in suite via return from a fulfilled promise" type="Error">
Error: No test found in suite via return from a fulfilled promise
            </failure>
        </testcase>
        <testcase classname="test/a-plus.spec.ts" name="via return from a rejected promise" time="0.001">
            <failure message="No test found in suite via return from a rejected promise" type="Error">
Error: No test found in suite via return from a rejected promise
            </failure>
        </testcase>
        <testcase classname="test/a-plus.spec.ts" name="`y` is a thenable that fulfills but then throws for a thenable that fulfills but then throws" time="0">
            <failure message="No test found in suite `y` is a thenable that fulfills but then throws for a thenable that fulfills but then throws" type="Error">
Error: No test found in suite `y` is a thenable that fulfills but then throws for a thenable that fulfills but then throws
            </failure>
        </testcase>
        <testcase classname="test/a-plus.spec.ts" name="`then` calls `resolvePromise` synchronously" time="0">
            <failure message="No test found in suite `then` calls `resolvePromise` synchronously" type="Error">
Error: No test found in suite `then` calls `resolvePromise` synchronously
            </failure>
        </testcase>
        <testcase classname="test/a-plus.spec.ts" name="via return from a fulfilled promise" time="0">
            <failure message="No test found in suite via return from a fulfilled promise" type="Error">
Error: No test found in suite via return from a fulfilled promise
            </failure>
        </testcase>
        <testcase classname="test/a-plus.spec.ts" name="via return from a rejected promise" time="0">
            <failure message="No test found in suite via return from a rejected promise" type="Error">
Error: No test found in suite via return from a rejected promise
            </failure>
        </testcase>
        <testcase classname="test/a-plus.spec.ts" name="`then` calls `resolvePromise` asynchronously" time="0">
            <failure message="No test found in suite `then` calls `resolvePromise` asynchronously" type="Error">
Error: No test found in suite `then` calls `resolvePromise` asynchronously
            </failure>
        </testcase>
        <testcase classname="test/a-plus.spec.ts" name="via return from a fulfilled promise" time="0">
            <failure message="No test found in suite via return from a fulfilled promise" type="Error">
Error: No test found in suite via return from a fulfilled promise
            </failure>
        </testcase>
        <testcase classname="test/a-plus.spec.ts" name="via return from a rejected promise" time="0">
            <failure message="No test found in suite via return from a rejected promise" type="Error">
Error: No test found in suite via return from a rejected promise
            </failure>
        </testcase>
        <testcase classname="test/a-plus.spec.ts" name="`y` is a thenable that fulfills but then throws for an already-fulfilled promise" time="0">
            <failure message="No test found in suite `y` is a thenable that fulfills but then throws for an already-fulfilled promise" type="Error">
Error: No test found in suite `y` is a thenable that fulfills but then throws for an already-fulfilled promise
            </failure>
        </testcase>
        <testcase classname="test/a-plus.spec.ts" name="`then` calls `resolvePromise` synchronously" time="0">
            <failure message="No test found in suite `then` calls `resolvePromise` synchronously" type="Error">
Error: No test found in suite `then` calls `resolvePromise` synchronously
            </failure>
        </testcase>
        <testcase classname="test/a-plus.spec.ts" name="via return from a fulfilled promise" time="0">
            <failure message="No test found in suite via return from a fulfilled promise" type="Error">
Error: No test found in suite via return from a fulfilled promise
            </failure>
        </testcase>
        <testcase classname="test/a-plus.spec.ts" name="via return from a rejected promise" time="0">
            <failure message="No test found in suite via return from a rejected promise" type="Error">
Error: No test found in suite via return from a rejected promise
            </failure>
        </testcase>
        <testcase classname="test/a-plus.spec.ts" name="`then` calls `resolvePromise` asynchronously" time="0">
            <failure message="No test found in suite `then` calls `resolvePromise` asynchronously" type="Error">
Error: No test found in suite `then` calls `resolvePromise` asynchronously
            </failure>
        </testcase>
        <testcase classname="test/a-plus.spec.ts" name="via return from a fulfilled promise" time="0">
            <failure message="No test found in suite via return from a fulfilled promise" type="Error">
Error: No test found in suite via return from a fulfilled promise
            </failure>
        </testcase>
        <testcase classname="test/a-plus.spec.ts" name="via return from a rejected promise" time="0">
            <failure message="No test found in suite via return from a rejected promise" type="Error">
Error: No test found in suite via return from a rejected promise
            </failure>
        </testcase>
        <testcase classname="test/a-plus.spec.ts" name="`y` is a thenable that fulfills but then throws for an eventually-fulfilled promise" time="0.001">
            <failure message="No test found in suite `y` is a thenable that fulfills but then throws for an eventually-fulfilled promise" type="Error">
Error: No test found in suite `y` is a thenable that fulfills but then throws for an eventually-fulfilled promise
            </failure>
        </testcase>
        <testcase classname="test/a-plus.spec.ts" name="`then` calls `resolvePromise` synchronously" time="0">
            <failure message="No test found in suite `then` calls `resolvePromise` synchronously" type="Error">
Error: No test found in suite `then` calls `resolvePromise` synchronously
            </failure>
        </testcase>
        <testcase classname="test/a-plus.spec.ts" name="via return from a fulfilled promise" time="0">
            <failure message="No test found in suite via return from a fulfilled promise" type="Error">
Error: No test found in suite via return from a fulfilled promise
            </failure>
        </testcase>
        <testcase classname="test/a-plus.spec.ts" name="via return from a rejected promise" time="0">
            <failure message="No test found in suite via return from a rejected promise" type="Error">
Error: No test found in suite via return from a rejected promise
            </failure>
        </testcase>
        <testcase classname="test/a-plus.spec.ts" name="`then` calls `resolvePromise` asynchronously" time="0.001">
            <failure message="No test found in suite `then` calls `resolvePromise` asynchronously" type="Error">
Error: No test found in suite `then` calls `resolvePromise` asynchronously
            </failure>
        </testcase>
        <testcase classname="test/a-plus.spec.ts" name="via return from a fulfilled promise" time="0">
            <failure message="No test found in suite via return from a fulfilled promise" type="Error">
Error: No test found in suite via return from a fulfilled promise
            </failure>
        </testcase>
        <testcase classname="test/a-plus.spec.ts" name="via return from a rejected promise" time="0">
            <failure message="No test found in suite via return from a rejected promise" type="Error">
Error: No test found in suite via return from a rejected promise
            </failure>
        </testcase>
        <testcase classname="test/a-plus.spec.ts" name="`y` is a thenable that fulfills but then throws for a synchronously-rejected custom thenable" time="0">
            <failure message="No test found in suite `y` is a thenable that fulfills but then throws for a synchronously-rejected custom thenable" type="Error">
Error: No test found in suite `y` is a thenable that fulfills but then throws for a synchronously-rejected custom thenable
            </failure>
        </testcase>
        <testcase classname="test/a-plus.spec.ts" name="`then` calls `resolvePromise` synchronously" time="0">
            <failure message="No test found in suite `then` calls `resolvePromise` synchronously" type="Error">
Error: No test found in suite `then` calls `resolvePromise` synchronously
            </failure>
        </testcase>
        <testcase classname="test/a-plus.spec.ts" name="via return from a fulfilled promise" time="0">
            <failure message="No test found in suite via return from a fulfilled promise" type="Error">
Error: No test found in suite via return from a fulfilled promise
            </failure>
        </testcase>
        <testcase classname="test/a-plus.spec.ts" name="via return from a rejected promise" time="0">
            <failure message="No test found in suite via return from a rejected promise" type="Error">
Error: No test found in suite via return from a rejected promise
            </failure>
        </testcase>
        <testcase classname="test/a-plus.spec.ts" name="`then` calls `resolvePromise` asynchronously" time="0">
            <failure message="No test found in suite `then` calls `resolvePromise` asynchronously" type="Error">
Error: No test found in suite `then` calls `resolvePromise` asynchronously
            </failure>
        </testcase>
        <testcase classname="test/a-plus.spec.ts" name="via return from a fulfilled promise" time="0">
            <failure message="No test found in suite via return from a fulfilled promise" type="Error">
Error: No test found in suite via return from a fulfilled promise
            </failure>
        </testcase>
        <testcase classname="test/a-plus.spec.ts" name="via return from a rejected promise" time="0">
            <failure message="No test found in suite via return from a rejected promise" type="Error">
Error: No test found in suite via return from a rejected promise
            </failure>
        </testcase>
        <testcase classname="test/a-plus.spec.ts" name="`y` is a thenable that fulfills but then throws for an asynchronously-rejected custom thenable" time="0">
            <failure message="No test found in suite `y` is a thenable that fulfills but then throws for an asynchronously-rejected custom thenable" type="Error">
Error: No test found in suite `y` is a thenable that fulfills but then throws for an asynchronously-rejected custom thenable
            </failure>
        </testcase>
        <testcase classname="test/a-plus.spec.ts" name="`then` calls `resolvePromise` synchronously" time="0">
            <failure message="No test found in suite `then` calls `resolvePromise` synchronously" type="Error">
Error: No test found in suite `then` calls `resolvePromise` synchronously
            </failure>
        </testcase>
        <testcase classname="test/a-plus.spec.ts" name="via return from a fulfilled promise" time="0">
            <failure message="No test found in suite via return from a fulfilled promise" type="Error">
Error: No test found in suite via return from a fulfilled promise
            </failure>
        </testcase>
        <testcase classname="test/a-plus.spec.ts" name="via return from a rejected promise" time="0">
            <failure message="No test found in suite via return from a rejected promise" type="Error">
Error: No test found in suite via return from a rejected promise
            </failure>
        </testcase>
        <testcase classname="test/a-plus.spec.ts" name="`then` calls `resolvePromise` asynchronously" time="0">
            <failure message="No test found in suite `then` calls `resolvePromise` asynchronously" type="Error">
Error: No test found in suite `then` calls `resolvePromise` asynchronously
            </failure>
        </testcase>
        <testcase classname="test/a-plus.spec.ts" name="via return from a fulfilled promise" time="0">
            <failure message="No test found in suite via return from a fulfilled promise" type="Error">
Error: No test found in suite via return from a fulfilled promise
            </failure>
        </testcase>
        <testcase classname="test/a-plus.spec.ts" name="via return from a rejected promise" time="0">
            <failure message="No test found in suite via return from a rejected promise" type="Error">
Error: No test found in suite via return from a rejected promise
            </failure>
        </testcase>
        <testcase classname="test/a-plus.spec.ts" name="`y` is a thenable that fulfills but then throws for a synchronously-rejected one-time thenable" time="0.001">
            <failure message="No test found in suite `y` is a thenable that fulfills but then throws for a synchronously-rejected one-time thenable" type="Error">
Error: No test found in suite `y` is a thenable that fulfills but then throws for a synchronously-rejected one-time thenable
            </failure>
        </testcase>
        <testcase classname="test/a-plus.spec.ts" name="`then` calls `resolvePromise` synchronously" time="0.001">
            <failure message="No test found in suite `then` calls `resolvePromise` synchronously" type="Error">
Error: No test found in suite `then` calls `resolvePromise` synchronously
            </failure>
        </testcase>
        <testcase classname="test/a-plus.spec.ts" name="via return from a fulfilled promise" time="0">
            <failure message="No test found in suite via return from a fulfilled promise" type="Error">
Error: No test found in suite via return from a fulfilled promise
            </failure>
        </testcase>
        <testcase classname="test/a-plus.spec.ts" name="via return from a rejected promise" time="0.001">
            <failure message="No test found in suite via return from a rejected promise" type="Error">
Error: No test found in suite via return from a rejected promise
            </failure>
        </testcase>
        <testcase classname="test/a-plus.spec.ts" name="`then` calls `resolvePromise` asynchronously" time="0">
            <failure message="No test found in suite `then` calls `resolvePromise` asynchronously" type="Error">
Error: No test found in suite `then` calls `resolvePromise` asynchronously
            </failure>
        </testcase>
        <testcase classname="test/a-plus.spec.ts" name="via return from a fulfilled promise" time="0">
            <failure message="No test found in suite via return from a fulfilled promise" type="Error">
Error: No test found in suite via return from a fulfilled promise
            </failure>
        </testcase>
        <testcase classname="test/a-plus.spec.ts" name="via return from a rejected promise" time="0">
            <failure message="No test found in suite via return from a rejected promise" type="Error">
Error: No test found in suite via return from a rejected promise
            </failure>
        </testcase>
        <testcase classname="test/a-plus.spec.ts" name="`y` is a thenable that fulfills but then throws for a thenable that immediately throws in `then`" time="0">
            <failure message="No test found in suite `y` is a thenable that fulfills but then throws for a thenable that immediately throws in `then`" type="Error">
Error: No test found in suite `y` is a thenable that fulfills but then throws for a thenable that immediately throws in `then`
            </failure>
        </testcase>
        <testcase classname="test/a-plus.spec.ts" name="`then` calls `resolvePromise` synchronously" time="0">
            <failure message="No test found in suite `then` calls `resolvePromise` synchronously" type="Error">
Error: No test found in suite `then` calls `resolvePromise` synchronously
            </failure>
        </testcase>
        <testcase classname="test/a-plus.spec.ts" name="via return from a fulfilled promise" time="0">
            <failure message="No test found in suite via return from a fulfilled promise" type="Error">
Error: No test found in suite via return from a fulfilled promise
            </failure>
        </testcase>
        <testcase classname="test/a-plus.spec.ts" name="via return from a rejected promise" time="0">
            <failure message="No test found in suite via return from a rejected promise" type="Error">
Error: No test found in suite via return from a rejected promise
            </failure>
        </testcase>
        <testcase classname="test/a-plus.spec.ts" name="`then` calls `resolvePromise` asynchronously" time="0">
            <failure message="No test found in suite `then` calls `resolvePromise` asynchronously" type="Error">
Error: No test found in suite `then` calls `resolvePromise` asynchronously
            </failure>
        </testcase>
        <testcase classname="test/a-plus.spec.ts" name="via return from a fulfilled promise" time="0">
            <failure message="No test found in suite via return from a fulfilled promise" type="Error">
Error: No test found in suite via return from a fulfilled promise
            </failure>
        </testcase>
        <testcase classname="test/a-plus.spec.ts" name="via return from a rejected promise" time="0">
            <failure message="No test found in suite via return from a rejected promise" type="Error">
Error: No test found in suite via return from a rejected promise
            </failure>
        </testcase>
        <testcase classname="test/a-plus.spec.ts" name="`y` is a thenable that fulfills but then throws for an object with a throwing `then` accessor" time="0.001">
            <failure message="No test found in suite `y` is a thenable that fulfills but then throws for an object with a throwing `then` accessor" type="Error">
Error: No test found in suite `y` is a thenable that fulfills but then throws for an object with a throwing `then` accessor
            </failure>
        </testcase>
        <testcase classname="test/a-plus.spec.ts" name="`then` calls `resolvePromise` synchronously" time="0">
            <failure message="No test found in suite `then` calls `resolvePromise` synchronously" type="Error">
Error: No test found in suite `then` calls `resolvePromise` synchronously
            </failure>
        </testcase>
        <testcase classname="test/a-plus.spec.ts" name="via return from a fulfilled promise" time="0">
            <failure message="No test found in suite via return from a fulfilled promise" type="Error">
Error: No test found in suite via return from a fulfilled promise
            </failure>
        </testcase>
        <testcase classname="test/a-plus.spec.ts" name="via return from a rejected promise" time="0">
            <failure message="No test found in suite via return from a rejected promise" type="Error">
Error: No test found in suite via return from a rejected promise
            </failure>
        </testcase>
        <testcase classname="test/a-plus.spec.ts" name="`then` calls `resolvePromise` asynchronously" time="0">
            <failure message="No test found in suite `then` calls `resolvePromise` asynchronously" type="Error">
Error: No test found in suite `then` calls `resolvePromise` asynchronously
            </failure>
        </testcase>
        <testcase classname="test/a-plus.spec.ts" name="via return from a fulfilled promise" time="0">
            <failure message="No test found in suite via return from a fulfilled promise" type="Error">
Error: No test found in suite via return from a fulfilled promise
            </failure>
        </testcase>
        <testcase classname="test/a-plus.spec.ts" name="via return from a rejected promise" time="0">
            <failure message="No test found in suite via return from a rejected promise" type="Error">
Error: No test found in suite via return from a rejected promise
            </failure>
        </testcase>
        <testcase classname="test/a-plus.spec.ts" name="`y` is a thenable that fulfills but then throws for an already-rejected promise" time="0">
            <failure message="No test found in suite `y` is a thenable that fulfills but then throws for an already-rejected promise" type="Error">
Error: No test found in suite `y` is a thenable that fulfills but then throws for an already-rejected promise
            </failure>
        </testcase>
        <testcase classname="test/a-plus.spec.ts" name="`then` calls `resolvePromise` synchronously" time="0">
            <failure message="No test found in suite `then` calls `resolvePromise` synchronously" type="Error">
Error: No test found in suite `then` calls `resolvePromise` synchronously
            </failure>
        </testcase>
        <testcase classname="test/a-plus.spec.ts" name="via return from a fulfilled promise" time="0">
            <failure message="No test found in suite via return from a fulfilled promise" type="Error">
Error: No test found in suite via return from a fulfilled promise
            </failure>
        </testcase>
        <testcase classname="test/a-plus.spec.ts" name="via return from a rejected promise" time="0">
            <failure message="No test found in suite via return from a rejected promise" type="Error">
Error: No test found in suite via return from a rejected promise
            </failure>
        </testcase>
        <testcase classname="test/a-plus.spec.ts" name="`then` calls `resolvePromise` asynchronously" time="0">
            <failure message="No test found in suite `then` calls `resolvePromise` asynchronously" type="Error">
Error: No test found in suite `then` calls `resolvePromise` asynchronously
            </failure>
        </testcase>
        <testcase classname="test/a-plus.spec.ts" name="via return from a fulfilled promise" time="0">
            <failure message="No test found in suite via return from a fulfilled promise" type="Error">
Error: No test found in suite via return from a fulfilled promise
            </failure>
        </testcase>
        <testcase classname="test/a-plus.spec.ts" name="via return from a rejected promise" time="0">
            <failure message="No test found in suite via return from a rejected promise" type="Error">
Error: No test found in suite via return from a rejected promise
            </failure>
        </testcase>
        <testcase classname="test/a-plus.spec.ts" name="`y` is a thenable that fulfills but then throws for an eventually-rejected promise" time="0">
            <failure message="No test found in suite `y` is a thenable that fulfills but then throws for an eventually-rejected promise" type="Error">
Error: No test found in suite `y` is a thenable that fulfills but then throws for an eventually-rejected promise
            </failure>
        </testcase>
        <testcase classname="test/a-plus.spec.ts" name="`then` calls `resolvePromise` synchronously" time="0">
            <failure message="No test found in suite `then` calls `resolvePromise` synchronously" type="Error">
Error: No test found in suite `then` calls `resolvePromise` synchronously
            </failure>
        </testcase>
        <testcase classname="test/a-plus.spec.ts" name="via return from a fulfilled promise" time="0">
            <failure message="No test found in suite via return from a fulfilled promise" type="Error">
Error: No test found in suite via return from a fulfilled promise
            </failure>
        </testcase>
        <testcase classname="test/a-plus.spec.ts" name="via return from a rejected promise" time="0">
            <failure message="No test found in suite via return from a rejected promise" type="Error">
Error: No test found in suite via return from a rejected promise
            </failure>
        </testcase>
        <testcase classname="test/a-plus.spec.ts" name="`then` calls `resolvePromise` asynchronously" time="0">
            <failure message="No test found in suite `then` calls `resolvePromise` asynchronously" type="Error">
Error: No test found in suite `then` calls `resolvePromise` asynchronously
            </failure>
        </testcase>
        <testcase classname="test/a-plus.spec.ts" name="via return from a fulfilled promise" time="0">
            <failure message="No test found in suite via return from a fulfilled promise" type="Error">
Error: No test found in suite via return from a fulfilled promise
            </failure>
        </testcase>
        <testcase classname="test/a-plus.spec.ts" name="via return from a rejected promise" time="0">
            <failure message="No test found in suite via return from a rejected promise" type="Error">
Error: No test found in suite via return from a rejected promise
            </failure>
        </testcase>
        <testcase classname="test/a-plus.spec.ts" name="`y` is an already-fulfilled promise for a synchronously-fulfilled custom thenable" time="0.001">
            <failure message="No test found in suite `y` is an already-fulfilled promise for a synchronously-fulfilled custom thenable" type="Error">
Error: No test found in suite `y` is an already-fulfilled promise for a synchronously-fulfilled custom thenable
            </failure>
        </testcase>
        <testcase classname="test/a-plus.spec.ts" name="`then` calls `resolvePromise` synchronously" time="0">
            <failure message="No test found in suite `then` calls `resolvePromise` synchronously" type="Error">
Error: No test found in suite `then` calls `resolvePromise` synchronously
            </failure>
        </testcase>
        <testcase classname="test/a-plus.spec.ts" name="via return from a fulfilled promise" time="0">
            <failure message="No test found in suite via return from a fulfilled promise" type="Error">
Error: No test found in suite via return from a fulfilled promise
            </failure>
        </testcase>
        <testcase classname="test/a-plus.spec.ts" name="via return from a rejected promise" time="0">
            <failure message="No test found in suite via return from a rejected promise" type="Error">
Error: No test found in suite via return from a rejected promise
            </failure>
        </testcase>
        <testcase classname="test/a-plus.spec.ts" name="`then` calls `resolvePromise` asynchronously" time="0.001">
            <failure message="No test found in suite `then` calls `resolvePromise` asynchronously" type="Error">
Error: No test found in suite `then` calls `resolvePromise` asynchronously
            </failure>
        </testcase>
        <testcase classname="test/a-plus.spec.ts" name="via return from a fulfilled promise" time="0">
            <failure message="No test found in suite via return from a fulfilled promise" type="Error">
Error: No test found in suite via return from a fulfilled promise
            </failure>
        </testcase>
        <testcase classname="test/a-plus.spec.ts" name="via return from a rejected promise" time="0.001">
            <failure message="No test found in suite via return from a rejected promise" type="Error">
Error: No test found in suite via return from a rejected promise
            </failure>
        </testcase>
        <testcase classname="test/a-plus.spec.ts" name="`y` is an already-fulfilled promise for an asynchronously-fulfilled custom thenable" time="0">
            <failure message="No test found in suite `y` is an already-fulfilled promise for an asynchronously-fulfilled custom thenable" type="Error">
Error: No test found in suite `y` is an already-fulfilled promise for an asynchronously-fulfilled custom thenable
            </failure>
        </testcase>
        <testcase classname="test/a-plus.spec.ts" name="`then` calls `resolvePromise` synchronously" time="0">
            <failure message="No test found in suite `then` calls `resolvePromise` synchronously" type="Error">
Error: No test found in suite `then` calls `resolvePromise` synchronously
            </failure>
        </testcase>
        <testcase classname="test/a-plus.spec.ts" name="via return from a fulfilled promise" time="0">
            <failure message="No test found in suite via return from a fulfilled promise" type="Error">
Error: No test found in suite via return from a fulfilled promise
            </failure>
        </testcase>
        <testcase classname="test/a-plus.spec.ts" name="via return from a rejected promise" time="0">
            <failure message="No test found in suite via return from a rejected promise" type="Error">
Error: No test found in suite via return from a rejected promise
            </failure>
        </testcase>
        <testcase classname="test/a-plus.spec.ts" name="`then` calls `resolvePromise` asynchronously" time="0">
            <failure message="No test found in suite `then` calls `resolvePromise` asynchronously" type="Error">
Error: No test found in suite `then` calls `resolvePromise` asynchronously
            </failure>
        </testcase>
        <testcase classname="test/a-plus.spec.ts" name="via return from a fulfilled promise" time="0">
            <failure message="No test found in suite via return from a fulfilled promise" type="Error">
Error: No test found in suite via return from a fulfilled promise
            </failure>
        </testcase>
        <testcase classname="test/a-plus.spec.ts" name="via return from a rejected promise" time="0">
            <failure message="No test found in suite via return from a rejected promise" type="Error">
Error: No test found in suite via return from a rejected promise
            </failure>
        </testcase>
        <testcase classname="test/a-plus.spec.ts" name="`y` is an already-fulfilled promise for a synchronously-fulfilled one-time thenable" time="0">
            <failure message="No test found in suite `y` is an already-fulfilled promise for a synchronously-fulfilled one-time thenable" type="Error">
Error: No test found in suite `y` is an already-fulfilled promise for a synchronously-fulfilled one-time thenable
            </failure>
        </testcase>
        <testcase classname="test/a-plus.spec.ts" name="`then` calls `resolvePromise` synchronously" time="0">
            <failure message="No test found in suite `then` calls `resolvePromise` synchronously" type="Error">
Error: No test found in suite `then` calls `resolvePromise` synchronously
            </failure>
        </testcase>
        <testcase classname="test/a-plus.spec.ts" name="via return from a fulfilled promise" time="0">
            <failure message="No test found in suite via return from a fulfilled promise" type="Error">
Error: No test found in suite via return from a fulfilled promise
            </failure>
        </testcase>
        <testcase classname="test/a-plus.spec.ts" name="via return from a rejected promise" time="0">
            <failure message="No test found in suite via return from a rejected promise" type="Error">
Error: No test found in suite via return from a rejected promise
            </failure>
        </testcase>
        <testcase classname="test/a-plus.spec.ts" name="`then` calls `resolvePromise` asynchronously" time="0">
            <failure message="No test found in suite `then` calls `resolvePromise` asynchronously" type="Error">
Error: No test found in suite `then` calls `resolvePromise` asynchronously
            </failure>
        </testcase>
        <testcase classname="test/a-plus.spec.ts" name="via return from a fulfilled promise" time="0">
            <failure message="No test found in suite via return from a fulfilled promise" type="Error">
Error: No test found in suite via return from a fulfilled promise
            </failure>
        </testcase>
        <testcase classname="test/a-plus.spec.ts" name="via return from a rejected promise" time="0">
            <failure message="No test found in suite via return from a rejected promise" type="Error">
Error: No test found in suite via return from a rejected promise
            </failure>
        </testcase>
        <testcase classname="test/a-plus.spec.ts" name="`y` is an already-fulfilled promise for a thenable that tries to fulfill twice" time="0.001">
            <failure message="No test found in suite `y` is an already-fulfilled promise for a thenable that tries to fulfill twice" type="Error">
Error: No test found in suite `y` is an already-fulfilled promise for a thenable that tries to fulfill twice
            </failure>
        </testcase>
        <testcase classname="test/a-plus.spec.ts" name="`then` calls `resolvePromise` synchronously" time="0.001">
            <failure message="No test found in suite `then` calls `resolvePromise` synchronously" type="Error">
Error: No test found in suite `then` calls `resolvePromise` synchronously
            </failure>
        </testcase>
        <testcase classname="test/a-plus.spec.ts" name="via return from a fulfilled promise" time="0">
            <failure message="No test found in suite via return from a fulfilled promise" type="Error">
Error: No test found in suite via return from a fulfilled promise
            </failure>
        </testcase>
        <testcase classname="test/a-plus.spec.ts" name="via return from a rejected promise" time="0.001">
            <failure message="No test found in suite via return from a rejected promise" type="Error">
Error: No test found in suite via return from a rejected promise
            </failure>
        </testcase>
        <testcase classname="test/a-plus.spec.ts" name="`then` calls `resolvePromise` asynchronously" time="0">
            <failure message="No test found in suite `then` calls `resolvePromise` asynchronously" type="Error">
Error: No test found in suite `then` calls `resolvePromise` asynchronously
            </failure>
        </testcase>
        <testcase classname="test/a-plus.spec.ts" name="via return from a fulfilled promise" time="0">
            <failure message="No test found in suite via return from a fulfilled promise" type="Error">
Error: No test found in suite via return from a fulfilled promise
            </failure>
        </testcase>
        <testcase classname="test/a-plus.spec.ts" name="via return from a rejected promise" time="0">
            <failure message="No test found in suite via return from a rejected promise" type="Error">
Error: No test found in suite via return from a rejected promise
            </failure>
        </testcase>
        <testcase classname="test/a-plus.spec.ts" name="`y` is an already-fulfilled promise for a thenable that fulfills but then throws" time="0">
            <failure message="No test found in suite `y` is an already-fulfilled promise for a thenable that fulfills but then throws" type="Error">
Error: No test found in suite `y` is an already-fulfilled promise for a thenable that fulfills but then throws
            </failure>
        </testcase>
        <testcase classname="test/a-plus.spec.ts" name="`then` calls `resolvePromise` synchronously" time="0">
            <failure message="No test found in suite `then` calls `resolvePromise` synchronously" type="Error">
Error: No test found in suite `then` calls `resolvePromise` synchronously
            </failure>
        </testcase>
        <testcase classname="test/a-plus.spec.ts" name="via return from a fulfilled promise" time="0">
            <failure message="No test found in suite via return from a fulfilled promise" type="Error">
Error: No test found in suite via return from a fulfilled promise
            </failure>
        </testcase>
        <testcase classname="test/a-plus.spec.ts" name="via return from a rejected promise" time="0">
            <failure message="No test found in suite via return from a rejected promise" type="Error">
Error: No test found in suite via return from a rejected promise
            </failure>
        </testcase>
        <testcase classname="test/a-plus.spec.ts" name="`then` calls `resolvePromise` asynchronously" time="0">
            <failure message="No test found in suite `then` calls `resolvePromise` asynchronously" type="Error">
Error: No test found in suite `then` calls `resolvePromise` asynchronously
            </failure>
        </testcase>
        <testcase classname="test/a-plus.spec.ts" name="via return from a fulfilled promise" time="0">
            <failure message="No test found in suite via return from a fulfilled promise" type="Error">
Error: No test found in suite via return from a fulfilled promise
            </failure>
        </testcase>
        <testcase classname="test/a-plus.spec.ts" name="via return from a rejected promise" time="0">
            <failure message="No test found in suite via return from a rejected promise" type="Error">
Error: No test found in suite via return from a rejected promise
            </failure>
        </testcase>
        <testcase classname="test/a-plus.spec.ts" name="`y` is an already-fulfilled promise for an already-fulfilled promise" time="0.001">
            <failure message="No test found in suite `y` is an already-fulfilled promise for an already-fulfilled promise" type="Error">
Error: No test found in suite `y` is an already-fulfilled promise for an already-fulfilled promise
            </failure>
        </testcase>
        <testcase classname="test/a-plus.spec.ts" name="`then` calls `resolvePromise` synchronously" time="0">
            <failure message="No test found in suite `then` calls `resolvePromise` synchronously" type="Error">
Error: No test found in suite `then` calls `resolvePromise` synchronously
            </failure>
        </testcase>
        <testcase classname="test/a-plus.spec.ts" name="via return from a fulfilled promise" time="0">
            <failure message="No test found in suite via return from a fulfilled promise" type="Error">
Error: No test found in suite via return from a fulfilled promise
            </failure>
        </testcase>
        <testcase classname="test/a-plus.spec.ts" name="via return from a rejected promise" time="0">
            <failure message="No test found in suite via return from a rejected promise" type="Error">
Error: No test found in suite via return from a rejected promise
            </failure>
        </testcase>
        <testcase classname="test/a-plus.spec.ts" name="`then` calls `resolvePromise` asynchronously" time="0.001">
            <failure message="No test found in suite `then` calls `resolvePromise` asynchronously" type="Error">
Error: No test found in suite `then` calls `resolvePromise` asynchronously
            </failure>
        </testcase>
        <testcase classname="test/a-plus.spec.ts" name="via return from a fulfilled promise" time="0">
            <failure message="No test found in suite via return from a fulfilled promise" type="Error">
Error: No test found in suite via return from a fulfilled promise
            </failure>
        </testcase>
        <testcase classname="test/a-plus.spec.ts" name="via return from a rejected promise" time="0">
            <failure message="No test found in suite via return from a rejected promise" type="Error">
Error: No test found in suite via return from a rejected promise
            </failure>
        </testcase>
        <testcase classname="test/a-plus.spec.ts" name="`y` is an already-fulfilled promise for an eventually-fulfilled promise" time="0">
            <failure message="No test found in suite `y` is an already-fulfilled promise for an eventually-fulfilled promise" type="Error">
Error: No test found in suite `y` is an already-fulfilled promise for an eventually-fulfilled promise
            </failure>
        </testcase>
        <testcase classname="test/a-plus.spec.ts" name="`then` calls `resolvePromise` synchronously" time="0">
            <failure message="No test found in suite `then` calls `resolvePromise` synchronously" type="Error">
Error: No test found in suite `then` calls `resolvePromise` synchronously
            </failure>
        </testcase>
        <testcase classname="test/a-plus.spec.ts" name="via return from a fulfilled promise" time="0">
            <failure message="No test found in suite via return from a fulfilled promise" type="Error">
Error: No test found in suite via return from a fulfilled promise
            </failure>
        </testcase>
        <testcase classname="test/a-plus.spec.ts" name="via return from a rejected promise" time="0">
            <failure message="No test found in suite via return from a rejected promise" type="Error">
Error: No test found in suite via return from a rejected promise
            </failure>
        </testcase>
        <testcase classname="test/a-plus.spec.ts" name="`then` calls `resolvePromise` asynchronously" time="0">
            <failure message="No test found in suite `then` calls `resolvePromise` asynchronously" type="Error">
Error: No test found in suite `then` calls `resolvePromise` asynchronously
            </failure>
        </testcase>
        <testcase classname="test/a-plus.spec.ts" name="via return from a fulfilled promise" time="0">
            <failure message="No test found in suite via return from a fulfilled promise" type="Error">
Error: No test found in suite via return from a fulfilled promise
            </failure>
        </testcase>
        <testcase classname="test/a-plus.spec.ts" name="via return from a rejected promise" time="0">
            <failure message="No test found in suite via return from a rejected promise" type="Error">
Error: No test found in suite via return from a rejected promise
            </failure>
        </testcase>
        <testcase classname="test/a-plus.spec.ts" name="`y` is an already-fulfilled promise for a synchronously-rejected custom thenable" time="0">
            <failure message="No test found in suite `y` is an already-fulfilled promise for a synchronously-rejected custom thenable" type="Error">
Error: No test found in suite `y` is an already-fulfilled promise for a synchronously-rejected custom thenable
            </failure>
        </testcase>
        <testcase classname="test/a-plus.spec.ts" name="`then` calls `resolvePromise` synchronously" time="0">
            <failure message="No test found in suite `then` calls `resolvePromise` synchronously" type="Error">
Error: No test found in suite `then` calls `resolvePromise` synchronously
            </failure>
        </testcase>
        <testcase classname="test/a-plus.spec.ts" name="via return from a fulfilled promise" time="0">
            <failure message="No test found in suite via return from a fulfilled promise" type="Error">
Error: No test found in suite via return from a fulfilled promise
            </failure>
        </testcase>
        <testcase classname="test/a-plus.spec.ts" name="via return from a rejected promise" time="0">
            <failure message="No test found in suite via return from a rejected promise" type="Error">
Error: No test found in suite via return from a rejected promise
            </failure>
        </testcase>
        <testcase classname="test/a-plus.spec.ts" name="`then` calls `resolvePromise` asynchronously" time="0">
            <failure message="No test found in suite `then` calls `resolvePromise` asynchronously" type="Error">
Error: No test found in suite `then` calls `resolvePromise` asynchronously
            </failure>
        </testcase>
        <testcase classname="test/a-plus.spec.ts" name="via return from a fulfilled promise" time="0">
            <failure message="No test found in suite via return from a fulfilled promise" type="Error">
Error: No test found in suite via return from a fulfilled promise
            </failure>
        </testcase>
        <testcase classname="test/a-plus.spec.ts" name="via return from a rejected promise" time="0">
            <failure message="No test found in suite via return from a rejected promise" type="Error">
Error: No test found in suite via return from a rejected promise
            </failure>
        </testcase>
        <testcase classname="test/a-plus.spec.ts" name="`y` is an already-fulfilled promise for an asynchronously-rejected custom thenable" time="0.001">
            <failure message="No test found in suite `y` is an already-fulfilled promise for an asynchronously-rejected custom thenable" type="Error">
Error: No test found in suite `y` is an already-fulfilled promise for an asynchronously-rejected custom thenable
            </failure>
        </testcase>
        <testcase classname="test/a-plus.spec.ts" name="`then` calls `resolvePromise` synchronously" time="0.001">
            <failure message="No test found in suite `then` calls `resolvePromise` synchronously" type="Error">
Error: No test found in suite `then` calls `resolvePromise` synchronously
            </failure>
        </testcase>
        <testcase classname="test/a-plus.spec.ts" name="via return from a fulfilled promise" time="0.001">
            <failure message="No test found in suite via return from a fulfilled promise" type="Error">
Error: No test found in suite via return from a fulfilled promise
            </failure>
        </testcase>
        <testcase classname="test/a-plus.spec.ts" name="via return from a rejected promise" time="0">
            <failure message="No test found in suite via return from a rejected promise" type="Error">
Error: No test found in suite via return from a rejected promise
            </failure>
        </testcase>
        <testcase classname="test/a-plus.spec.ts" name="`then` calls `resolvePromise` asynchronously" time="0">
            <failure message="No test found in suite `then` calls `resolvePromise` asynchronously" type="Error">
Error: No test found in suite `then` calls `resolvePromise` asynchronously
            </failure>
        </testcase>
        <testcase classname="test/a-plus.spec.ts" name="via return from a fulfilled promise" time="0">
            <failure message="No test found in suite via return from a fulfilled promise" type="Error">
Error: No test found in suite via return from a fulfilled promise
            </failure>
        </testcase>
        <testcase classname="test/a-plus.spec.ts" name="via return from a rejected promise" time="0">
            <failure message="No test found in suite via return from a rejected promise" type="Error">
Error: No test found in suite via return from a rejected promise
            </failure>
        </testcase>
        <testcase classname="test/a-plus.spec.ts" name="`y` is an already-fulfilled promise for a synchronously-rejected one-time thenable" time="0.001">
            <failure message="No test found in suite `y` is an already-fulfilled promise for a synchronously-rejected one-time thenable" type="Error">
Error: No test found in suite `y` is an already-fulfilled promise for a synchronously-rejected one-time thenable
            </failure>
        </testcase>
        <testcase classname="test/a-plus.spec.ts" name="`then` calls `resolvePromise` synchronously" time="0">
            <failure message="No test found in suite `then` calls `resolvePromise` synchronously" type="Error">
Error: No test found in suite `then` calls `resolvePromise` synchronously
            </failure>
        </testcase>
        <testcase classname="test/a-plus.spec.ts" name="via return from a fulfilled promise" time="0">
            <failure message="No test found in suite via return from a fulfilled promise" type="Error">
Error: No test found in suite via return from a fulfilled promise
            </failure>
        </testcase>
        <testcase classname="test/a-plus.spec.ts" name="via return from a rejected promise" time="0">
            <failure message="No test found in suite via return from a rejected promise" type="Error">
Error: No test found in suite via return from a rejected promise
            </failure>
        </testcase>
        <testcase classname="test/a-plus.spec.ts" name="`then` calls `resolvePromise` asynchronously" time="0.001">
            <failure message="No test found in suite `then` calls `resolvePromise` asynchronously" type="Error">
Error: No test found in suite `then` calls `resolvePromise` asynchronously
            </failure>
        </testcase>
        <testcase classname="test/a-plus.spec.ts" name="via return from a fulfilled promise" time="0">
            <failure message="No test found in suite via return from a fulfilled promise" type="Error">
Error: No test found in suite via return from a fulfilled promise
            </failure>
        </testcase>
        <testcase classname="test/a-plus.spec.ts" name="via return from a rejected promise" time="0.001">
            <failure message="No test found in suite via return from a rejected promise" type="Error">
Error: No test found in suite via return from a rejected promise
            </failure>
        </testcase>
        <testcase classname="test/a-plus.spec.ts" name="`y` is an already-fulfilled promise for a thenable that immediately throws in `then`" time="0">
            <failure message="No test found in suite `y` is an already-fulfilled promise for a thenable that immediately throws in `then`" type="Error">
Error: No test found in suite `y` is an already-fulfilled promise for a thenable that immediately throws in `then`
            </failure>
        </testcase>
        <testcase classname="test/a-plus.spec.ts" name="`then` calls `resolvePromise` synchronously" time="0">
            <failure message="No test found in suite `then` calls `resolvePromise` synchronously" type="Error">
Error: No test found in suite `then` calls `resolvePromise` synchronously
            </failure>
        </testcase>
        <testcase classname="test/a-plus.spec.ts" name="via return from a fulfilled promise" time="0">
            <failure message="No test found in suite via return from a fulfilled promise" type="Error">
Error: No test found in suite via return from a fulfilled promise
            </failure>
        </testcase>
        <testcase classname="test/a-plus.spec.ts" name="via return from a rejected promise" time="0">
            <failure message="No test found in suite via return from a rejected promise" type="Error">
Error: No test found in suite via return from a rejected promise
            </failure>
        </testcase>
        <testcase classname="test/a-plus.spec.ts" name="`then` calls `resolvePromise` asynchronously" time="0">
            <failure message="No test found in suite `then` calls `resolvePromise` asynchronously" type="Error">
Error: No test found in suite `then` calls `resolvePromise` asynchronously
            </failure>
        </testcase>
        <testcase classname="test/a-plus.spec.ts" name="via return from a fulfilled promise" time="0">
            <failure message="No test found in suite via return from a fulfilled promise" type="Error">
Error: No test found in suite via return from a fulfilled promise
            </failure>
        </testcase>
        <testcase classname="test/a-plus.spec.ts" name="via return from a rejected promise" time="0">
            <failure message="No test found in suite via return from a rejected promise" type="Error">
Error: No test found in suite via return from a rejected promise
            </failure>
        </testcase>
        <testcase classname="test/a-plus.spec.ts" name="`y` is an already-fulfilled promise for an object with a throwing `then` accessor" time="0">
            <failure message="No test found in suite `y` is an already-fulfilled promise for an object with a throwing `then` accessor" type="Error">
Error: No test found in suite `y` is an already-fulfilled promise for an object with a throwing `then` accessor
            </failure>
        </testcase>
        <testcase classname="test/a-plus.spec.ts" name="`then` calls `resolvePromise` synchronously" time="0">
            <failure message="No test found in suite `then` calls `resolvePromise` synchronously" type="Error">
Error: No test found in suite `then` calls `resolvePromise` synchronously
            </failure>
        </testcase>
        <testcase classname="test/a-plus.spec.ts" name="via return from a fulfilled promise" time="0">
            <failure message="No test found in suite via return from a fulfilled promise" type="Error">
Error: No test found in suite via return from a fulfilled promise
            </failure>
        </testcase>
        <testcase classname="test/a-plus.spec.ts" name="via return from a rejected promise" time="0">
            <failure message="No test found in suite via return from a rejected promise" type="Error">
Error: No test found in suite via return from a rejected promise
            </failure>
        </testcase>
        <testcase classname="test/a-plus.spec.ts" name="`then` calls `resolvePromise` asynchronously" time="0">
            <failure message="No test found in suite `then` calls `resolvePromise` asynchronously" type="Error">
Error: No test found in suite `then` calls `resolvePromise` asynchronously
            </failure>
        </testcase>
        <testcase classname="test/a-plus.spec.ts" name="via return from a fulfilled promise" time="0">
            <failure message="No test found in suite via return from a fulfilled promise" type="Error">
Error: No test found in suite via return from a fulfilled promise
            </failure>
        </testcase>
        <testcase classname="test/a-plus.spec.ts" name="via return from a rejected promise" time="0">
            <failure message="No test found in suite via return from a rejected promise" type="Error">
Error: No test found in suite via return from a rejected promise
            </failure>
        </testcase>
        <testcase classname="test/a-plus.spec.ts" name="`y` is an already-fulfilled promise for an already-rejected promise" time="0.001">
            <failure message="No test found in suite `y` is an already-fulfilled promise for an already-rejected promise" type="Error">
Error: No test found in suite `y` is an already-fulfilled promise for an already-rejected promise
            </failure>
        </testcase>
        <testcase classname="test/a-plus.spec.ts" name="`then` calls `resolvePromise` synchronously" time="0.001">
            <failure message="No test found in suite `then` calls `resolvePromise` synchronously" type="Error">
Error: No test found in suite `then` calls `resolvePromise` synchronously
            </failure>
        </testcase>
        <testcase classname="test/a-plus.spec.ts" name="via return from a fulfilled promise" time="0">
            <failure message="No test found in suite via return from a fulfilled promise" type="Error">
Error: No test found in suite via return from a fulfilled promise
            </failure>
        </testcase>
        <testcase classname="test/a-plus.spec.ts" name="via return from a rejected promise" time="0.001">
            <failure message="No test found in suite via return from a rejected promise" type="Error">
Error: No test found in suite via return from a rejected promise
            </failure>
        </testcase>
        <testcase classname="test/a-plus.spec.ts" name="`then` calls `resolvePromise` asynchronously" time="0">
            <failure message="No test found in suite `then` calls `resolvePromise` asynchronously" type="Error">
Error: No test found in suite `then` calls `resolvePromise` asynchronously
            </failure>
        </testcase>
        <testcase classname="test/a-plus.spec.ts" name="via return from a fulfilled promise" time="0">
            <failure message="No test found in suite via return from a fulfilled promise" type="Error">
Error: No test found in suite via return from a fulfilled promise
            </failure>
        </testcase>
        <testcase classname="test/a-plus.spec.ts" name="via return from a rejected promise" time="0">
            <failure message="No test found in suite via return from a rejected promise" type="Error">
Error: No test found in suite via return from a rejected promise
            </failure>
        </testcase>
        <testcase classname="test/a-plus.spec.ts" name="`y` is an already-fulfilled promise for an eventually-rejected promise" time="0">
            <failure message="No test found in suite `y` is an already-fulfilled promise for an eventually-rejected promise" type="Error">
Error: No test found in suite `y` is an already-fulfilled promise for an eventually-rejected promise
            </failure>
        </testcase>
        <testcase classname="test/a-plus.spec.ts" name="`then` calls `resolvePromise` synchronously" time="0">
            <failure message="No test found in suite `then` calls `resolvePromise` synchronously" type="Error">
Error: No test found in suite `then` calls `resolvePromise` synchronously
            </failure>
        </testcase>
        <testcase classname="test/a-plus.spec.ts" name="via return from a fulfilled promise" time="0">
            <failure message="No test found in suite via return from a fulfilled promise" type="Error">
Error: No test found in suite via return from a fulfilled promise
            </failure>
        </testcase>
        <testcase classname="test/a-plus.spec.ts" name="via return from a rejected promise" time="0">
            <failure message="No test found in suite via return from a rejected promise" type="Error">
Error: No test found in suite via return from a rejected promise
            </failure>
        </testcase>
        <testcase classname="test/a-plus.spec.ts" name="`then` calls `resolvePromise` asynchronously" time="0">
            <failure message="No test found in suite `then` calls `resolvePromise` asynchronously" type="Error">
Error: No test found in suite `then` calls `resolvePromise` asynchronously
            </failure>
        </testcase>
        <testcase classname="test/a-plus.spec.ts" name="via return from a fulfilled promise" time="0">
            <failure message="No test found in suite via return from a fulfilled promise" type="Error">
Error: No test found in suite via return from a fulfilled promise
            </failure>
        </testcase>
        <testcase classname="test/a-plus.spec.ts" name="via return from a rejected promise" time="0">
            <failure message="No test found in suite via return from a rejected promise" type="Error">
Error: No test found in suite via return from a rejected promise
            </failure>
        </testcase>
        <testcase classname="test/a-plus.spec.ts" name="`y` is an eventually-fulfilled promise for a synchronously-fulfilled custom thenable" time="0">
            <failure message="No test found in suite `y` is an eventually-fulfilled promise for a synchronously-fulfilled custom thenable" type="Error">
Error: No test found in suite `y` is an eventually-fulfilled promise for a synchronously-fulfilled custom thenable
            </failure>
        </testcase>
        <testcase classname="test/a-plus.spec.ts" name="`then` calls `resolvePromise` synchronously" time="0">
            <failure message="No test found in suite `then` calls `resolvePromise` synchronously" type="Error">
Error: No test found in suite `then` calls `resolvePromise` synchronously
            </failure>
        </testcase>
        <testcase classname="test/a-plus.spec.ts" name="via return from a fulfilled promise" time="0">
            <failure message="No test found in suite via return from a fulfilled promise" type="Error">
Error: No test found in suite via return from a fulfilled promise
            </failure>
        </testcase>
        <testcase classname="test/a-plus.spec.ts" name="via return from a rejected promise" time="0">
            <failure message="No test found in suite via return from a rejected promise" type="Error">
Error: No test found in suite via return from a rejected promise
            </failure>
        </testcase>
        <testcase classname="test/a-plus.spec.ts" name="`then` calls `resolvePromise` asynchronously" time="0">
            <failure message="No test found in suite `then` calls `resolvePromise` asynchronously" type="Error">
Error: No test found in suite `then` calls `resolvePromise` asynchronously
            </failure>
        </testcase>
        <testcase classname="test/a-plus.spec.ts" name="via return from a fulfilled promise" time="0">
            <failure message="No test found in suite via return from a fulfilled promise" type="Error">
Error: No test found in suite via return from a fulfilled promise
            </failure>
        </testcase>
        <testcase classname="test/a-plus.spec.ts" name="via return from a rejected promise" time="0">
            <failure message="No test found in suite via return from a rejected promise" type="Error">
Error: No test found in suite via return from a rejected promise
            </failure>
        </testcase>
        <testcase classname="test/a-plus.spec.ts" name="`y` is an eventually-fulfilled promise for an asynchronously-fulfilled custom thenable" time="0.001">
            <failure message="No test found in suite `y` is an eventually-fulfilled promise for an asynchronously-fulfilled custom thenable" type="Error">
Error: No test found in suite `y` is an eventually-fulfilled promise for an asynchronously-fulfilled custom thenable
            </failure>
        </testcase>
        <testcase classname="test/a-plus.spec.ts" name="`then` calls `resolvePromise` synchronously" time="0.001">
            <failure message="No test found in suite `then` calls `resolvePromise` synchronously" type="Error">
Error: No test found in suite `then` calls `resolvePromise` synchronously
            </failure>
        </testcase>
        <testcase classname="test/a-plus.spec.ts" name="via return from a fulfilled promise" time="0.001">
            <failure message="No test found in suite via return from a fulfilled promise" type="Error">
Error: No test found in suite via return from a fulfilled promise
            </failure>
        </testcase>
        <testcase classname="test/a-plus.spec.ts" name="via return from a rejected promise" time="0">
            <failure message="No test found in suite via return from a rejected promise" type="Error">
Error: No test found in suite via return from a rejected promise
            </failure>
        </testcase>
        <testcase classname="test/a-plus.spec.ts" name="`then` calls `resolvePromise` asynchronously" time="0">
            <failure message="No test found in suite `then` calls `resolvePromise` asynchronously" type="Error">
Error: No test found in suite `then` calls `resolvePromise` asynchronously
            </failure>
        </testcase>
        <testcase classname="test/a-plus.spec.ts" name="via return from a fulfilled promise" time="0">
            <failure message="No test found in suite via return from a fulfilled promise" type="Error">
Error: No test found in suite via return from a fulfilled promise
            </failure>
        </testcase>
        <testcase classname="test/a-plus.spec.ts" name="via return from a rejected promise" time="0">
            <failure message="No test found in suite via return from a rejected promise" type="Error">
Error: No test found in suite via return from a rejected promise
            </failure>
        </testcase>
        <testcase classname="test/a-plus.spec.ts" name="`y` is an eventually-fulfilled promise for a synchronously-fulfilled one-time thenable" time="0">
            <failure message="No test found in suite `y` is an eventually-fulfilled promise for a synchronously-fulfilled one-time thenable" type="Error">
Error: No test found in suite `y` is an eventually-fulfilled promise for a synchronously-fulfilled one-time thenable
            </failure>
        </testcase>
        <testcase classname="test/a-plus.spec.ts" name="`then` calls `resolvePromise` synchronously" time="0">
            <failure message="No test found in suite `then` calls `resolvePromise` synchronously" type="Error">
Error: No test found in suite `then` calls `resolvePromise` synchronously
            </failure>
        </testcase>
        <testcase classname="test/a-plus.spec.ts" name="via return from a fulfilled promise" time="0">
            <failure message="No test found in suite via return from a fulfilled promise" type="Error">
Error: No test found in suite via return from a fulfilled promise
            </failure>
        </testcase>
        <testcase classname="test/a-plus.spec.ts" name="via return from a rejected promise" time="0">
            <failure message="No test found in suite via return from a rejected promise" type="Error">
Error: No test found in suite via return from a rejected promise
            </failure>
        </testcase>
        <testcase classname="test/a-plus.spec.ts" name="`then` calls `resolvePromise` asynchronously" time="0">
            <failure message="No test found in suite `then` calls `resolvePromise` asynchronously" type="Error">
Error: No test found in suite `then` calls `resolvePromise` asynchronously
            </failure>
        </testcase>
        <testcase classname="test/a-plus.spec.ts" name="via return from a fulfilled promise" time="0">
            <failure message="No test found in suite via return from a fulfilled promise" type="Error">
Error: No test found in suite via return from a fulfilled promise
            </failure>
        </testcase>
        <testcase classname="test/a-plus.spec.ts" name="via return from a rejected promise" time="0">
            <failure message="No test found in suite via return from a rejected promise" type="Error">
Error: No test found in suite via return from a rejected promise
            </failure>
        </testcase>
        <testcase classname="test/a-plus.spec.ts" name="`y` is an eventually-fulfilled promise for a thenable that tries to fulfill twice" time="0.001">
            <failure message="No test found in suite `y` is an eventually-fulfilled promise for a thenable that tries to fulfill twice" type="Error">
Error: No test found in suite `y` is an eventually-fulfilled promise for a thenable that tries to fulfill twice
            </failure>
        </testcase>
        <testcase classname="test/a-plus.spec.ts" name="`then` calls `resolvePromise` synchronously" time="0">
            <failure message="No test found in suite `then` calls `resolvePromise` synchronously" type="Error">
Error: No test found in suite `then` calls `resolvePromise` synchronously
            </failure>
        </testcase>
        <testcase classname="test/a-plus.spec.ts" name="via return from a fulfilled promise" time="0">
            <failure message="No test found in suite via return from a fulfilled promise" type="Error">
Error: No test found in suite via return from a fulfilled promise
            </failure>
        </testcase>
        <testcase classname="test/a-plus.spec.ts" name="via return from a rejected promise" time="0">
            <failure message="No test found in suite via return from a rejected promise" type="Error">
Error: No test found in suite via return from a rejected promise
            </failure>
        </testcase>
        <testcase classname="test/a-plus.spec.ts" name="`then` calls `resolvePromise` asynchronously" time="0.001">
            <failure message="No test found in suite `then` calls `resolvePromise` asynchronously" type="Error">
Error: No test found in suite `then` calls `resolvePromise` asynchronously
            </failure>
        </testcase>
        <testcase classname="test/a-plus.spec.ts" name="via return from a fulfilled promise" time="0">
            <failure message="No test found in suite via return from a fulfilled promise" type="Error">
Error: No test found in suite via return from a fulfilled promise
            </failure>
        </testcase>
        <testcase classname="test/a-plus.spec.ts" name="via return from a rejected promise" time="0">
            <failure message="No test found in suite via return from a rejected promise" type="Error">
Error: No test found in suite via return from a rejected promise
            </failure>
        </testcase>
        <testcase classname="test/a-plus.spec.ts" name="`y` is an eventually-fulfilled promise for a thenable that fulfills but then throws" time="0">
            <failure message="No test found in suite `y` is an eventually-fulfilled promise for a thenable that fulfills but then throws" type="Error">
Error: No test found in suite `y` is an eventually-fulfilled promise for a thenable that fulfills but then throws
            </failure>
        </testcase>
        <testcase classname="test/a-plus.spec.ts" name="`then` calls `resolvePromise` synchronously" time="0">
            <failure message="No test found in suite `then` calls `resolvePromise` synchronously" type="Error">
Error: No test found in suite `then` calls `resolvePromise` synchronously
            </failure>
        </testcase>
        <testcase classname="test/a-plus.spec.ts" name="via return from a fulfilled promise" time="0">
            <failure message="No test found in suite via return from a fulfilled promise" type="Error">
Error: No test found in suite via return from a fulfilled promise
            </failure>
        </testcase>
        <testcase classname="test/a-plus.spec.ts" name="via return from a rejected promise" time="0">
            <failure message="No test found in suite via return from a rejected promise" type="Error">
Error: No test found in suite via return from a rejected promise
            </failure>
        </testcase>
        <testcase classname="test/a-plus.spec.ts" name="`then` calls `resolvePromise` asynchronously" time="0">
            <failure message="No test found in suite `then` calls `resolvePromise` asynchronously" type="Error">
Error: No test found in suite `then` calls `resolvePromise` asynchronously
            </failure>
        </testcase>
        <testcase classname="test/a-plus.spec.ts" name="via return from a fulfilled promise" time="0">
            <failure message="No test found in suite via return from a fulfilled promise" type="Error">
Error: No test found in suite via return from a fulfilled promise
            </failure>
        </testcase>
        <testcase classname="test/a-plus.spec.ts" name="via return from a rejected promise" time="0">
            <failure message="No test found in suite via return from a rejected promise" type="Error">
Error: No test found in suite via return from a rejected promise
            </failure>
        </testcase>
        <testcase classname="test/a-plus.spec.ts" name="`y` is an eventually-fulfilled promise for an already-fulfilled promise" time="0">
            <failure message="No test found in suite `y` is an eventually-fulfilled promise for an already-fulfilled promise" type="Error">
Error: No test found in suite `y` is an eventually-fulfilled promise for an already-fulfilled promise
            </failure>
        </testcase>
        <testcase classname="test/a-plus.spec.ts" name="`then` calls `resolvePromise` synchronously" time="0">
            <failure message="No test found in suite `then` calls `resolvePromise` synchronously" type="Error">
Error: No test found in suite `then` calls `resolvePromise` synchronously
            </failure>
        </testcase>
        <testcase classname="test/a-plus.spec.ts" name="via return from a fulfilled promise" time="0">
            <failure message="No test found in suite via return from a fulfilled promise" type="Error">
Error: No test found in suite via return from a fulfilled promise
            </failure>
        </testcase>
        <testcase classname="test/a-plus.spec.ts" name="via return from a rejected promise" time="0">
            <failure message="No test found in suite via return from a rejected promise" type="Error">
Error: No test found in suite via return from a rejected promise
            </failure>
        </testcase>
        <testcase classname="test/a-plus.spec.ts" name="`then` calls `resolvePromise` asynchronously" time="0">
            <failure message="No test found in suite `then` calls `resolvePromise` asynchronously" type="Error">
Error: No test found in suite `then` calls `resolvePromise` asynchronously
            </failure>
        </testcase>
        <testcase classname="test/a-plus.spec.ts" name="via return from a fulfilled promise" time="0">
            <failure message="No test found in suite via return from a fulfilled promise" type="Error">
Error: No test found in suite via return from a fulfilled promise
            </failure>
        </testcase>
        <testcase classname="test/a-plus.spec.ts" name="via return from a rejected promise" time="0">
            <failure message="No test found in suite via return from a rejected promise" type="Error">
Error: No test found in suite via return from a rejected promise
            </failure>
        </testcase>
        <testcase classname="test/a-plus.spec.ts" name="`y` is an eventually-fulfilled promise for an eventually-fulfilled promise" time="0.001">
            <failure message="No test found in suite `y` is an eventually-fulfilled promise for an eventually-fulfilled promise" type="Error">
Error: No test found in suite `y` is an eventually-fulfilled promise for an eventually-fulfilled promise
            </failure>
        </testcase>
        <testcase classname="test/a-plus.spec.ts" name="`then` calls `resolvePromise` synchronously" time="0.001">
            <failure message="No test found in suite `then` calls `resolvePromise` synchronously" type="Error">
Error: No test found in suite `then` calls `resolvePromise` synchronously
            </failure>
        </testcase>
        <testcase classname="test/a-plus.spec.ts" name="via return from a fulfilled promise" time="0">
            <failure message="No test found in suite via return from a fulfilled promise" type="Error">
Error: No test found in suite via return from a fulfilled promise
            </failure>
        </testcase>
        <testcase classname="test/a-plus.spec.ts" name="via return from a rejected promise" time="0">
            <failure message="No test found in suite via return from a rejected promise" type="Error">
Error: No test found in suite via return from a rejected promise
            </failure>
        </testcase>
        <testcase classname="test/a-plus.spec.ts" name="`then` calls `resolvePromise` asynchronously" time="0">
            <failure message="No test found in suite `then` calls `resolvePromise` asynchronously" type="Error">
Error: No test found in suite `then` calls `resolvePromise` asynchronously
            </failure>
        </testcase>
        <testcase classname="test/a-plus.spec.ts" name="via return from a fulfilled promise" time="0">
            <failure message="No test found in suite via return from a fulfilled promise" type="Error">
Error: No test found in suite via return from a fulfilled promise
            </failure>
        </testcase>
        <testcase classname="test/a-plus.spec.ts" name="via return from a rejected promise" time="0">
            <failure message="No test found in suite via return from a rejected promise" type="Error">
Error: No test found in suite via return from a rejected promise
            </failure>
        </testcase>
        <testcase classname="test/a-plus.spec.ts" name="`y` is an eventually-fulfilled promise for a synchronously-rejected custom thenable" time="0">
            <failure message="No test found in suite `y` is an eventually-fulfilled promise for a synchronously-rejected custom thenable" type="Error">
Error: No test found in suite `y` is an eventually-fulfilled promise for a synchronously-rejected custom thenable
            </failure>
        </testcase>
        <testcase classname="test/a-plus.spec.ts" name="`then` calls `resolvePromise` synchronously" time="0">
            <failure message="No test found in suite `then` calls `resolvePromise` synchronously" type="Error">
Error: No test found in suite `then` calls `resolvePromise` synchronously
            </failure>
        </testcase>
        <testcase classname="test/a-plus.spec.ts" name="via return from a fulfilled promise" time="0">
            <failure message="No test found in suite via return from a fulfilled promise" type="Error">
Error: No test found in suite via return from a fulfilled promise
            </failure>
        </testcase>
        <testcase classname="test/a-plus.spec.ts" name="via return from a rejected promise" time="0">
            <failure message="No test found in suite via return from a rejected promise" type="Error">
Error: No test found in suite via return from a rejected promise
            </failure>
        </testcase>
        <testcase classname="test/a-plus.spec.ts" name="`then` calls `resolvePromise` asynchronously" time="0">
            <failure message="No test found in suite `then` calls `resolvePromise` asynchronously" type="Error">
Error: No test found in suite `then` calls `resolvePromise` asynchronously
            </failure>
        </testcase>
        <testcase classname="test/a-plus.spec.ts" name="via return from a fulfilled promise" time="0">
            <failure message="No test found in suite via return from a fulfilled promise" type="Error">
Error: No test found in suite via return from a fulfilled promise
            </failure>
        </testcase>
        <testcase classname="test/a-plus.spec.ts" name="via return from a rejected promise" time="0">
            <failure message="No test found in suite via return from a rejected promise" type="Error">
Error: No test found in suite via return from a rejected promise
            </failure>
        </testcase>
        <testcase classname="test/a-plus.spec.ts" name="`y` is an eventually-fulfilled promise for an asynchronously-rejected custom thenable" time="0.001">
            <failure message="No test found in suite `y` is an eventually-fulfilled promise for an asynchronously-rejected custom thenable" type="Error">
Error: No test found in suite `y` is an eventually-fulfilled promise for an asynchronously-rejected custom thenable
            </failure>
        </testcase>
        <testcase classname="test/a-plus.spec.ts" name="`then` calls `resolvePromise` synchronously" time="0">
            <failure message="No test found in suite `then` calls `resolvePromise` synchronously" type="Error">
Error: No test found in suite `then` calls `resolvePromise` synchronously
            </failure>
        </testcase>
        <testcase classname="test/a-plus.spec.ts" name="via return from a fulfilled promise" time="0">
            <failure message="No test found in suite via return from a fulfilled promise" type="Error">
Error: No test found in suite via return from a fulfilled promise
            </failure>
        </testcase>
        <testcase classname="test/a-plus.spec.ts" name="via return from a rejected promise" time="0">
            <failure message="No test found in suite via return from a rejected promise" type="Error">
Error: No test found in suite via return from a rejected promise
            </failure>
        </testcase>
        <testcase classname="test/a-plus.spec.ts" name="`then` calls `resolvePromise` asynchronously" time="0.001">
            <failure message="No test found in suite `then` calls `resolvePromise` asynchronously" type="Error">
Error: No test found in suite `then` calls `resolvePromise` asynchronously
            </failure>
        </testcase>
        <testcase classname="test/a-plus.spec.ts" name="via return from a fulfilled promise" time="0">
            <failure message="No test found in suite via return from a fulfilled promise" type="Error">
Error: No test found in suite via return from a fulfilled promise
            </failure>
        </testcase>
        <testcase classname="test/a-plus.spec.ts" name="via return from a rejected promise" time="0">
            <failure message="No test found in suite via return from a rejected promise" type="Error">
Error: No test found in suite via return from a rejected promise
            </failure>
        </testcase>
        <testcase classname="test/a-plus.spec.ts" name="`y` is an eventually-fulfilled promise for a synchronously-rejected one-time thenable" time="0">
            <failure message="No test found in suite `y` is an eventually-fulfilled promise for a synchronously-rejected one-time thenable" type="Error">
Error: No test found in suite `y` is an eventually-fulfilled promise for a synchronously-rejected one-time thenable
            </failure>
        </testcase>
        <testcase classname="test/a-plus.spec.ts" name="`then` calls `resolvePromise` synchronously" time="0">
            <failure message="No test found in suite `then` calls `resolvePromise` synchronously" type="Error">
Error: No test found in suite `then` calls `resolvePromise` synchronously
            </failure>
        </testcase>
        <testcase classname="test/a-plus.spec.ts" name="via return from a fulfilled promise" time="0">
            <failure message="No test found in suite via return from a fulfilled promise" type="Error">
Error: No test found in suite via return from a fulfilled promise
            </failure>
        </testcase>
        <testcase classname="test/a-plus.spec.ts" name="via return from a rejected promise" time="0">
            <failure message="No test found in suite via return from a rejected promise" type="Error">
Error: No test found in suite via return from a rejected promise
            </failure>
        </testcase>
        <testcase classname="test/a-plus.spec.ts" name="`then` calls `resolvePromise` asynchronously" time="0">
            <failure message="No test found in suite `then` calls `resolvePromise` asynchronously" type="Error">
Error: No test found in suite `then` calls `resolvePromise` asynchronously
            </failure>
        </testcase>
        <testcase classname="test/a-plus.spec.ts" name="via return from a fulfilled promise" time="0">
            <failure message="No test found in suite via return from a fulfilled promise" type="Error">
Error: No test found in suite via return from a fulfilled promise
            </failure>
        </testcase>
        <testcase classname="test/a-plus.spec.ts" name="via return from a rejected promise" time="0">
            <failure message="No test found in suite via return from a rejected promise" type="Error">
Error: No test found in suite via return from a rejected promise
            </failure>
        </testcase>
        <testcase classname="test/a-plus.spec.ts" name="`y` is an eventually-fulfilled promise for a thenable that immediately throws in `then`" time="0.001">
            <failure message="No test found in suite `y` is an eventually-fulfilled promise for a thenable that immediately throws in `then`" type="Error">
Error: No test found in suite `y` is an eventually-fulfilled promise for a thenable that immediately throws in `then`
            </failure>
        </testcase>
        <testcase classname="test/a-plus.spec.ts" name="`then` calls `resolvePromise` synchronously" time="0">
            <failure message="No test found in suite `then` calls `resolvePromise` synchronously" type="Error">
Error: No test found in suite `then` calls `resolvePromise` synchronously
            </failure>
        </testcase>
        <testcase classname="test/a-plus.spec.ts" name="via return from a fulfilled promise" time="0">
            <failure message="No test found in suite via return from a fulfilled promise" type="Error">
Error: No test found in suite via return from a fulfilled promise
            </failure>
        </testcase>
        <testcase classname="test/a-plus.spec.ts" name="via return from a rejected promise" time="0">
            <failure message="No test found in suite via return from a rejected promise" type="Error">
Error: No test found in suite via return from a rejected promise
            </failure>
        </testcase>
        <testcase classname="test/a-plus.spec.ts" name="`then` calls `resolvePromise` asynchronously" time="0.001">
            <failure message="No test found in suite `then` calls `resolvePromise` asynchronously" type="Error">
Error: No test found in suite `then` calls `resolvePromise` asynchronously
            </failure>
        </testcase>
        <testcase classname="test/a-plus.spec.ts" name="via return from a fulfilled promise" time="0.001">
            <failure message="No test found in suite via return from a fulfilled promise" type="Error">
Error: No test found in suite via return from a fulfilled promise
            </failure>
        </testcase>
        <testcase classname="test/a-plus.spec.ts" name="via return from a rejected promise" time="0">
            <failure message="No test found in suite via return from a rejected promise" type="Error">
Error: No test found in suite via return from a rejected promise
            </failure>
        </testcase>
        <testcase classname="test/a-plus.spec.ts" name="`y` is an eventually-fulfilled promise for an object with a throwing `then` accessor" time="0">
            <failure message="No test found in suite `y` is an eventually-fulfilled promise for an object with a throwing `then` accessor" type="Error">
Error: No test found in suite `y` is an eventually-fulfilled promise for an object with a throwing `then` accessor
            </failure>
        </testcase>
        <testcase classname="test/a-plus.spec.ts" name="`then` calls `resolvePromise` synchronously" time="0">
            <failure message="No test found in suite `then` calls `resolvePromise` synchronously" type="Error">
Error: No test found in suite `then` calls `resolvePromise` synchronously
            </failure>
        </testcase>
        <testcase classname="test/a-plus.spec.ts" name="via return from a fulfilled promise" time="0">
            <failure message="No test found in suite via return from a fulfilled promise" type="Error">
Error: No test found in suite via return from a fulfilled promise
            </failure>
        </testcase>
        <testcase classname="test/a-plus.spec.ts" name="via return from a rejected promise" time="0">
            <failure message="No test found in suite via return from a rejected promise" type="Error">
Error: No test found in suite via return from a rejected promise
            </failure>
        </testcase>
        <testcase classname="test/a-plus.spec.ts" name="`then` calls `resolvePromise` asynchronously" time="0">
            <failure message="No test found in suite `then` calls `resolvePromise` asynchronously" type="Error">
Error: No test found in suite `then` calls `resolvePromise` asynchronously
            </failure>
        </testcase>
        <testcase classname="test/a-plus.spec.ts" name="via return from a fulfilled promise" time="0">
            <failure message="No test found in suite via return from a fulfilled promise" type="Error">
Error: No test found in suite via return from a fulfilled promise
            </failure>
        </testcase>
        <testcase classname="test/a-plus.spec.ts" name="via return from a rejected promise" time="0">
            <failure message="No test found in suite via return from a rejected promise" type="Error">
Error: No test found in suite via return from a rejected promise
            </failure>
        </testcase>
        <testcase classname="test/a-plus.spec.ts" name="`y` is an eventually-fulfilled promise for an already-rejected promise" time="0.001">
            <failure message="No test found in suite `y` is an eventually-fulfilled promise for an already-rejected promise" type="Error">
Error: No test found in suite `y` is an eventually-fulfilled promise for an already-rejected promise
            </failure>
        </testcase>
        <testcase classname="test/a-plus.spec.ts" name="`then` calls `resolvePromise` synchronously" time="0">
            <failure message="No test found in suite `then` calls `resolvePromise` synchronously" type="Error">
Error: No test found in suite `then` calls `resolvePromise` synchronously
            </failure>
        </testcase>
        <testcase classname="test/a-plus.spec.ts" name="via return from a fulfilled promise" time="0">
            <failure message="No test found in suite via return from a fulfilled promise" type="Error">
Error: No test found in suite via return from a fulfilled promise
            </failure>
        </testcase>
        <testcase classname="test/a-plus.spec.ts" name="via return from a rejected promise" time="0">
            <failure message="No test found in suite via return from a rejected promise" type="Error">
Error: No test found in suite via return from a rejected promise
            </failure>
        </testcase>
        <testcase classname="test/a-plus.spec.ts" name="`then` calls `resolvePromise` asynchronously" time="0.001">
            <failure message="No test found in suite `then` calls `resolvePromise` asynchronously" type="Error">
Error: No test found in suite `then` calls `resolvePromise` asynchronously
            </failure>
        </testcase>
        <testcase classname="test/a-plus.spec.ts" name="via return from a fulfilled promise" time="0">
            <failure message="No test found in suite via return from a fulfilled promise" type="Error">
Error: No test found in suite via return from a fulfilled promise
            </failure>
        </testcase>
        <testcase classname="test/a-plus.spec.ts" name="via return from a rejected promise" time="0">
            <failure message="No test found in suite via return from a rejected promise" type="Error">
Error: No test found in suite via return from a rejected promise
            </failure>
        </testcase>
        <testcase classname="test/a-plus.spec.ts" name="`y` is an eventually-fulfilled promise for an eventually-rejected promise" time="0">
            <failure message="No test found in suite `y` is an eventually-fulfilled promise for an eventually-rejected promise" type="Error">
Error: No test found in suite `y` is an eventually-fulfilled promise for an eventually-rejected promise
            </failure>
        </testcase>
        <testcase classname="test/a-plus.spec.ts" name="`then` calls `resolvePromise` synchronously" time="0">
            <failure message="No test found in suite `then` calls `resolvePromise` synchronously" type="Error">
Error: No test found in suite `then` calls `resolvePromise` synchronously
            </failure>
        </testcase>
        <testcase classname="test/a-plus.spec.ts" name="via return from a fulfilled promise" time="0">
            <failure message="No test found in suite via return from a fulfilled promise" type="Error">
Error: No test found in suite via return from a fulfilled promise
            </failure>
        </testcase>
        <testcase classname="test/a-plus.spec.ts" name="via return from a rejected promise" time="0">
            <failure message="No test found in suite via return from a rejected promise" type="Error">
Error: No test found in suite via return from a rejected promise
            </failure>
        </testcase>
        <testcase classname="test/a-plus.spec.ts" name="`then` calls `resolvePromise` asynchronously" time="0">
            <failure message="No test found in suite `then` calls `resolvePromise` asynchronously" type="Error">
Error: No test found in suite `then` calls `resolvePromise` asynchronously
            </failure>
        </testcase>
        <testcase classname="test/a-plus.spec.ts" name="via return from a fulfilled promise" time="0">
            <failure message="No test found in suite via return from a fulfilled promise" type="Error">
Error: No test found in suite via return from a fulfilled promise
            </failure>
        </testcase>
        <testcase classname="test/a-plus.spec.ts" name="via return from a rejected promise" time="0">
            <failure message="No test found in suite via return from a rejected promise" type="Error">
Error: No test found in suite via return from a rejected promise
            </failure>
        </testcase>
        <testcase classname="test/a-plus.spec.ts" name="2.3.3.3.2: If/when `rejectPromise` is called with reason `r`, reject `promise` with `r`" time="0.005">
            <failure message="No test found in suite 2.3.3.3.2: If/when `rejectPromise` is called with reason `r`, reject `promise` with `r`" type="Error">
Error: No test found in suite 2.3.3.3.2: If/when `rejectPromise` is called with reason `r`, reject `promise` with `r`
            </failure>
        </testcase>
        <testcase classname="test/a-plus.spec.ts" name="`r` is `undefined`" time="0.001">
            <failure message="No test found in suite `r` is `undefined`" type="Error">
Error: No test found in suite `r` is `undefined`
            </failure>
        </testcase>
        <testcase classname="test/a-plus.spec.ts" name="`then` calls `rejectPromise` synchronously" time="0.001">
            <failure message="No test found in suite `then` calls `rejectPromise` synchronously" type="Error">
Error: No test found in suite `then` calls `rejectPromise` synchronously
            </failure>
        </testcase>
        <testcase classname="test/a-plus.spec.ts" name="via return from a fulfilled promise" time="0">
            <failure message="No test found in suite via return from a fulfilled promise" type="Error">
Error: No test found in suite via return from a fulfilled promise
            </failure>
        </testcase>
        <testcase classname="test/a-plus.spec.ts" name="via return from a rejected promise" time="0.001">
            <failure message="No test found in suite via return from a rejected promise" type="Error">
Error: No test found in suite via return from a rejected promise
            </failure>
        </testcase>
        <testcase classname="test/a-plus.spec.ts" name="`then` calls `rejectPromise` asynchronously" time="0">
            <failure message="No test found in suite `then` calls `rejectPromise` asynchronously" type="Error">
Error: No test found in suite `then` calls `rejectPromise` asynchronously
            </failure>
        </testcase>
        <testcase classname="test/a-plus.spec.ts" name="via return from a fulfilled promise" time="0">
            <failure message="No test found in suite via return from a fulfilled promise" type="Error">
Error: No test found in suite via return from a fulfilled promise
            </failure>
        </testcase>
        <testcase classname="test/a-plus.spec.ts" name="via return from a rejected promise" time="0">
            <failure message="No test found in suite via return from a rejected promise" type="Error">
Error: No test found in suite via return from a rejected promise
            </failure>
        </testcase>
        <testcase classname="test/a-plus.spec.ts" name="`r` is `null`" time="0">
            <failure message="No test found in suite `r` is `null`" type="Error">
Error: No test found in suite `r` is `null`
            </failure>
        </testcase>
        <testcase classname="test/a-plus.spec.ts" name="`then` calls `rejectPromise` synchronously" time="0">
            <failure message="No test found in suite `then` calls `rejectPromise` synchronously" type="Error">
Error: No test found in suite `then` calls `rejectPromise` synchronously
            </failure>
        </testcase>
        <testcase classname="test/a-plus.spec.ts" name="via return from a fulfilled promise" time="0">
            <failure message="No test found in suite via return from a fulfilled promise" type="Error">
Error: No test found in suite via return from a fulfilled promise
            </failure>
        </testcase>
        <testcase classname="test/a-plus.spec.ts" name="via return from a rejected promise" time="0">
            <failure message="No test found in suite via return from a rejected promise" type="Error">
Error: No test found in suite via return from a rejected promise
            </failure>
        </testcase>
        <testcase classname="test/a-plus.spec.ts" name="`then` calls `rejectPromise` asynchronously" time="0">
            <failure message="No test found in suite `then` calls `rejectPromise` asynchronously" type="Error">
Error: No test found in suite `then` calls `rejectPromise` asynchronously
            </failure>
        </testcase>
        <testcase classname="test/a-plus.spec.ts" name="via return from a fulfilled promise" time="0">
            <failure message="No test found in suite via return from a fulfilled promise" type="Error">
Error: No test found in suite via return from a fulfilled promise
            </failure>
        </testcase>
        <testcase classname="test/a-plus.spec.ts" name="via return from a rejected promise" time="0">
            <failure message="No test found in suite via return from a rejected promise" type="Error">
Error: No test found in suite via return from a rejected promise
            </failure>
        </testcase>
        <testcase classname="test/a-plus.spec.ts" name="`r` is `false`" time="0.001">
            <failure message="No test found in suite `r` is `false`" type="Error">
Error: No test found in suite `r` is `false`
            </failure>
        </testcase>
        <testcase classname="test/a-plus.spec.ts" name="`then` calls `rejectPromise` synchronously" time="0">
            <failure message="No test found in suite `then` calls `rejectPromise` synchronously" type="Error">
Error: No test found in suite `then` calls `rejectPromise` synchronously
            </failure>
        </testcase>
        <testcase classname="test/a-plus.spec.ts" name="via return from a fulfilled promise" time="0">
            <failure message="No test found in suite via return from a fulfilled promise" type="Error">
Error: No test found in suite via return from a fulfilled promise
            </failure>
        </testcase>
        <testcase classname="test/a-plus.spec.ts" name="via return from a rejected promise" time="0">
            <failure message="No test found in suite via return from a rejected promise" type="Error">
Error: No test found in suite via return from a rejected promise
            </failure>
        </testcase>
        <testcase classname="test/a-plus.spec.ts" name="`then` calls `rejectPromise` asynchronously" time="0.001">
            <failure message="No test found in suite `then` calls `rejectPromise` asynchronously" type="Error">
Error: No test found in suite `then` calls `rejectPromise` asynchronously
            </failure>
        </testcase>
        <testcase classname="test/a-plus.spec.ts" name="via return from a fulfilled promise" time="0.001">
            <failure message="No test found in suite via return from a fulfilled promise" type="Error">
Error: No test found in suite via return from a fulfilled promise
            </failure>
        </testcase>
        <testcase classname="test/a-plus.spec.ts" name="via return from a rejected promise" time="0">
            <failure message="No test found in suite via return from a rejected promise" type="Error">
Error: No test found in suite via return from a rejected promise
            </failure>
        </testcase>
        <testcase classname="test/a-plus.spec.ts" name="`r` is `0`" time="0.001">
            <failure message="No test found in suite `r` is `0`" type="Error">
Error: No test found in suite `r` is `0`
            </failure>
        </testcase>
        <testcase classname="test/a-plus.spec.ts" name="`then` calls `rejectPromise` synchronously" time="0">
            <failure message="No test found in suite `then` calls `rejectPromise` synchronously" type="Error">
Error: No test found in suite `then` calls `rejectPromise` synchronously
            </failure>
        </testcase>
        <testcase classname="test/a-plus.spec.ts" name="via return from a fulfilled promise" time="0">
            <failure message="No test found in suite via return from a fulfilled promise" type="Error">
Error: No test found in suite via return from a fulfilled promise
            </failure>
        </testcase>
        <testcase classname="test/a-plus.spec.ts" name="via return from a rejected promise" time="0">
            <failure message="No test found in suite via return from a rejected promise" type="Error">
Error: No test found in suite via return from a rejected promise
            </failure>
        </testcase>
        <testcase classname="test/a-plus.spec.ts" name="`then` calls `rejectPromise` asynchronously" time="0.001">
            <failure message="No test found in suite `then` calls `rejectPromise` asynchronously" type="Error">
Error: No test found in suite `then` calls `rejectPromise` asynchronously
            </failure>
        </testcase>
        <testcase classname="test/a-plus.spec.ts" name="via return from a fulfilled promise" time="0">
            <failure message="No test found in suite via return from a fulfilled promise" type="Error">
Error: No test found in suite via return from a fulfilled promise
            </failure>
        </testcase>
        <testcase classname="test/a-plus.spec.ts" name="via return from a rejected promise" time="0">
            <failure message="No test found in suite via return from a rejected promise" type="Error">
Error: No test found in suite via return from a rejected promise
            </failure>
        </testcase>
        <testcase classname="test/a-plus.spec.ts" name="`r` is an error" time="0">
            <failure message="No test found in suite `r` is an error" type="Error">
Error: No test found in suite `r` is an error
            </failure>
        </testcase>
        <testcase classname="test/a-plus.spec.ts" name="`then` calls `rejectPromise` synchronously" time="0">
            <failure message="No test found in suite `then` calls `rejectPromise` synchronously" type="Error">
Error: No test found in suite `then` calls `rejectPromise` synchronously
            </failure>
        </testcase>
        <testcase classname="test/a-plus.spec.ts" name="via return from a fulfilled promise" time="0">
            <failure message="No test found in suite via return from a fulfilled promise" type="Error">
Error: No test found in suite via return from a fulfilled promise
            </failure>
        </testcase>
        <testcase classname="test/a-plus.spec.ts" name="via return from a rejected promise" time="0">
            <failure message="No test found in suite via return from a rejected promise" type="Error">
Error: No test found in suite via return from a rejected promise
            </failure>
        </testcase>
        <testcase classname="test/a-plus.spec.ts" name="`then` calls `rejectPromise` asynchronously" time="0">
            <failure message="No test found in suite `then` calls `rejectPromise` asynchronously" type="Error">
Error: No test found in suite `then` calls `rejectPromise` asynchronously
            </failure>
        </testcase>
        <testcase classname="test/a-plus.spec.ts" name="via return from a fulfilled promise" time="0">
            <failure message="No test found in suite via return from a fulfilled promise" type="Error">
Error: No test found in suite via return from a fulfilled promise
            </failure>
        </testcase>
        <testcase classname="test/a-plus.spec.ts" name="via return from a rejected promise" time="0">
            <failure message="No test found in suite via return from a rejected promise" type="Error">
Error: No test found in suite via return from a rejected promise
            </failure>
        </testcase>
        <testcase classname="test/a-plus.spec.ts" name="`r` is an error without a stack" time="0">
            <failure message="No test found in suite `r` is an error without a stack" type="Error">
Error: No test found in suite `r` is an error without a stack
            </failure>
        </testcase>
        <testcase classname="test/a-plus.spec.ts" name="`then` calls `rejectPromise` synchronously" time="0">
            <failure message="No test found in suite `then` calls `rejectPromise` synchronously" type="Error">
Error: No test found in suite `then` calls `rejectPromise` synchronously
            </failure>
        </testcase>
        <testcase classname="test/a-plus.spec.ts" name="via return from a fulfilled promise" time="0">
            <failure message="No test found in suite via return from a fulfilled promise" type="Error">
Error: No test found in suite via return from a fulfilled promise
            </failure>
        </testcase>
        <testcase classname="test/a-plus.spec.ts" name="via return from a rejected promise" time="0">
            <failure message="No test found in suite via return from a rejected promise" type="Error">
Error: No test found in suite via return from a rejected promise
            </failure>
        </testcase>
        <testcase classname="test/a-plus.spec.ts" name="`then` calls `rejectPromise` asynchronously" time="0">
            <failure message="No test found in suite `then` calls `rejectPromise` asynchronously" type="Error">
Error: No test found in suite `then` calls `rejectPromise` asynchronously
            </failure>
        </testcase>
        <testcase classname="test/a-plus.spec.ts" name="via return from a fulfilled promise" time="0">
            <failure message="No test found in suite via return from a fulfilled promise" type="Error">
Error: No test found in suite via return from a fulfilled promise
            </failure>
        </testcase>
        <testcase classname="test/a-plus.spec.ts" name="via return from a rejected promise" time="0">
            <failure message="No test found in suite via return from a rejected promise" type="Error">
Error: No test found in suite via return from a rejected promise
            </failure>
        </testcase>
        <testcase classname="test/a-plus.spec.ts" name="`r` is a date" time="0.001">
            <failure message="No test found in suite `r` is a date" type="Error">
Error: No test found in suite `r` is a date
            </failure>
        </testcase>
        <testcase classname="test/a-plus.spec.ts" name="`then` calls `rejectPromise` synchronously" time="0.001">
            <failure message="No test found in suite `then` calls `rejectPromise` synchronously" type="Error">
Error: No test found in suite `then` calls `rejectPromise` synchronously
            </failure>
        </testcase>
        <testcase classname="test/a-plus.spec.ts" name="via return from a fulfilled promise" time="0">
            <failure message="No test found in suite via return from a fulfilled promise" type="Error">
Error: No test found in suite via return from a fulfilled promise
            </failure>
        </testcase>
        <testcase classname="test/a-plus.spec.ts" name="via return from a rejected promise" time="0">
            <failure message="No test found in suite via return from a rejected promise" type="Error">
Error: No test found in suite via return from a rejected promise
            </failure>
        </testcase>
        <testcase classname="test/a-plus.spec.ts" name="`then` calls `rejectPromise` asynchronously" time="0">
            <failure message="No test found in suite `then` calls `rejectPromise` asynchronously" type="Error">
Error: No test found in suite `then` calls `rejectPromise` asynchronously
            </failure>
        </testcase>
        <testcase classname="test/a-plus.spec.ts" name="via return from a fulfilled promise" time="0">
            <failure message="No test found in suite via return from a fulfilled promise" type="Error">
Error: No test found in suite via return from a fulfilled promise
            </failure>
        </testcase>
        <testcase classname="test/a-plus.spec.ts" name="via return from a rejected promise" time="0">
            <failure message="No test found in suite via return from a rejected promise" type="Error">
Error: No test found in suite via return from a rejected promise
            </failure>
        </testcase>
        <testcase classname="test/a-plus.spec.ts" name="`r` is an object" time="0">
            <failure message="No test found in suite `r` is an object" type="Error">
Error: No test found in suite `r` is an object
            </failure>
        </testcase>
        <testcase classname="test/a-plus.spec.ts" name="`then` calls `rejectPromise` synchronously" time="0">
            <failure message="No test found in suite `then` calls `rejectPromise` synchronously" type="Error">
Error: No test found in suite `then` calls `rejectPromise` synchronously
            </failure>
        </testcase>
        <testcase classname="test/a-plus.spec.ts" name="via return from a fulfilled promise" time="0">
            <failure message="No test found in suite via return from a fulfilled promise" type="Error">
Error: No test found in suite via return from a fulfilled promise
            </failure>
        </testcase>
        <testcase classname="test/a-plus.spec.ts" name="via return from a rejected promise" time="0">
            <failure message="No test found in suite via return from a rejected promise" type="Error">
Error: No test found in suite via return from a rejected promise
            </failure>
        </testcase>
        <testcase classname="test/a-plus.spec.ts" name="`then` calls `rejectPromise` asynchronously" time="0">
            <failure message="No test found in suite `then` calls `rejectPromise` asynchronously" type="Error">
Error: No test found in suite `then` calls `rejectPromise` asynchronously
            </failure>
        </testcase>
        <testcase classname="test/a-plus.spec.ts" name="via return from a fulfilled promise" time="0">
            <failure message="No test found in suite via return from a fulfilled promise" type="Error">
Error: No test found in suite via return from a fulfilled promise
            </failure>
        </testcase>
        <testcase classname="test/a-plus.spec.ts" name="via return from a rejected promise" time="0">
            <failure message="No test found in suite via return from a rejected promise" type="Error">
Error: No test found in suite via return from a rejected promise
            </failure>
        </testcase>
        <testcase classname="test/a-plus.spec.ts" name="`r` is an always-pending thenable" time="0">
            <failure message="No test found in suite `r` is an always-pending thenable" type="Error">
Error: No test found in suite `r` is an always-pending thenable
            </failure>
        </testcase>
        <testcase classname="test/a-plus.spec.ts" name="`then` calls `rejectPromise` synchronously" time="0">
            <failure message="No test found in suite `then` calls `rejectPromise` synchronously" type="Error">
Error: No test found in suite `then` calls `rejectPromise` synchronously
            </failure>
        </testcase>
        <testcase classname="test/a-plus.spec.ts" name="via return from a fulfilled promise" time="0">
            <failure message="No test found in suite via return from a fulfilled promise" type="Error">
Error: No test found in suite via return from a fulfilled promise
            </failure>
        </testcase>
        <testcase classname="test/a-plus.spec.ts" name="via return from a rejected promise" time="0">
            <failure message="No test found in suite via return from a rejected promise" type="Error">
Error: No test found in suite via return from a rejected promise
            </failure>
        </testcase>
        <testcase classname="test/a-plus.spec.ts" name="`then` calls `rejectPromise` asynchronously" time="0">
            <failure message="No test found in suite `then` calls `rejectPromise` asynchronously" type="Error">
Error: No test found in suite `then` calls `rejectPromise` asynchronously
            </failure>
        </testcase>
        <testcase classname="test/a-plus.spec.ts" name="via return from a fulfilled promise" time="0">
            <failure message="No test found in suite via return from a fulfilled promise" type="Error">
Error: No test found in suite via return from a fulfilled promise
            </failure>
        </testcase>
        <testcase classname="test/a-plus.spec.ts" name="via return from a rejected promise" time="0">
            <failure message="No test found in suite via return from a rejected promise" type="Error">
Error: No test found in suite via return from a rejected promise
            </failure>
        </testcase>
        <testcase classname="test/a-plus.spec.ts" name="`r` is a fulfilled promise" time="0.001">
            <failure message="No test found in suite `r` is a fulfilled promise" type="Error">
Error: No test found in suite `r` is a fulfilled promise
            </failure>
        </testcase>
        <testcase classname="test/a-plus.spec.ts" name="`then` calls `rejectPromise` synchronously" time="0.001">
            <failure message="No test found in suite `then` calls `rejectPromise` synchronously" type="Error">
Error: No test found in suite `then` calls `rejectPromise` synchronously
            </failure>
        </testcase>
        <testcase classname="test/a-plus.spec.ts" name="via return from a fulfilled promise" time="0">
            <failure message="No test found in suite via return from a fulfilled promise" type="Error">
Error: No test found in suite via return from a fulfilled promise
            </failure>
        </testcase>
        <testcase classname="test/a-plus.spec.ts" name="via return from a rejected promise" time="0.001">
            <failure message="No test found in suite via return from a rejected promise" type="Error">
Error: No test found in suite via return from a rejected promise
            </failure>
        </testcase>
        <testcase classname="test/a-plus.spec.ts" name="`then` calls `rejectPromise` asynchronously" time="0">
            <failure message="No test found in suite `then` calls `rejectPromise` asynchronously" type="Error">
Error: No test found in suite `then` calls `rejectPromise` asynchronously
            </failure>
        </testcase>
        <testcase classname="test/a-plus.spec.ts" name="via return from a fulfilled promise" time="0">
            <failure message="No test found in suite via return from a fulfilled promise" type="Error">
Error: No test found in suite via return from a fulfilled promise
            </failure>
        </testcase>
        <testcase classname="test/a-plus.spec.ts" name="via return from a rejected promise" time="0">
            <failure message="No test found in suite via return from a rejected promise" type="Error">
Error: No test found in suite via return from a rejected promise
            </failure>
        </testcase>
        <testcase classname="test/a-plus.spec.ts" name="`r` is a rejected promise" time="0">
            <failure message="No test found in suite `r` is a rejected promise" type="Error">
Error: No test found in suite `r` is a rejected promise
            </failure>
        </testcase>
        <testcase classname="test/a-plus.spec.ts" name="`then` calls `rejectPromise` synchronously" time="0">
            <failure message="No test found in suite `then` calls `rejectPromise` synchronously" type="Error">
Error: No test found in suite `then` calls `rejectPromise` synchronously
            </failure>
        </testcase>
        <testcase classname="test/a-plus.spec.ts" name="via return from a fulfilled promise" time="0">
            <failure message="No test found in suite via return from a fulfilled promise" type="Error">
Error: No test found in suite via return from a fulfilled promise
            </failure>
        </testcase>
        <testcase classname="test/a-plus.spec.ts" name="via return from a rejected promise" time="0">
            <failure message="No test found in suite via return from a rejected promise" type="Error">
Error: No test found in suite via return from a rejected promise
            </failure>
        </testcase>
        <testcase classname="test/a-plus.spec.ts" name="`then` calls `rejectPromise` asynchronously" time="0">
            <failure message="No test found in suite `then` calls `rejectPromise` asynchronously" type="Error">
Error: No test found in suite `then` calls `rejectPromise` asynchronously
            </failure>
        </testcase>
        <testcase classname="test/a-plus.spec.ts" name="via return from a fulfilled promise" time="0">
            <failure message="No test found in suite via return from a fulfilled promise" type="Error">
Error: No test found in suite via return from a fulfilled promise
            </failure>
        </testcase>
        <testcase classname="test/a-plus.spec.ts" name="via return from a rejected promise" time="0">
            <failure message="No test found in suite via return from a rejected promise" type="Error">
Error: No test found in suite via return from a rejected promise
            </failure>
        </testcase>
        <testcase classname="test/a-plus.spec.ts" name="2.3.3.3.3: If both `resolvePromise` and `rejectPromise` are called, or multiple calls to the same argument are made, the first call takes precedence, and any further calls are ignored." time="0.003">
            <failure message="No test found in suite 2.3.3.3.3: If both `resolvePromise` and `rejectPromise` are called, or multiple calls to the same argument are made, the first call takes precedence, and any further calls are ignored." type="Error">
Error: No test found in suite 2.3.3.3.3: If both `resolvePromise` and `rejectPromise` are called, or multiple calls to the same argument are made, the first call takes precedence, and any further calls are ignored.
            </failure>
        </testcase>
        <testcase classname="test/a-plus.spec.ts" name="calling `resolvePromise` then `rejectPromise`, both synchronously" time="0">
            <failure message="No test found in suite calling `resolvePromise` then `rejectPromise`, both synchronously" type="Error">
Error: No test found in suite calling `resolvePromise` then `rejectPromise`, both synchronously
            </failure>
        </testcase>
        <testcase classname="test/a-plus.spec.ts" name="via return from a fulfilled promise" time="0">
            <failure message="No test found in suite via return from a fulfilled promise" type="Error">
Error: No test found in suite via return from a fulfilled promise
            </failure>
        </testcase>
        <testcase classname="test/a-plus.spec.ts" name="via return from a rejected promise" time="0">
            <failure message="No test found in suite via return from a rejected promise" type="Error">
Error: No test found in suite via return from a rejected promise
            </failure>
        </testcase>
        <testcase classname="test/a-plus.spec.ts" name="calling `resolvePromise` synchronously then `rejectPromise` asynchronously" time="0.001">
            <failure message="No test found in suite calling `resolvePromise` synchronously then `rejectPromise` asynchronously" type="Error">
Error: No test found in suite calling `resolvePromise` synchronously then `rejectPromise` asynchronously
            </failure>
        </testcase>
        <testcase classname="test/a-plus.spec.ts" name="via return from a fulfilled promise" time="0">
            <failure message="No test found in suite via return from a fulfilled promise" type="Error">
Error: No test found in suite via return from a fulfilled promise
            </failure>
        </testcase>
        <testcase classname="test/a-plus.spec.ts" name="via return from a rejected promise" time="0">
            <failure message="No test found in suite via return from a rejected promise" type="Error">
Error: No test found in suite via return from a rejected promise
            </failure>
        </testcase>
        <testcase classname="test/a-plus.spec.ts" name="calling `resolvePromise` then `rejectPromise`, both asynchronously" time="0">
            <failure message="No test found in suite calling `resolvePromise` then `rejectPromise`, both asynchronously" type="Error">
Error: No test found in suite calling `resolvePromise` then `rejectPromise`, both asynchronously
            </failure>
        </testcase>
        <testcase classname="test/a-plus.spec.ts" name="via return from a fulfilled promise" time="0">
            <failure message="No test found in suite via return from a fulfilled promise" type="Error">
Error: No test found in suite via return from a fulfilled promise
            </failure>
        </testcase>
        <testcase classname="test/a-plus.spec.ts" name="via return from a rejected promise" time="0">
            <failure message="No test found in suite via return from a rejected promise" type="Error">
Error: No test found in suite via return from a rejected promise
            </failure>
        </testcase>
        <testcase classname="test/a-plus.spec.ts" name="calling `resolvePromise` with an asynchronously-fulfilled promise, then calling `rejectPromise`, both synchronously" time="0">
            <failure message="No test found in suite calling `resolvePromise` with an asynchronously-fulfilled promise, then calling `rejectPromise`, both synchronously" type="Error">
Error: No test found in suite calling `resolvePromise` with an asynchronously-fulfilled promise, then calling `rejectPromise`, both synchronously
            </failure>
        </testcase>
        <testcase classname="test/a-plus.spec.ts" name="via return from a fulfilled promise" time="0">
            <failure message="No test found in suite via return from a fulfilled promise" type="Error">
Error: No test found in suite via return from a fulfilled promise
            </failure>
        </testcase>
        <testcase classname="test/a-plus.spec.ts" name="via return from a rejected promise" time="0">
            <failure message="No test found in suite via return from a rejected promise" type="Error">
Error: No test found in suite via return from a rejected promise
            </failure>
        </testcase>
        <testcase classname="test/a-plus.spec.ts" name="calling `resolvePromise` with an asynchronously-rejected promise, then calling `rejectPromise`, both synchronously" time="0">
            <failure message="No test found in suite calling `resolvePromise` with an asynchronously-rejected promise, then calling `rejectPromise`, both synchronously" type="Error">
Error: No test found in suite calling `resolvePromise` with an asynchronously-rejected promise, then calling `rejectPromise`, both synchronously
            </failure>
        </testcase>
        <testcase classname="test/a-plus.spec.ts" name="via return from a fulfilled promise" time="0">
            <failure message="No test found in suite via return from a fulfilled promise" type="Error">
Error: No test found in suite via return from a fulfilled promise
            </failure>
        </testcase>
        <testcase classname="test/a-plus.spec.ts" name="via return from a rejected promise" time="0">
            <failure message="No test found in suite via return from a rejected promise" type="Error">
Error: No test found in suite via return from a rejected promise
            </failure>
        </testcase>
        <testcase classname="test/a-plus.spec.ts" name="calling `rejectPromise` then `resolvePromise`, both synchronously" time="0">
            <failure message="No test found in suite calling `rejectPromise` then `resolvePromise`, both synchronously" type="Error">
Error: No test found in suite calling `rejectPromise` then `resolvePromise`, both synchronously
            </failure>
        </testcase>
        <testcase classname="test/a-plus.spec.ts" name="via return from a fulfilled promise" time="0">
            <failure message="No test found in suite via return from a fulfilled promise" type="Error">
Error: No test found in suite via return from a fulfilled promise
            </failure>
        </testcase>
        <testcase classname="test/a-plus.spec.ts" name="via return from a rejected promise" time="0">
            <failure message="No test found in suite via return from a rejected promise" type="Error">
Error: No test found in suite via return from a rejected promise
            </failure>
        </testcase>
        <testcase classname="test/a-plus.spec.ts" name="calling `rejectPromise` synchronously then `resolvePromise` asynchronously" time="0">
            <failure message="No test found in suite calling `rejectPromise` synchronously then `resolvePromise` asynchronously" type="Error">
Error: No test found in suite calling `rejectPromise` synchronously then `resolvePromise` asynchronously
            </failure>
        </testcase>
        <testcase classname="test/a-plus.spec.ts" name="via return from a fulfilled promise" time="0">
            <failure message="No test found in suite via return from a fulfilled promise" type="Error">
Error: No test found in suite via return from a fulfilled promise
            </failure>
        </testcase>
        <testcase classname="test/a-plus.spec.ts" name="via return from a rejected promise" time="0">
            <failure message="No test found in suite via return from a rejected promise" type="Error">
Error: No test found in suite via return from a rejected promise
            </failure>
        </testcase>
        <testcase classname="test/a-plus.spec.ts" name="calling `rejectPromise` then `resolvePromise`, both asynchronously" time="0">
            <failure message="No test found in suite calling `rejectPromise` then `resolvePromise`, both asynchronously" type="Error">
Error: No test found in suite calling `rejectPromise` then `resolvePromise`, both asynchronously
            </failure>
        </testcase>
        <testcase classname="test/a-plus.spec.ts" name="via return from a fulfilled promise" time="0">
            <failure message="No test found in suite via return from a fulfilled promise" type="Error">
Error: No test found in suite via return from a fulfilled promise
            </failure>
        </testcase>
        <testcase classname="test/a-plus.spec.ts" name="via return from a rejected promise" time="0">
            <failure message="No test found in suite via return from a rejected promise" type="Error">
Error: No test found in suite via return from a rejected promise
            </failure>
        </testcase>
        <testcase classname="test/a-plus.spec.ts" name="calling `resolvePromise` twice synchronously" time="0.001">
            <failure message="No test found in suite calling `resolvePromise` twice synchronously" type="Error">
Error: No test found in suite calling `resolvePromise` twice synchronously
            </failure>
        </testcase>
        <testcase classname="test/a-plus.spec.ts" name="via return from a fulfilled promise" time="0.001">
            <failure message="No test found in suite via return from a fulfilled promise" type="Error">
Error: No test found in suite via return from a fulfilled promise
            </failure>
        </testcase>
        <testcase classname="test/a-plus.spec.ts" name="via return from a rejected promise" time="0">
            <failure message="No test found in suite via return from a rejected promise" type="Error">
Error: No test found in suite via return from a rejected promise
            </failure>
        </testcase>
        <testcase classname="test/a-plus.spec.ts" name="calling `resolvePromise` twice, first synchronously then asynchronously" time="0">
            <failure message="No test found in suite calling `resolvePromise` twice, first synchronously then asynchronously" type="Error">
Error: No test found in suite calling `resolvePromise` twice, first synchronously then asynchronously
            </failure>
        </testcase>
        <testcase classname="test/a-plus.spec.ts" name="via return from a fulfilled promise" time="0">
            <failure message="No test found in suite via return from a fulfilled promise" type="Error">
Error: No test found in suite via return from a fulfilled promise
            </failure>
        </testcase>
        <testcase classname="test/a-plus.spec.ts" name="via return from a rejected promise" time="0">
            <failure message="No test found in suite via return from a rejected promise" type="Error">
Error: No test found in suite via return from a rejected promise
            </failure>
        </testcase>
        <testcase classname="test/a-plus.spec.ts" name="calling `resolvePromise` twice, both times asynchronously" time="0">
            <failure message="No test found in suite calling `resolvePromise` twice, both times asynchronously" type="Error">
Error: No test found in suite calling `resolvePromise` twice, both times asynchronously
            </failure>
        </testcase>
        <testcase classname="test/a-plus.spec.ts" name="via return from a fulfilled promise" time="0">
            <failure message="No test found in suite via return from a fulfilled promise" type="Error">
Error: No test found in suite via return from a fulfilled promise
            </failure>
        </testcase>
        <testcase classname="test/a-plus.spec.ts" name="via return from a rejected promise" time="0">
            <failure message="No test found in suite via return from a rejected promise" type="Error">
Error: No test found in suite via return from a rejected promise
            </failure>
        </testcase>
        <testcase classname="test/a-plus.spec.ts" name="calling `resolvePromise` with an asynchronously-fulfilled promise, then calling it again, both times synchronously" time="0">
            <failure message="No test found in suite calling `resolvePromise` with an asynchronously-fulfilled promise, then calling it again, both times synchronously" type="Error">
Error: No test found in suite calling `resolvePromise` with an asynchronously-fulfilled promise, then calling it again, both times synchronously
            </failure>
        </testcase>
        <testcase classname="test/a-plus.spec.ts" name="via return from a fulfilled promise" time="0">
            <failure message="No test found in suite via return from a fulfilled promise" type="Error">
Error: No test found in suite via return from a fulfilled promise
            </failure>
        </testcase>
        <testcase classname="test/a-plus.spec.ts" name="via return from a rejected promise" time="0">
            <failure message="No test found in suite via return from a rejected promise" type="Error">
Error: No test found in suite via return from a rejected promise
            </failure>
        </testcase>
        <testcase classname="test/a-plus.spec.ts" name="calling `resolvePromise` with an asynchronously-rejected promise, then calling it again, both times synchronously" time="0">
            <failure message="No test found in suite calling `resolvePromise` with an asynchronously-rejected promise, then calling it again, both times synchronously" type="Error">
Error: No test found in suite calling `resolvePromise` with an asynchronously-rejected promise, then calling it again, both times synchronously
            </failure>
        </testcase>
        <testcase classname="test/a-plus.spec.ts" name="via return from a fulfilled promise" time="0">
            <failure message="No test found in suite via return from a fulfilled promise" type="Error">
Error: No test found in suite via return from a fulfilled promise
            </failure>
        </testcase>
        <testcase classname="test/a-plus.spec.ts" name="via return from a rejected promise" time="0">
            <failure message="No test found in suite via return from a rejected promise" type="Error">
Error: No test found in suite via return from a rejected promise
            </failure>
        </testcase>
        <testcase classname="test/a-plus.spec.ts" name="calling `rejectPromise` twice synchronously" time="0">
            <failure message="No test found in suite calling `rejectPromise` twice synchronously" type="Error">
Error: No test found in suite calling `rejectPromise` twice synchronously
            </failure>
        </testcase>
        <testcase classname="test/a-plus.spec.ts" name="via return from a fulfilled promise" time="0">
            <failure message="No test found in suite via return from a fulfilled promise" type="Error">
Error: No test found in suite via return from a fulfilled promise
            </failure>
        </testcase>
        <testcase classname="test/a-plus.spec.ts" name="via return from a rejected promise" time="0">
            <failure message="No test found in suite via return from a rejected promise" type="Error">
Error: No test found in suite via return from a rejected promise
            </failure>
        </testcase>
        <testcase classname="test/a-plus.spec.ts" name="calling `rejectPromise` twice, first synchronously then asynchronously" time="0.001">
            <failure message="No test found in suite calling `rejectPromise` twice, first synchronously then asynchronously" type="Error">
Error: No test found in suite calling `rejectPromise` twice, first synchronously then asynchronously
            </failure>
        </testcase>
        <testcase classname="test/a-plus.spec.ts" name="via return from a fulfilled promise" time="0.001">
            <failure message="No test found in suite via return from a fulfilled promise" type="Error">
Error: No test found in suite via return from a fulfilled promise
            </failure>
        </testcase>
        <testcase classname="test/a-plus.spec.ts" name="via return from a rejected promise" time="0">
            <failure message="No test found in suite via return from a rejected promise" type="Error">
Error: No test found in suite via return from a rejected promise
            </failure>
        </testcase>
        <testcase classname="test/a-plus.spec.ts" name="calling `rejectPromise` twice, both times asynchronously" time="0">
            <failure message="No test found in suite calling `rejectPromise` twice, both times asynchronously" type="Error">
Error: No test found in suite calling `rejectPromise` twice, both times asynchronously
            </failure>
        </testcase>
        <testcase classname="test/a-plus.spec.ts" name="via return from a fulfilled promise" time="0">
            <failure message="No test found in suite via return from a fulfilled promise" type="Error">
Error: No test found in suite via return from a fulfilled promise
            </failure>
        </testcase>
        <testcase classname="test/a-plus.spec.ts" name="via return from a rejected promise" time="0">
            <failure message="No test found in suite via return from a rejected promise" type="Error">
Error: No test found in suite via return from a rejected promise
            </failure>
        </testcase>
        <testcase classname="test/a-plus.spec.ts" name="saving and abusing `resolvePromise` and `rejectPromise`" time="0">
            <failure message="No test found in suite saving and abusing `resolvePromise` and `rejectPromise`" type="Error">
Error: No test found in suite saving and abusing `resolvePromise` and `rejectPromise`
            </failure>
        </testcase>
        <testcase classname="test/a-plus.spec.ts" name="via return from a fulfilled promise" time="0">
            <failure message="No test found in suite via return from a fulfilled promise" type="Error">
Error: No test found in suite via return from a fulfilled promise
            </failure>
        </testcase>
        <testcase classname="test/a-plus.spec.ts" name="via return from a rejected promise" time="0">
            <failure message="No test found in suite via return from a rejected promise" type="Error">
Error: No test found in suite via return from a rejected promise
            </failure>
        </testcase>
        <testcase classname="test/a-plus.spec.ts" name="2.3.3.3.4: If calling `then` throws an exception `e`," time="0.002">
            <failure message="No test found in suite 2.3.3.3.4: If calling `then` throws an exception `e`," type="Error">
Error: No test found in suite 2.3.3.3.4: If calling `then` throws an exception `e`,
            </failure>
        </testcase>
        <testcase classname="test/a-plus.spec.ts" name="2.3.3.3.4.1: If `resolvePromise` or `rejectPromise` have been called, ignore it." time="0.001">
            <failure message="No test found in suite 2.3.3.3.4.1: If `resolvePromise` or `rejectPromise` have been called, ignore it." type="Error">
Error: No test found in suite 2.3.3.3.4.1: If `resolvePromise` or `rejectPromise` have been called, ignore it.
            </failure>
        </testcase>
        <testcase classname="test/a-plus.spec.ts" name="`resolvePromise` was called with a non-thenable" time="0">
            <failure message="No test found in suite `resolvePromise` was called with a non-thenable" type="Error">
Error: No test found in suite `resolvePromise` was called with a non-thenable
            </failure>
        </testcase>
        <testcase classname="test/a-plus.spec.ts" name="via return from a fulfilled promise" time="0">
            <failure message="No test found in suite via return from a fulfilled promise" type="Error">
Error: No test found in suite via return from a fulfilled promise
            </failure>
        </testcase>
        <testcase classname="test/a-plus.spec.ts" name="via return from a rejected promise" time="0">
            <failure message="No test found in suite via return from a rejected promise" type="Error">
Error: No test found in suite via return from a rejected promise
            </failure>
        </testcase>
        <testcase classname="test/a-plus.spec.ts" name="`resolvePromise` was called with an asynchronously-fulfilled promise" time="0">
            <failure message="No test found in suite `resolvePromise` was called with an asynchronously-fulfilled promise" type="Error">
Error: No test found in suite `resolvePromise` was called with an asynchronously-fulfilled promise
            </failure>
        </testcase>
        <testcase classname="test/a-plus.spec.ts" name="via return from a fulfilled promise" time="0">
            <failure message="No test found in suite via return from a fulfilled promise" type="Error">
Error: No test found in suite via return from a fulfilled promise
            </failure>
        </testcase>
        <testcase classname="test/a-plus.spec.ts" name="via return from a rejected promise" time="0">
            <failure message="No test found in suite via return from a rejected promise" type="Error">
Error: No test found in suite via return from a rejected promise
            </failure>
        </testcase>
        <testcase classname="test/a-plus.spec.ts" name="`resolvePromise` was called with an asynchronously-rejected promise" time="0.001">
            <failure message="No test found in suite `resolvePromise` was called with an asynchronously-rejected promise" type="Error">
Error: No test found in suite `resolvePromise` was called with an asynchronously-rejected promise
            </failure>
        </testcase>
        <testcase classname="test/a-plus.spec.ts" name="via return from a fulfilled promise" time="0">
            <failure message="No test found in suite via return from a fulfilled promise" type="Error">
Error: No test found in suite via return from a fulfilled promise
            </failure>
        </testcase>
        <testcase classname="test/a-plus.spec.ts" name="via return from a rejected promise" time="0">
            <failure message="No test found in suite via return from a rejected promise" type="Error">
Error: No test found in suite via return from a rejected promise
            </failure>
        </testcase>
        <testcase classname="test/a-plus.spec.ts" name="`rejectPromise` was called" time="0">
            <failure message="No test found in suite `rejectPromise` was called" type="Error">
Error: No test found in suite `rejectPromise` was called
            </failure>
        </testcase>
        <testcase classname="test/a-plus.spec.ts" name="via return from a fulfilled promise" time="0">
            <failure message="No test found in suite via return from a fulfilled promise" type="Error">
Error: No test found in suite via return from a fulfilled promise
            </failure>
        </testcase>
        <testcase classname="test/a-plus.spec.ts" name="via return from a rejected promise" time="0">
            <failure message="No test found in suite via return from a rejected promise" type="Error">
Error: No test found in suite via return from a rejected promise
            </failure>
        </testcase>
        <testcase classname="test/a-plus.spec.ts" name="`resolvePromise` then `rejectPromise` were called" time="0">
            <failure message="No test found in suite `resolvePromise` then `rejectPromise` were called" type="Error">
Error: No test found in suite `resolvePromise` then `rejectPromise` were called
            </failure>
        </testcase>
        <testcase classname="test/a-plus.spec.ts" name="via return from a fulfilled promise" time="0">
            <failure message="No test found in suite via return from a fulfilled promise" type="Error">
Error: No test found in suite via return from a fulfilled promise
            </failure>
        </testcase>
        <testcase classname="test/a-plus.spec.ts" name="via return from a rejected promise" time="0">
            <failure message="No test found in suite via return from a rejected promise" type="Error">
Error: No test found in suite via return from a rejected promise
            </failure>
        </testcase>
        <testcase classname="test/a-plus.spec.ts" name="`rejectPromise` then `resolvePromise` were called" time="0">
            <failure message="No test found in suite `rejectPromise` then `resolvePromise` were called" type="Error">
Error: No test found in suite `rejectPromise` then `resolvePromise` were called
            </failure>
        </testcase>
        <testcase classname="test/a-plus.spec.ts" name="via return from a fulfilled promise" time="0">
            <failure message="No test found in suite via return from a fulfilled promise" type="Error">
Error: No test found in suite via return from a fulfilled promise
            </failure>
        </testcase>
        <testcase classname="test/a-plus.spec.ts" name="via return from a rejected promise" time="0">
            <failure message="No test found in suite via return from a rejected promise" type="Error">
Error: No test found in suite via return from a rejected promise
            </failure>
        </testcase>
        <testcase classname="test/a-plus.spec.ts" name="2.3.3.3.4.2: Otherwise, reject `promise` with `e` as the reason." time="0.001">
            <failure message="No test found in suite 2.3.3.3.4.2: Otherwise, reject `promise` with `e` as the reason." type="Error">
Error: No test found in suite 2.3.3.3.4.2: Otherwise, reject `promise` with `e` as the reason.
            </failure>
        </testcase>
        <testcase classname="test/a-plus.spec.ts" name="straightforward case" time="0">
            <failure message="No test found in suite straightforward case" type="Error">
Error: No test found in suite straightforward case
            </failure>
        </testcase>
        <testcase classname="test/a-plus.spec.ts" name="via return from a fulfilled promise" time="0">
            <failure message="No test found in suite via return from a fulfilled promise" type="Error">
Error: No test found in suite via return from a fulfilled promise
            </failure>
        </testcase>
        <testcase classname="test/a-plus.spec.ts" name="via return from a rejected promise" time="0">
            <failure message="No test found in suite via return from a rejected promise" type="Error">
Error: No test found in suite via return from a rejected promise
            </failure>
        </testcase>
        <testcase classname="test/a-plus.spec.ts" name="`resolvePromise` is called asynchronously before the `throw`" time="0">
            <failure message="No test found in suite `resolvePromise` is called asynchronously before the `throw`" type="Error">
Error: No test found in suite `resolvePromise` is called asynchronously before the `throw`
            </failure>
        </testcase>
        <testcase classname="test/a-plus.spec.ts" name="via return from a fulfilled promise" time="0">
            <failure message="No test found in suite via return from a fulfilled promise" type="Error">
Error: No test found in suite via return from a fulfilled promise
            </failure>
        </testcase>
        <testcase classname="test/a-plus.spec.ts" name="via return from a rejected promise" time="0">
            <failure message="No test found in suite via return from a rejected promise" type="Error">
Error: No test found in suite via return from a rejected promise
            </failure>
        </testcase>
        <testcase classname="test/a-plus.spec.ts" name="`rejectPromise` is called asynchronously before the `throw`" time="0.001">
            <failure message="No test found in suite `rejectPromise` is called asynchronously before the `throw`" type="Error">
Error: No test found in suite `rejectPromise` is called asynchronously before the `throw`
            </failure>
        </testcase>
        <testcase classname="test/a-plus.spec.ts" name="via return from a fulfilled promise" time="0">
            <failure message="No test found in suite via return from a fulfilled promise" type="Error">
Error: No test found in suite via return from a fulfilled promise
            </failure>
        </testcase>
        <testcase classname="test/a-plus.spec.ts" name="via return from a rejected promise" time="0">
            <failure message="No test found in suite via return from a rejected promise" type="Error">
Error: No test found in suite via return from a rejected promise
            </failure>
        </testcase>
        <testcase classname="test/a-plus.spec.ts" name="eventually-fulfilled" time="0">
            <failure message="No test found in suite eventually-fulfilled" type="Error">
Error: No test found in suite eventually-fulfilled
            </failure>
        </testcase>
        <testcase classname="test/a-plus.spec.ts" name="eventually-rejected" time="0">
            <failure message="No test found in suite eventually-rejected" type="Error">
Error: No test found in suite eventually-rejected
            </failure>
        </testcase>
        <testcase classname="test/a-plus.spec.ts" name="eventually-fulfilled" time="0">
            <failure message="No test found in suite eventually-fulfilled" type="Error">
Error: No test found in suite eventually-fulfilled
            </failure>
        </testcase>
        <testcase classname="test/a-plus.spec.ts" name="eventually-rejected" time="0">
            <failure message="No test found in suite eventually-rejected" type="Error">
Error: No test found in suite eventually-rejected
            </failure>
        </testcase>
        <testcase classname="test/a-plus.spec.ts" name="eventually-fulfilled" time="0">
            <failure message="No test found in suite eventually-fulfilled" type="Error">
Error: No test found in suite eventually-fulfilled
            </failure>
        </testcase>
        <testcase classname="test/a-plus.spec.ts" name="eventually-rejected" time="0">
            <failure message="No test found in suite eventually-rejected" type="Error">
Error: No test found in suite eventually-rejected
            </failure>
        </testcase>
        <testcase classname="test/a-plus.spec.ts" name="eventually-fulfilled" time="0">
            <failure message="No test found in suite eventually-fulfilled" type="Error">
Error: No test found in suite eventually-fulfilled
            </failure>
        </testcase>
        <testcase classname="test/a-plus.spec.ts" name="eventually-rejected" time="0">
            <failure message="No test found in suite eventually-rejected" type="Error">
Error: No test found in suite eventually-rejected
            </failure>
        </testcase>
        <testcase classname="test/a-plus.spec.ts" name="eventually-fulfilled" time="0">
            <failure message="No test found in suite eventually-fulfilled" type="Error">
Error: No test found in suite eventually-fulfilled
            </failure>
        </testcase>
        <testcase classname="test/a-plus.spec.ts" name="eventually-rejected" time="0.001">
            <failure message="No test found in suite eventually-rejected" type="Error">
Error: No test found in suite eventually-rejected
            </failure>
        </testcase>
        <testcase classname="test/a-plus.spec.ts" name="eventually-fulfilled" time="0">
            <failure message="No test found in suite eventually-fulfilled" type="Error">
Error: No test found in suite eventually-fulfilled
            </failure>
        </testcase>
        <testcase classname="test/a-plus.spec.ts" name="eventually-rejected" time="0">
            <failure message="No test found in suite eventually-rejected" type="Error">
Error: No test found in suite eventually-rejected
            </failure>
        </testcase>
        <testcase classname="test/a-plus.spec.ts" name="eventually-fulfilled" time="0">
            <failure message="No test found in suite eventually-fulfilled" type="Error">
Error: No test found in suite eventually-fulfilled
            </failure>
        </testcase>
        <testcase classname="test/a-plus.spec.ts" name="eventually-rejected" time="0">
            <failure message="No test found in suite eventually-rejected" type="Error">
Error: No test found in suite eventually-rejected
            </failure>
        </testcase>
    </testsuite>
</testsuites>
